<html>
<body>
<pre>
<h1>µVision Build Log</h1>
<h2>Tool Versions:</h2>
IDE-Version: µVision V5.24.2.0
Copyright (C) 2017 ARM Ltd and ARM Germany GmbH. All rights reserved.
License Information: 12 21, 1111, LIC=CRMMM-X0KIE-KSWYM-XZTSP-58IHZ-8HFWL
 
Tool Versions:
Toolchain:       MDK-ARM Professional  Version: 5.24.1
Toolchain Path:  C:\Keil_v5\ARM\ARMCC\Bin
C Compiler:      Armcc.exe V5.06 update 5 (build 528)
Assembler:       Armasm.exe V5.06 update 5 (build 528)
Linker/Locator:  ArmLink.exe V5.06 update 5 (build 528)
Library Manager: ArmAr.exe V5.06 update 5 (build 528)
Hex Converter:   FromElf.exe V5.06 update 5 (build 528)
CPU DLL:         SARMCM3.DLL V5.24.1
Dialog DLL:      DCM.DLL V1.16.0.0
Target DLL:      STLink\ST-LINKIII-KEIL_SWO.dll V3.0.1.0
Dialog DLL:      TCM.DLL V1.32.0.0
 
<h2>Project:</h2>
C:\Users\kochn\Desktop\inprogress\CONVECTOR_FIRMWARES\actual_app_inverter_goldair_onGD32\Inverter_3.0_GD\MDK_ARM\inverter_ballu_gd.uvprojx
Project File Date:  11/27/2020

<h2>Output:</h2>
*** Using Compiler 'V5.06 update 5 (build 528)', folder: 'C:\Keil_v5\ARM\ARMCC\Bin'
Rebuild target 'inverter_ballu_gd'
compiling systick.c...
compiling gd32f3x0_it.c...
compiling main.c...
compiling crc32.cpp...
compiling wifi.c...
compiling Pixels.cpp...
assembling startup_gd32f3x0.s...
compiling system_gd32f3x0.c...
compiling gd32f3x0_cec.c...
compiling inverter.c...
compiling gd32f3x0_adc.c...
compiling gd32f3x0_cmp.c...
compiling gd32f3x0_dac.c...
compiling gd32f3x0_crc.c...
compiling gd32f3x0_ctc.c...
compiling gd32f3x0_dbg.c...
compiling gd32f3x0_dma.c...
compiling gd32f3x0_exti.c...
compiling gd32f3x0_fwdgt.c...
compiling gd32f3x0_fmc.c...
compiling gd32f3x0_gpio.c...
compiling gd32f3x0_misc.c...
compiling gd32f3x0_i2c.c...
compiling gd32f3x0_pmu.c...
compiling gd32f3x0_rtc.c...
compiling gd32f3x0_rcu.c...
compiling gd32f3x0_spi.c...
compiling gd32f3x0_syscfg.c...
compiling gd32f3x0_tsi.c...
compiling gd32f3x0_timer.c...
compiling gd32f3x0_wwdgt.c...
compiling gd32f3x0_usart.c...
linking...
Program Size: Code=46708 RO-data=78812 RW-data=1044 ZI-data=7908  
FromELF: creating hex file...
".\Objects\inverter_ballu_gd.axf" - 0 Error(s), 0 Warning(s).

<h2>Software Packages used:</h2>

Package Vendor: GigaDevice
                http://gd32mcu.com/data/documents/pack/GigaDevice.GD32F3x0_DFP.2.0.0.pack
                GigaDevice.GD32F3x0_DFP.2.0.0
                GigaDevice GD32F3x0 Series Device Support and Examples

<h2>Collection of Component include folders:</h2>
  .\RTE\_inverter_ballu_gd
  C:\Keil_v5\ARM\PACK\GigaDevice\GD32F3x0_DFP\2.0.0\Device\Include

<h2>Collection of Component Files used:</h2>
Build Time Elapsed:  00:00:04
</pre>
</body>
</html>
