Component: ARM Compiler 5.06 update 5 (build 528) Tool: armlink [4d35e2]

==============================================================================

Section Cross References

    gd32f3x0_it.o(i.SysTick_Handler) refers to systick.o(i.delay_decrement) for delay_decrement
    gd32f3x0_it.o(i.SysTick_Handler) refers to systick.o(i.SystemTickInc) for SystemTickInc
    gd32f3x0_it.o(i.TIMER13_IRQHandler) refers to gd32f3x0_timer.o(i.timer_interrupt_flag_get) for timer_interrupt_flag_get
    gd32f3x0_it.o(i.TIMER13_IRQHandler) refers to gd32f3x0_timer.o(i.timer_interrupt_flag_clear) for timer_interrupt_flag_clear
    gd32f3x0_it.o(i.TIMER13_IRQHandler) refers to main.o(i.TIMER_Heat_callback) for TIMER_Heat_callback
    gd32f3x0_it.o(i.USART1_IRQHandler) refers to gd32f3x0_usart.o(i.usart_interrupt_flag_get) for usart_interrupt_flag_get
    gd32f3x0_it.o(i.USART1_IRQHandler) refers to main.o(i.receive_uart_int) for receive_uart_int
    gd32f3x0_it.o(i.USART1_IRQHandler) refers to gd32f3x0_usart.o(i.usart_interrupt_flag_clear) for usart_interrupt_flag_clear
    gd32f3x0_it.o(i.USART1_IRQHandler) refers to main.o(.data) for idle_flag_stat
    main.o(i._Z10adc_configv) refers to gd32f3x0_adc.o(i.adc_special_function_config) for adc_special_function_config
    main.o(i._Z10adc_configv) refers to gd32f3x0_adc.o(i.adc_channel_length_config) for adc_channel_length_config
    main.o(i._Z10adc_configv) refers to gd32f3x0_adc.o(i.adc_regular_channel_config) for adc_regular_channel_config
    main.o(i._Z10adc_configv) refers to gd32f3x0_adc.o(i.adc_resolution_config) for adc_resolution_config
    main.o(i._Z10adc_configv) refers to gd32f3x0_adc.o(i.adc_external_trigger_config) for adc_external_trigger_config
    main.o(i._Z10adc_configv) refers to gd32f3x0_adc.o(i.adc_external_trigger_source_config) for adc_external_trigger_source_config
    main.o(i._Z10adc_configv) refers to gd32f3x0_adc.o(i.adc_data_alignment_config) for adc_data_alignment_config
    main.o(i._Z10adc_configv) refers to gd32f3x0_adc.o(i.adc_enable) for adc_enable
    main.o(i._Z10adc_configv) refers to systick.o(i.delay_1ms) for delay_1ms
    main.o(i._Z10adc_configv) refers to gd32f3x0_adc.o(i.adc_calibration_enable) for adc_calibration_enable
    main.o(i._Z10adc_configv) refers to gd32f3x0_adc.o(i.adc_software_trigger_enable) for adc_software_trigger_enable
    main.o(i._Z10i2c_configv) refers to gd32f3x0_i2c.o(i.i2c_clock_config) for i2c_clock_config
    main.o(i._Z10i2c_configv) refers to gd32f3x0_i2c.o(i.i2c_mode_addr_config) for i2c_mode_addr_config
    main.o(i._Z10i2c_configv) refers to gd32f3x0_i2c.o(i.i2c_enable) for i2c_enable
    main.o(i._Z10i2c_configv) refers to gd32f3x0_i2c.o(i.i2c_ack_config) for i2c_ack_config
    main.o(i._Z10rcu_configv) refers to gd32f3x0_rcu.o(i.rcu_periph_clock_enable) for rcu_periph_clock_enable
    main.o(i._Z10rcu_configv) refers to gd32f3x0_rcu.o(i.rcu_adc_clock_config) for rcu_adc_clock_config
    main.o(i._Z11gpio_configv) refers to gd32f3x0_gpio.o(i.gpio_mode_set) for gpio_mode_set
    main.o(i._Z11gpio_configv) refers to gd32f3x0_gpio.o(i.gpio_output_options_set) for gpio_output_options_set
    main.o(i._Z11gpio_configv) refers to gd32f3x0_gpio.o(i.gpio_af_set) for gpio_af_set
    main.o(i._Z17heat_timer_configv) refers to gd32f3x0_rcu.o(i.rcu_periph_clock_enable) for rcu_periph_clock_enable
    main.o(i._Z17heat_timer_configv) refers to gd32f3x0_timer.o(i.timer_deinit) for timer_deinit
    main.o(i._Z17heat_timer_configv) refers to gd32f3x0_timer.o(i.timer_struct_para_init) for timer_struct_para_init
    main.o(i._Z17heat_timer_configv) refers to gd32f3x0_timer.o(i.timer_init) for timer_init
    main.o(i._Z17heat_timer_configv) refers to gd32f3x0_timer.o(i.timer_interrupt_flag_clear) for timer_interrupt_flag_clear
    main.o(i._Z17heat_timer_configv) refers to gd32f3x0_timer.o(i.timer_interrupt_enable) for timer_interrupt_enable
    main.o(i._Z17heat_timer_configv) refers to gd32f3x0_timer.o(i.timer_enable) for timer_enable
    main.o(i._Z17heat_timer_configv) refers to gd32f3x0_misc.o(i.nvic_irq_enable) for nvic_irq_enable
    main.o(i._Z17pwm_config_buzzerv) refers to gd32f3x0_timer.o(i.timer_deinit) for timer_deinit
    main.o(i._Z17pwm_config_buzzerv) refers to gd32f3x0_timer.o(i.timer_init) for timer_init
    main.o(i._Z17pwm_config_buzzerv) refers to gd32f3x0_timer.o(i.timer_channel_output_config) for timer_channel_output_config
    main.o(i._Z17pwm_config_buzzerv) refers to gd32f3x0_timer.o(i.timer_channel_output_pulse_value_config) for timer_channel_output_pulse_value_config
    main.o(i._Z17pwm_config_buzzerv) refers to gd32f3x0_timer.o(i.timer_channel_output_mode_config) for timer_channel_output_mode_config
    main.o(i._Z17pwm_config_buzzerv) refers to gd32f3x0_timer.o(i.timer_channel_output_shadow_config) for timer_channel_output_shadow_config
    main.o(i._Z17pwm_config_buzzerv) refers to gd32f3x0_timer.o(i.timer_primary_output_config) for timer_primary_output_config
[...]
    Removing pixels.o(i._ZN10PixelsBase15deviceWriteDataEhh), (2 bytes).
    Removing pixels.o(.ARM.exidx), (8 bytes).
    Removing pixels.o(i._ZN10PixelsBase9scrollCmdEv), (2 bytes).
    Removing pixels.o(.ARM.exidx), (8 bytes).
    Removing pixels.o(i._ZSt3absf), (6 bytes).
    Removing pixels.o(.ARM.exidx), (8 bytes).
    Removing pixels.o(i._ZN10PixelsBase4initEv), (2 bytes).
    Removing pixels.o(.ARM.exidx), (8 bytes).
    Removing pixels.o(i._ZN10PixelsBase16setFillDirectionEh), (2 bytes).
    Removing pixels.o(.ARM.exidx), (8 bytes).
    Removing pixels.o(i._ZN9BitStream7readBitEv), (30 bytes).
    Removing pixels.o(.ARM.exidx), (8 bytes).
    Removing pixels.o(.constdata__ZTI10PixelsBase), (8 bytes).
    Removing pixels.o(.constdata__ZTS10PixelsBase), (13 bytes).

833 unused section(s) (total 125633 bytes) removed from the image.

==============================================================================

Image Symbol Table

    Local Symbols

    Symbol Name                              Value     Ov Type        Size  Object(Section)

    ../../../clib/unwind_pr.c                0x00000000   Number         0  unwind_prcommon.o ABSOLUTE
    ../../../clib/unwind_pr.c                0x00000000   Number         0  unwind_pr0.o ABSOLUTE
    ../../../clib/unwinder.c                 0x00000000   Number         0  unwinder.o ABSOLUTE
    ../../../clib/unwinder.c                 0x00000000   Number         0  unwinder.o ABSOLUTE
    ../../../clib/unwinder.c                 0x00000000   Number         0  unwind_activity.o ABSOLUTE
    ../../../clib/unwinder.c                 0x00000000   Number         0  unwind_activity.o ABSOLUTE
    ../../../edgfe/lib_src/arm_exceptions.c  0x00000000   Number         0  arm_exceptions_callterm.o ABSOLUTE
    ../../../edgfe/lib_src/arm_exceptions.c  0x00000000   Number         0  arm_exceptions_globs.o ABSOLUTE
    ../../../edgfe/lib_src/arm_exceptions.c  0x00000000   Number         0  arm_exceptions_support.o ABSOLUTE
    ../../../edgfe/lib_src/arm_exceptions.c  0x00000000   Number         0  arm_exceptions_terminate.o ABSOLUTE
    ../../../edgfe/lib_src/arm_exceptions.c  0x00000000   Number         0  arm_exceptions_mem.o ABSOLUTE
    ../../../edgfe/lib_src/arm_noexceptions.c 0x00000000   Number         0  arm_begincatch_noexceptions.o ABSOLUTE
    ../../../edgfe/lib_src/arm_noexceptions.c 0x00000000   Number         0  arm_newhandler_noexceptions.o ABSOLUTE
    ../../../edgfe/lib_src/arm_noexceptions.c 0x00000000   Number         0  arm_callunex_noexceptions.o ABSOLUTE
    ../../../edgfe/lib_src/array_del.c       0x00000000   Number         0  array_del.o ABSOLUTE
    ../../../edgfe/lib_src/array_new.c       0x00000000   Number         0  array_new.o ABSOLUTE
    ../../../edgfe/lib_src/bad_alloc.c       0x00000000   Number         0  bad_alloc_what.o ABSOLUTE
    ../../../edgfe/lib_src/bad_alloc.c       0x00000000   Number         0  bad_alloc_dtor.o ABSOLUTE
    ../../../edgfe/lib_src/delete.c          0x00000000   Number         0  delete.o ABSOLUTE
    ../../../edgfe/lib_src/exception.c       0x00000000   Number         0  exception_dtor.o ABSOLUTE
    ../../../edgfe/lib_src/exception.c       0x00000000   Number         0  exception_what.o ABSOLUTE
    ../../../edgfe/lib_src/new.c             0x00000000   Number         0  new.o ABSOLUTE
    ../../../edgfe/lib_src/typeinfo.c        0x00000000   Number         0  lib_rtti_impl.o ABSOLUTE
    ../../../edgfe/lib_src/typeinfo.c        0x00000000   Number         0  type_info_dtor.o ABSOLUTE
    ../clib/angel/boardlib.s                 0x00000000   Number         0  boardinit1.o ABSOLUTE
    ../clib/angel/boardlib.s                 0x00000000   Number         0  boardinit2.o ABSOLUTE
    ../clib/angel/boardlib.s                 0x00000000   Number         0  boardinit3.o ABSOLUTE
    ../clib/angel/boardlib.s                 0x00000000   Number         0  boardshut.o ABSOLUTE
    ../clib/angel/handlers.s                 0x00000000   Number         0  __scatter_zi.o ABSOLUTE
    ../clib/angel/handlers.s                 0x00000000   Number         0  __scatter_copy.o ABSOLUTE
    ../clib/angel/kernel.s                   0x00000000   Number         0  rtexit2.o ABSOLUTE
    ../clib/angel/kernel.s                   0x00000000   Number         0  rtexit.o ABSOLUTE
    ../clib/angel/kernel.s                   0x00000000   Number         0  __rtentry4.o ABSOLUTE
    ../clib/angel/kernel.s                   0x00000000   Number         0  __rtentry.o ABSOLUTE
    ../clib/angel/kernel.s                   0x00000000   Number         0  __rtentry2.o ABSOLUTE
    ../clib/angel/rt.s                       0x00000000   Number         0  rt_raise.o ABSOLUTE
    ../clib/angel/rt.s                       0x00000000   Number         0  rt_new_handler_addr_intlibspace.o ABSOLUTE
    ../clib/angel/rt.s                       0x00000000   Number         0  rt_heap_descriptor.o ABSOLUTE
    ../clib/angel/rt.s                       0x00000000   Number         0  rt_heap_descriptor_intlibspace.o ABSOLUTE
    ../clib/angel/rt.s                       0x00000000   Number         0  rt_errno_addr.o ABSOLUTE
    ../clib/angel/rt.s                       0x00000000   Number         0  rt_errno_addr_intlibspace.o ABSOLUTE
    ../clib/angel/rt.s                       0x00000000   Number         0  rt_new_handler_addr.o ABSOLUTE
    ../clib/angel/rt.s                       0x00000000   Number         0  rt_eh_globals_addr.o ABSOLUTE
    ../clib/angel/rt.s                       0x00000000   Number         0  rt_eh_globals_addr_intlibspace.o ABSOLUTE
    ../clib/angel/scatter.s                  0x00000000   Number         0  __scatter.o ABSOLUTE
    ../clib/angel/startup.s                  0x00000000   Number         0  __main.o ABSOLUTE
    ../clib/angel/sys.s                      0x00000000   Number         0  use_no_semi.o ABSOLUTE
    ../clib/angel/sys.s                      0x00000000   Number         0  indicate_semi.o ABSOLUTE
    ../clib/angel/sys.s                      0x00000000   Number         0  libspace.o ABSOLUTE
    ../clib/angel/sys.s                      0x00000000   Number         0  mutex_dummy.o ABSOLUTE
    ../clib/angel/sys.s                      0x00000000   Number         0  sys_stackheap_outer.o ABSOLUTE
    ../clib/angel/sysapp.c                   0x00000000   Number         0  sys_command.o ABSOLUTE
    ../clib/angel/sysapp.c                   0x00000000   Number         0  sys_exit.o ABSOLUTE
    ../clib/angel/sysapp.c                   0x00000000   Number         0  sys_wrch.o ABSOLUTE
    ../clib/arm_runtime.c                    0x00000000   Number         0  init_aeabi.o ABSOLUTE
    ../clib/arm_runtime.c                    0x00000000   Number         0  init_aeabi.o ABSOLUTE
    ../clib/armsys.c                         0x00000000   Number         0  _get_argv.o ABSOLUTE
    ../clib/armsys.c                         0x00000000   Number         0  argv_veneer.o ABSOLUTE
    ../clib/armsys.c                         0x00000000   Number         0  argv_veneer.o ABSOLUTE
    ../clib/armsys.c                         0x00000000   Number         0  no_argv.o ABSOLUTE
    ../clib/armsys.c                         0x00000000   Number         0  _get_argv_nomalloc.o ABSOLUTE
    ../clib/fenv.c                           0x00000000   Number         0  _rserrno.o ABSOLUTE
    ../clib/heap1.c                          0x00000000   Number         0  h1_final.o ABSOLUTE
    ../clib/heap1.c                          0x00000000   Number         0  h1_final_mt.o ABSOLUTE
    ../clib/heap1.c                          0x00000000   Number         0  h1_init.o ABSOLUTE
    ../clib/heap1.c                          0x00000000   Number         0  h1_free_mt.o ABSOLUTE
    ../clib/heap1.c                          0x00000000   Number         0  h1_extend.o ABSOLUTE
    ../clib/heap1.c                          0x00000000   Number         0  h1_init_mt.o ABSOLUTE
    ../clib/heap1.c                          0x00000000   Number         0  h1_alloc_mt.o ABSOLUTE
    ../clib/heap1.c                          0x00000000   Number         0  h1_free.o ABSOLUTE
    ../clib/heap1.c                          0x00000000   Number         0  h1_alloc.o ABSOLUTE
    ../clib/heap1.c                          0x00000000   Number         0  h1_extend_mt.o ABSOLUTE
    ../clib/heap2.c                          0x00000000   Number         0  heap2mt.o ABSOLUTE
    ../clib/heap2.c                          0x00000000   Number         0  heap2.o ABSOLUTE
    ../clib/heap2.c                          0x00000000   Number         0  fdtree.o ABSOLUTE
    ../clib/heapalloc.c                      0x00000000   Number         0  term_alloc.o ABSOLUTE
    ../clib/heapalloc.c                      0x00000000   Number         0  init_alloc.o ABSOLUTE
    ../clib/heapalloc.c                      0x00000000   Number         0  heapstubs.o ABSOLUTE
    ../clib/heapalloc.c                      0x00000000   Number         0  free.o ABSOLUTE
    ../clib/heapalloc.c                      0x00000000   Number         0  malloc.o ABSOLUTE
    ../clib/heapalloc.c                      0x00000000   Number         0  hrguard.o ABSOLUTE
    ../clib/heapalloc.c                      0x00000000   Number         0  maybetermalloc1.o ABSOLUTE
    ../clib/heapalloc.c                      0x00000000   Number         0  maybetermalloc1.o ABSOLUTE
    ../clib/heapalloc.c                      0x00000000   Number         0  hguard.o ABSOLUTE
    ../clib/heapalloc.c                      0x00000000   Number         0  maybetermalloc2.o ABSOLUTE
    ../clib/heapalloc.c                      0x00000000   Number         0  maybetermalloc2.o ABSOLUTE
    ../clib/heapaux.c                        0x00000000   Number         0  heapauxi.o ABSOLUTE
    ../clib/heapaux.c                        0x00000000   Number         0  heapauxa.o ABSOLUTE
    ../clib/libinit.s                        0x00000000   Number         0  libinit2.o ABSOLUTE
    ../clib/libinit.s                        0x00000000   Number         0  libinit.o ABSOLUTE
    ../clib/libinit.s                        0x00000000   Number         0  libshutdown2.o ABSOLUTE
    ../clib/libinit.s                        0x00000000   Number         0  libshutdown.o ABSOLUTE
    ../clib/memcpset.s                       0x00000000   Number         0  aeabi_memset.o ABSOLUTE
    ../clib/memcpset.s                       0x00000000   Number         0  rt_memcpy_v6.o ABSOLUTE
    ../clib/memcpset.s                       0x00000000   Number         0  rt_memclr.o ABSOLUTE
    ../clib/memcpset.s                       0x00000000   Number         0  rt_memcpy_w.o ABSOLUTE
    ../clib/memcpset.s                       0x00000000   Number         0  rt_memclr_w.o ABSOLUTE
    ../clib/misc.s                           0x00000000   Number         0  printf_stubs.o ABSOLUTE
    ../clib/printf.c                         0x00000000   Number         0  __printf_ss_wp.o ABSOLUTE
    ../clib/printf.c                         0x00000000   Number         0  __2sprintf.o ABSOLUTE
    ../clib/printf.c                         0x00000000   Number         0  _printf_char.o ABSOLUTE
    ../clib/printf.c                         0x00000000   Number         0  _sputc.o ABSOLUTE
    ../clib/printf.c                         0x00000000   Number         0  _printf_char_common.o ABSOLUTE
    ../clib/printf.c                         0x00000000   Number         0  _printf_intcommon.o ABSOLUTE
    ../clib/printf.c                         0x00000000   Number         0  __printf_flags_wp.o ABSOLUTE
    ../clib/printf.c                         0x00000000   Number         0  __printf_wp.o ABSOLUTE
    ../clib/printf.c                         0x00000000   Number         0  __printf_flags_ss.o ABSOLUTE
    ../clib/printf.c                         0x00000000   Number         0  __printf_ss.o ABSOLUTE
    ../clib/printf.c                         0x00000000   Number         0  __printf_flags.o ABSOLUTE
    ../clib/printf.c                         0x00000000   Number         0  _printf_dec.o ABSOLUTE
    ../clib/printf.c                         0x00000000   Number         0  _printf_str.o ABSOLUTE
    ../clib/printf.c                         0x00000000   Number         0  _printf_pad.o ABSOLUTE
    ../clib/printf.c                         0x00000000   Number         0  __printf_nopercent.o ABSOLUTE
    ../clib/printf.c                         0x00000000   Number         0  __printf.o ABSOLUTE
    ../clib/printf.c                         0x00000000   Number         0  noretval__2sprintf.o ABSOLUTE
    ../clib/printf.c                         0x00000000   Number         0  __printf_flags_ss_wp.o ABSOLUTE
    ../clib/printf_percent.s                 0x00000000   Number         0  _printf_percent_end.o ABSOLUTE
    ../clib/printf_percent.s                 0x00000000   Number         0  _printf_percent.o ABSOLUTE
    ../clib/printf_percent.s                 0x00000000   Number         0  _printf_d.o ABSOLUTE
    ../clib/printf_percent.s                 0x00000000   Number         0  _printf_s.o ABSOLUTE
    ../clib/signal.c                         0x00000000   Number         0  defsig_rtmem_inner.o ABSOLUTE
    ../clib/signal.c                         0x00000000   Number         0  defsig_abrt_inner.o ABSOLUTE
    ../clib/signal.c                         0x00000000   Number         0  defsig_exit.o ABSOLUTE
    ../clib/signal.c                         0x00000000   Number         0  defsig_rtmem_formal.o ABSOLUTE
    ../clib/signal.c                         0x00000000   Number         0  defsig_rtmem_outer.o ABSOLUTE
    ../clib/signal.c                         0x00000000   Number         0  defsig_abrt_formal.o ABSOLUTE
    ../clib/signal.c                         0x00000000   Number         0  defsig_abrt_outer.o ABSOLUTE
    ../clib/signal.c                         0x00000000   Number         0  defsig_cppl_inner.o ABSOLUTE
    ../clib/signal.c                         0x00000000   Number         0  defsig_segv_inner.o ABSOLUTE
    ../clib/signal.c                         0x00000000   Number         0  defsig_other.o ABSOLUTE
    ../clib/signal.c                         0x00000000   Number         0  defsig_general.o ABSOLUTE
    ../clib/signal.c                         0x00000000   Number         0  __raise.o ABSOLUTE
    ../clib/signal.c                         0x00000000   Number         0  defsig_fpe_inner.o ABSOLUTE
    ../clib/signal.c                         0x00000000   Number         0  defsig_rtred_inner.o ABSOLUTE
    ../clib/signal.c                         0x00000000   Number         0  defsig_stak_inner.o ABSOLUTE
    ../clib/signal.c                         0x00000000   Number         0  defsig_pvfn_inner.o ABSOLUTE
    ../clib/signal.s                         0x00000000   Number         0  defsig.o ABSOLUTE
    ../clib/stdlib.c                         0x00000000   Number         0  bsearchnoex.o ABSOLUTE
    ../clib/stdlib.c                         0x00000000   Number         0  abort.o ABSOLUTE
    ../clib/stdlib.c                         0x00000000   Number         0  exit.o ABSOLUTE
    ../clib/string.c                         0x00000000   Number         0  strlen.o ABSOLUTE
    ../clib/time.c                           0x00000000   Number         0  mktime.o ABSOLUTE
    ../clib/time.c                           0x00000000   Number         0  localtime.o ABSOLUTE
    ../clib/time.c                           0x00000000   Number         0  _monlen.o ABSOLUTE
    ../clib/time.c                           0x00000000   Number         0  localtime_internal.o ABSOLUTE
    ../fplib/d2f.s                           0x00000000   Number         0  d2f.o ABSOLUTE
    ../fplib/daddsub.s                       0x00000000   Number         0  daddsub_clz.o ABSOLUTE
    ../fplib/dcmpi.s                         0x00000000   Number         0  dcmpi.o ABSOLUTE
    ../fplib/ddiv.s                          0x00000000   Number         0  ddiv.o ABSOLUTE
    ../fplib/deqf.s                          0x00000000   Number         0  deqf.o ABSOLUTE
    ../fplib/dfix.s                          0x00000000   Number         0  dfix.o ABSOLUTE
    ../fplib/dfixu.s                         0x00000000   Number         0  dfixu.o ABSOLUTE
    ../fplib/dflt.s                          0x00000000   Number         0  dflt_clz.o ABSOLUTE
    ../fplib/dleqf.s                         0x00000000   Number         0  dleqf.o ABSOLUTE
    ../fplib/dmul.s                          0x00000000   Number         0  dmul.o ABSOLUTE
    ../fplib/dnaninf.s                       0x00000000   Number         0  dnaninf.o ABSOLUTE
    ../fplib/dretinf.s                       0x00000000   Number         0  dretinf.o ABSOLUTE
    ../fplib/drleqf.s                        0x00000000   Number         0  drleqf.o ABSOLUTE
    ../fplib/dsqrt.s                         0x00000000   Number         0  dsqrt_umaal.o ABSOLUTE
    ../fplib/f2d.s                           0x00000000   Number         0  f2d.o ABSOLUTE
    ../fplib/fnaninf.s                       0x00000000   Number         0  fnaninf.o ABSOLUTE
    ../fplib/fpinit.s                        0x00000000   Number         0  fpinit.o ABSOLUTE
    ../fplib/fretinf.s                       0x00000000   Number         0  fretinf.o ABSOLUTE
    ../fplib/frnd.s                          0x00000000   Number         0  frnd.o ABSOLUTE
    ../fplib/usenofp.s                       0x00000000   Number         0  usenofp.o ABSOLUTE
    ../mathlib/funder.c                      0x00000000   Number         0  funder.o ABSOLUTE
    ../mathlib/logf.c                        0x00000000   Number         0  logf.o ABSOLUTE
    ../mathlib/logf.c                        0x00000000   Number         0  logf_x.o ABSOLUTE
    ../mathlib/rint.c                        0x00000000   Number         0  rintf.o ABSOLUTE
    ../mathlib/sqrt.c                        0x00000000   Number         0  sqrt.o ABSOLUTE
    ../mathlib/sqrt.c                        0x00000000   Number         0  sqrt_x.o ABSOLUTE
    ..\SDK\CMSIS\GD\GD32F3x0\Source\system_gd32f3x0.c 0x00000000   Number         0  system_gd32f3x0.o ABSOLUTE
    ..\SDK\GD32F3x0_standard_peripheral\Source\gd32f3x0_adc.c 0x00000000   Number         0  gd32f3x0_adc.o ABSOLUTE
    ..\SDK\GD32F3x0_standard_peripheral\Source\gd32f3x0_cec.c 0x00000000   Number         0  gd32f3x0_cec.o ABSOLUTE
    ..\SDK\GD32F3x0_standard_peripheral\Source\gd32f3x0_cmp.c 0x00000000   Number         0  gd32f3x0_cmp.o ABSOLUTE
    ..\SDK\GD32F3x0_standard_peripheral\Source\gd32f3x0_crc.c 0x00000000   Number         0  gd32f3x0_crc.o ABSOLUTE
    ..\SDK\GD32F3x0_standard_peripheral\Source\gd32f3x0_ctc.c 0x00000000   Number         0  gd32f3x0_ctc.o ABSOLUTE
    ..\SDK\GD32F3x0_standard_peripheral\Source\gd32f3x0_dac.c 0x00000000   Number         0  gd32f3x0_dac.o ABSOLUTE
    ..\SDK\GD32F3x0_standard_peripheral\Source\gd32f3x0_dbg.c 0x00000000   Number         0  gd32f3x0_dbg.o ABSOLUTE
    ..\SDK\GD32F3x0_standard_peripheral\Source\gd32f3x0_dma.c 0x00000000   Number         0  gd32f3x0_dma.o ABSOLUTE
    ..\SDK\GD32F3x0_standard_peripheral\Source\gd32f3x0_exti.c 0x00000000   Number         0  gd32f3x0_exti.o ABSOLUTE
    ..\SDK\GD32F3x0_standard_peripheral\Source\gd32f3x0_fmc.c 0x00000000   Number         0  gd32f3x0_fmc.o ABSOLUTE
    ..\SDK\GD32F3x0_standard_peripheral\Source\gd32f3x0_fwdgt.c 0x00000000   Number         0  gd32f3x0_fwdgt.o ABSOLUTE
    ..\SDK\GD32F3x0_standard_peripheral\Source\gd32f3x0_gpio.c 0x00000000   Number         0  gd32f3x0_gpio.o ABSOLUTE
    ..\SDK\GD32F3x0_standard_peripheral\Source\gd32f3x0_i2c.c 0x00000000   Number         0  gd32f3x0_i2c.o ABSOLUTE
    ..\SDK\GD32F3x0_standard_peripheral\Source\gd32f3x0_misc.c 0x00000000   Number         0  gd32f3x0_misc.o ABSOLUTE
    ..\SDK\GD32F3x0_standard_peripheral\Source\gd32f3x0_pmu.c 0x00000000   Number         0  gd32f3x0_pmu.o ABSOLUTE
    ..\SDK\GD32F3x0_standard_peripheral\Source\gd32f3x0_rcu.c 0x00000000   Number         0  gd32f3x0_rcu.o ABSOLUTE
    ..\SDK\GD32F3x0_standard_peripheral\Source\gd32f3x0_rtc.c 0x00000000   Number         0  gd32f3x0_rtc.o ABSOLUTE
    ..\SDK\GD32F3x0_standard_peripheral\Source\gd32f3x0_spi.c 0x00000000   Number         0  gd32f3x0_spi.o ABSOLUTE
    ..\SDK\GD32F3x0_standard_peripheral\Source\gd32f3x0_syscfg.c 0x00000000   Number         0  gd32f3x0_syscfg.o ABSOLUTE
    ..\SDK\GD32F3x0_standard_peripheral\Source\gd32f3x0_timer.c 0x00000000   Number         0  gd32f3x0_timer.o ABSOLUTE
    ..\SDK\GD32F3x0_standard_peripheral\Source\gd32f3x0_tsi.c 0x00000000   Number         0  gd32f3x0_tsi.o ABSOLUTE
    ..\SDK\GD32F3x0_standard_peripheral\Source\gd32f3x0_usart.c 0x00000000   Number         0  gd32f3x0_usart.o ABSOLUTE
    ..\SDK\GD32F3x0_standard_peripheral\Source\gd32f3x0_wwdgt.c 0x00000000   Number         0  gd32f3x0_wwdgt.o ABSOLUTE
    ..\\SDK\\CMSIS\\GD\\GD32F3x0\\Source\\system_gd32f3x0.c 0x00000000   Number         0  system_gd32f3x0.o ABSOLUTE
    ..\\SDK\\GD32F3x0_standard_peripheral\\Source\\gd32f3x0_adc.c 0x00000000   Number         0  gd32f3x0_adc.o ABSOLUTE
    ..\\SDK\\GD32F3x0_standard_peripheral\\Source\\gd32f3x0_cmp.c 0x00000000   Number         0  gd32f3x0_cmp.o ABSOLUTE
    ..\\SDK\\GD32F3x0_standard_peripheral\\Source\\gd32f3x0_crc.c 0x00000000   Number         0  gd32f3x0_crc.o ABSOLUTE
    ..\\SDK\\GD32F3x0_standard_peripheral\\Source\\gd32f3x0_ctc.c 0x00000000   Number         0  gd32f3x0_ctc.o ABSOLUTE
    ..\\SDK\\GD32F3x0_standard_peripheral\\Source\\gd32f3x0_dbg.c 0x00000000   Number         0  gd32f3x0_dbg.o ABSOLUTE
    ..\\SDK\\GD32F3x0_standard_peripheral\\Source\\gd32f3x0_dma.c 0x00000000   Number         0  gd32f3x0_dma.o ABSOLUTE
    ..\\SDK\\GD32F3x0_standard_peripheral\\Source\\gd32f3x0_exti.c 0x00000000   Number         0  gd32f3x0_exti.o ABSOLUTE
    ..\\SDK\\GD32F3x0_standard_peripheral\\Source\\gd32f3x0_fmc.c 0x00000000   Number         0  gd32f3x0_fmc.o ABSOLUTE
    ..\\SDK\\GD32F3x0_standard_peripheral\\Source\\gd32f3x0_fwdgt.c 0x00000000   Number         0  gd32f3x0_fwdgt.o ABSOLUTE
    ..\\SDK\\GD32F3x0_standard_peripheral\\Source\\gd32f3x0_gpio.c 0x00000000   Number         0  gd32f3x0_gpio.o ABSOLUTE
    ..\\SDK\\GD32F3x0_standard_peripheral\\Source\\gd32f3x0_i2c.c 0x00000000   Number         0  gd32f3x0_i2c.o ABSOLUTE
    ..\\SDK\\GD32F3x0_standard_peripheral\\Source\\gd32f3x0_misc.c 0x00000000   Number         0  gd32f3x0_misc.o ABSOLUTE
    ..\\SDK\\GD32F3x0_standard_peripheral\\Source\\gd32f3x0_pmu.c 0x00000000   Number         0  gd32f3x0_pmu.o ABSOLUTE
    ..\\SDK\\GD32F3x0_standard_peripheral\\Source\\gd32f3x0_rcu.c 0x00000000   Number         0  gd32f3x0_rcu.o ABSOLUTE
    ..\\SDK\\GD32F3x0_standard_peripheral\\Source\\gd32f3x0_rtc.c 0x00000000   Number         0  gd32f3x0_rtc.o ABSOLUTE
    ..\\SDK\\GD32F3x0_standard_peripheral\\Source\\gd32f3x0_spi.c 0x00000000   Number         0  gd32f3x0_spi.o ABSOLUTE
    ..\\SDK\\GD32F3x0_standard_peripheral\\Source\\gd32f3x0_syscfg.c 0x00000000   Number         0  gd32f3x0_syscfg.o ABSOLUTE
    ..\\SDK\\GD32F3x0_standard_peripheral\\Source\\gd32f3x0_timer.c 0x00000000   Number         0  gd32f3x0_timer.o ABSOLUTE
    ..\\SDK\\GD32F3x0_standard_peripheral\\Source\\gd32f3x0_tsi.c 0x00000000   Number         0  gd32f3x0_tsi.o ABSOLUTE
    ..\\SDK\\GD32F3x0_standard_peripheral\\Source\\gd32f3x0_usart.c 0x00000000   Number         0  gd32f3x0_usart.o ABSOLUTE
    ..\\SDK\\GD32F3x0_standard_peripheral\\Source\\gd32f3x0_wwdgt.c 0x00000000   Number         0  gd32f3x0_wwdgt.o ABSOLUTE
    ..\\gd32f3x0_it.c                        0x00000000   Number         0  gd32f3x0_it.o ABSOLUTE
    ..\\src\\Pixels.cpp                      0x00000000   Number         0  pixels.o ABSOLUTE
    ..\\src\\inverter.c                      0x00000000   Number         0  inverter.o ABSOLUTE
    ..\\src\\main.c                          0x00000000   Number         0  main.o ABSOLUTE
    ..\\systick.c                            0x00000000   Number         0  systick.o ABSOLUTE
    ..\gd32f3x0_it.c                         0x00000000   Number         0  gd32f3x0_it.o ABSOLUTE
    ..\src\Pixels.cpp                        0x00000000   Number         0  pixels.o ABSOLUTE
    ..\src\crc32.cpp                         0x00000000   Number         0  crc32.o ABSOLUTE
    ..\src\inverter.c                        0x00000000   Number         0  inverter.o ABSOLUTE
    ..\src\main.c                            0x00000000   Number         0  main.o ABSOLUTE
    ..\startup_gd32f3x0.s                    0x00000000   Number         0  startup_gd32f3x0.o ABSOLUTE
    ..\systick.c                             0x00000000   Number         0  systick.o ABSOLUTE
    dc.s                                     0x00000000   Number         0  dc.o ABSOLUTE
    RESET                                    0x08000000   Section      336  startup_gd32f3x0.o(RESET)
    !!!main                                  0x08000150   Section        8  __main.o(!!!main)
    !!!scatter                               0x08000158   Section       52  __scatter.o(!!!scatter)
    !!handler_copy                           0x0800018c   Section       26  __scatter_copy.o(!!handler_copy)
    !!handler_zi                             0x080001a8   Section       28  __scatter_zi.o(!!handler_zi)
    .ARM.Collect$$libinit$$00000000          0x080001c4   Section        2  libinit.o(.ARM.Collect$$libinit$$00000000)
    .ARM.Collect$$libinit$$00000001          0x080001c6   Section        4  libinit2.o(.ARM.Collect$$libinit$$00000001)
    .ARM.Collect$$libinit$$00000004          0x080001ca   Section        0  libinit2.o(.ARM.Collect$$libinit$$00000004)
    .ARM.Collect$$libinit$$0000000A          0x080001ca   Section        0  libinit2.o(.ARM.Collect$$libinit$$0000000A)
    .ARM.Collect$$libinit$$0000000C          0x080001ca   Section        0  libinit2.o(.ARM.Collect$$libinit$$0000000C)
    .ARM.Collect$$libinit$$0000000E          0x080001ca   Section        0  libinit2.o(.ARM.Collect$$libinit$$0000000E)
    .ARM.Collect$$libinit$$00000011          0x080001ca   Section        0  libinit2.o(.ARM.Collect$$libinit$$00000011)
    .ARM.Collect$$libinit$$00000013          0x080001ca   Section        0  libinit2.o(.ARM.Collect$$libinit$$00000013)
    .ARM.Collect$$libinit$$00000015          0x080001ca   Section        0  libinit2.o(.ARM.Collect$$libinit$$00000015)
    .ARM.Collect$$libinit$$00000017          0x080001ca   Section        0  libinit2.o(.ARM.Collect$$libinit$$00000017)
    .ARM.Collect$$libinit$$00000019          0x080001ca   Section        0  libinit2.o(.ARM.Collect$$libinit$$00000019)
    .ARM.Collect$$libinit$$0000001B          0x080001ca   Section        0  libinit2.o(.ARM.Collect$$libinit$$0000001B)
    .ARM.Collect$$libinit$$0000001D          0x080001ca   Section        0  libinit2.o(.ARM.Collect$$libinit$$0000001D)
    .ARM.Collect$$libinit$$0000001F          0x080001ca   Section        0  libinit2.o(.ARM.Collect$$libinit$$0000001F)
    .ARM.Collect$$libinit$$00000021          0x080001ca   Section        0  libinit2.o(.ARM.Collect$$libinit$$00000021)
    .ARM.Collect$$libinit$$00000023          0x080001ca   Section        0  libinit2.o(.ARM.Collect$$libinit$$00000023)
    .ARM.Collect$$libinit$$00000025          0x080001ca   Section        0  libinit2.o(.ARM.Collect$$libinit$$00000025)
    .ARM.Collect$$libinit$$0000002C          0x080001ca   Section        0  libinit2.o(.ARM.Collect$$libinit$$0000002C)
    .ARM.Collect$$libinit$$0000002E          0x080001ca   Section        0  libinit2.o(.ARM.Collect$$libinit$$0000002E)
    .ARM.Collect$$libinit$$00000030          0x080001ca   Section        0  libinit2.o(.ARM.Collect$$libinit$$00000030)
    .ARM.Collect$$libinit$$00000031          0x080001ca   Section        4  libinit2.o(.ARM.Collect$$libinit$$00000031)
    .ARM.Collect$$libinit$$00000032          0x080001ce   Section        0  libinit2.o(.ARM.Collect$$libinit$$00000032)
    .ARM.Collect$$libinit$$00000033          0x080001ce   Section        2  libinit2.o(.ARM.Collect$$libinit$$00000033)
    .ARM.Collect$$libshutdown$$00000000      0x080001d0   Section        2  libshutdown.o(.ARM.Collect$$libshutdown$$00000000)
    .ARM.Collect$$libshutdown$$00000002      0x080001d2   Section        0  libshutdown2.o(.ARM.Collect$$libshutdown$$00000002)
    .ARM.Collect$$libshutdown$$00000004      0x080001d2   Section        0  libshutdown2.o(.ARM.Collect$$libshutdown$$00000004)
    .ARM.Collect$$libshutdown$$00000007      0x080001d2   Section        0  libshutdown2.o(.ARM.Collect$$libshutdown$$00000007)
    .ARM.Collect$$libshutdown$$0000000A      0x080001d2   Section        0  libshutdown2.o(.ARM.Collect$$libshutdown$$0000000A)
    .ARM.Collect$$libshutdown$$0000000C      0x080001d2   Section        0  libshutdown2.o(.ARM.Collect$$libshutdown$$0000000C)
    .ARM.Collect$$libshutdown$$0000000F      0x080001d2   Section        0  libshutdown2.o(.ARM.Collect$$libshutdown$$0000000F)
    .ARM.Collect$$libshutdown$$00000010      0x080001d2   Section        2  libshutdown2.o(.ARM.Collect$$libshutdown$$00000010)
    .ARM.Collect$$rtentry$$00000000          0x080001d4   Section        0  __rtentry.o(.ARM.Collect$$rtentry$$00000000)
    .ARM.Collect$$rtentry$$00000002          0x080001d4   Section        0  __rtentry2.o(.ARM.Collect$$rtentry$$00000002)
    .ARM.Collect$$rtentry$$00000004          0x080001d4   Section        6  __rtentry4.o(.ARM.Collect$$rtentry$$00000004)
    .ARM.Collect$$rtentry$$00000009          0x080001da   Section        0  __rtentry2.o(.ARM.Collect$$rtentry$$00000009)
    .ARM.Collect$$rtentry$$0000000A          0x080001da   Section        4  __rtentry2.o(.ARM.Collect$$rtentry$$0000000A)
    .ARM.Collect$$rtentry$$0000000C          0x080001de   Section        0  __rtentry2.o(.ARM.Collect$$rtentry$$0000000C)
    .ARM.Collect$$rtentry$$0000000D          0x080001de   Section        8  __rtentry2.o(.ARM.Collect$$rtentry$$0000000D)
    .ARM.Collect$$rtexit$$00000000           0x080001e6   Section        2  rtexit.o(.ARM.Collect$$rtexit$$00000000)
    .ARM.Collect$$rtexit$$00000002           0x080001e8   Section        0  rtexit2.o(.ARM.Collect$$rtexit$$00000002)
    .ARM.Collect$$rtexit$$00000003           0x080001e8   Section        4  rtexit2.o(.ARM.Collect$$rtexit$$00000003)
    .ARM.Collect$$rtexit$$00000004           0x080001ec   Section        6  rtexit2.o(.ARM.Collect$$rtexit$$00000004)
    .text                                    0x080001f4   Section       64  startup_gd32f3x0.o(.text)
    $v0                                      0x080001f4   Number         0  startup_gd32f3x0.o(.text)
    .text                                    0x08000234   Section        0  heapauxi.o(.text)
    .text                                    0x0800023c   Section        0  init_aeabi.o(.text)
    .text                                    0x08000260   Section        8  libspace.o(.text)
    .text                                    0x08000268   Section       74  sys_stackheap_outer.o(.text)
    .text                                    0x080002b2   Section        0  exit.o(.text)
    .text                                    0x080002c4   Section        0  sys_exit.o(.text)
    .text                                    0x080002d0   Section        2  use_no_semi.o(.text)
    .text                                    0x080002d2   Section        0  indicate_semi.o(.text)
    i.BusFault_Handler                       0x080002d2   Section        0  gd32f3x0_it.o(i.BusFault_Handler)
    i.DebugMon_Handler                       0x080002d4   Section        0  gd32f3x0_it.o(i.DebugMon_Handler)
    i.HardFault_Handler                      0x080002d6   Section        0  gd32f3x0_it.o(i.HardFault_Handler)
    i.MemManage_Handler                      0x080002d8   Section        0  gd32f3x0_it.o(i.MemManage_Handler)
    i.NMI_Handler                            0x080002da   Section        0  gd32f3x0_it.o(i.NMI_Handler)
    i.NVIC_SetPriority                       0x080002dc   Section        0  systick.o(i.NVIC_SetPriority)
    NVIC_SetPriority                         0x080002dd   Thumb Code    32  systick.o(i.NVIC_SetPriority)
    i.PendSV_Handler                         0x080002fc   Section        0  gd32f3x0_it.o(i.PendSV_Handler)
    i.SVC_Handler                            0x080002fe   Section        0  gd32f3x0_it.o(i.SVC_Handler)
    i.SysTick_Handler                        0x08000300   Section        0  gd32f3x0_it.o(i.SysTick_Handler)
    i.SystemInit                             0x08000310   Section        0  system_gd32f3x0.o(i.SystemInit)
    i.SystemTickInc                          0x08000458   Section        0  systick.o(i.SystemTickInc)
    i.TIMER13_IRQHandler                     0x08000468   Section        0  gd32f3x0_it.o(i.TIMER13_IRQHandler)
    i.TIMER_Heat_callback                    0x08000490   Section        0  main.o(i.TIMER_Heat_callback)
    i.USART1_IRQHandler                      0x08000494   Section        0  gd32f3x0_it.o(i.USART1_IRQHandler)
    i.UsageFault_Handler                     0x080004e8   Section        0  gd32f3x0_it.o(i.UsageFault_Handler)
    i._Z10adc_configv                        0x080004ea   Section        0  main.o(i._Z10adc_configv)
    i._Z10i2c_configv                        0x08000548   Section        0  main.o(i._Z10i2c_configv)
    i._Z10rcu_configv                        0x0800057c   Section        0  main.o(i._Z10rcu_configv)
    i._Z11gpio_configv                       0x080005c8   Section        0  main.o(i._Z11gpio_configv)
    i._Z17pwm_config_buzzerv                 0x08000714   Section        0  main.o(i._Z17pwm_config_buzzerv)
    i._Z17pwm_config_lcd_blv                 0x080007a8   Section        0  main.o(i._Z17pwm_config_lcd_blv)
    i._Z9spi0_initv                          0x08000834   Section        0  main.o(i._Z9spi0_initv)
    i._Z9uart_initv                          0x08000870   Section        0  main.o(i._Z9uart_initv)
    i._ZN10PixelsBase8setColorE3RGB          0x080008f4   Section        0  inverter.o(i._ZN10PixelsBase8setColorE3RGB)
    i._ZN10PixelsBase8setColorEhhh           0x08000904   Section        0  pixels.o(i._ZN10PixelsBase8setColorEhhh)
    i._ZN10PixelsBaseC1Ett                   0x08000924   Section        0  pixels.o(i._ZN10PixelsBaseC1Ett)
    i._ZN11ClickButtonC1Ehtb                 0x080009ac   Section        0  inverter.o(i._ZN11ClickButtonC1Ehtb)
    i._ZN3RGBC1Ehhh                          0x080009ca   Section        0  pixels.o(i._ZN3RGBC1Ehhh)
    i.__sti___10_inverter_c_ffec7761         0x080009d4   Section        0  inverter.o(i.__sti___10_inverter_c_ffec7761)
    __sti___10_inverter_c_ffec7761           0x080009d5   Thumb Code   238  inverter.o(i.__sti___10_inverter_c_ffec7761)
    i.adc_calibration_enable                 0x08000acc   Section        0  gd32f3x0_adc.o(i.adc_calibration_enable)
    i.adc_channel_length_config              0x08000af0   Section        0  gd32f3x0_adc.o(i.adc_channel_length_config)
    i.adc_data_alignment_config              0x08000b2c   Section        0  gd32f3x0_adc.o(i.adc_data_alignment_config)
    i.adc_enable                             0x08000b48   Section        0  gd32f3x0_adc.o(i.adc_enable)
    i.adc_external_trigger_config            0x08000b60   Section        0  gd32f3x0_adc.o(i.adc_external_trigger_config)
    i.adc_external_trigger_source_config     0x08000b9c   Section        0  gd32f3x0_adc.o(i.adc_external_trigger_source_config)
    i.adc_regular_channel_config             0x08000bc4   Section        0  gd32f3x0_adc.o(i.adc_regular_channel_config)
    i.adc_resolution_config                  0x08000c3c   Section        0  gd32f3x0_adc.o(i.adc_resolution_config)
    i.adc_software_trigger_enable            0x08000c54   Section        0  gd32f3x0_adc.o(i.adc_software_trigger_enable)
    i.adc_special_function_config            0x08000c74   Section        0  gd32f3x0_adc.o(i.adc_special_function_config)
    i.delay_1ms                              0x08000cd0   Section        0  systick.o(i.delay_1ms)
    i.delay_decrement                        0x08000ce0   Section        0  systick.o(i.delay_decrement)
    i.gpio_af_set                            0x08000cf4   Section        0  gd32f3x0_gpio.o(i.gpio_af_set)
    i.gpio_mode_set                          0x08000d58   Section        0  gd32f3x0_gpio.o(i.gpio_mode_set)
    i.gpio_output_options_set                0x08000d9c   Section        0  gd32f3x0_gpio.o(i.gpio_output_options_set)
    i.i2c_ack_config                         0x08000e0c   Section        0  gd32f3x0_i2c.o(i.i2c_ack_config)
    i.i2c_clock_config                       0x08000e20   Section        0  gd32f3x0_i2c.o(i.i2c_clock_config)
    i.i2c_enable                             0x08000f1c   Section        0  gd32f3x0_i2c.o(i.i2c_enable)
    i.i2c_mode_addr_config                   0x08000f26   Section        0  gd32f3x0_i2c.o(i.i2c_mode_addr_config)
    i.main                                   0x08000f3c   Section        0  main.o(i.main)
    i.nvic_irq_enable                        0x08000f6c   Section        0  gd32f3x0_misc.o(i.nvic_irq_enable)
    i.nvic_priority_group_set                0x08000ff4   Section        0  gd32f3x0_misc.o(i.nvic_priority_group_set)
    i.nvic_vector_table_set                  0x08001008   Section        0  gd32f3x0_misc.o(i.nvic_vector_table_set)
    i.rcu_adc_clock_config                   0x0800101c   Section        0  gd32f3x0_rcu.o(i.rcu_adc_clock_config)
    i.rcu_clock_freq_get                     0x080010ac   Section        0  gd32f3x0_rcu.o(i.rcu_clock_freq_get)
    i.rcu_periph_clock_enable                0x08001268   Section        0  gd32f3x0_rcu.o(i.rcu_periph_clock_enable)
    i.rcu_periph_reset_disable               0x08001284   Section        0  gd32f3x0_rcu.o(i.rcu_periph_reset_disable)
    i.rcu_periph_reset_enable                0x080012a0   Section        0  gd32f3x0_rcu.o(i.rcu_periph_reset_enable)
    i.receive_uart_int                       0x080012bc   Section        0  main.o(i.receive_uart_int)
    i.spi_dma_enable                         0x080012f0   Section        0  gd32f3x0_spi.o(i.spi_dma_enable)
    i.spi_enable                             0x08001304   Section        0  gd32f3x0_spi.o(i.spi_enable)
    i.spi_init                               0x0800130e   Section        0  gd32f3x0_spi.o(i.spi_init)
    i.system_clock_84m_irc8m                 0x0800133c   Section        0  system_gd32f3x0.o(i.system_clock_84m_irc8m)
    system_clock_84m_irc8m                   0x0800133d   Thumb Code    88  system_gd32f3x0.o(i.system_clock_84m_irc8m)
    i.systick_config                         0x080013a0   Section        0  systick.o(i.systick_config)
    i.timer_auto_reload_shadow_enable        0x080013e0   Section        0  gd32f3x0_timer.o(i.timer_auto_reload_shadow_enable)
    i.timer_channel_output_config            0x080013ec   Section        0  gd32f3x0_timer.o(i.timer_channel_output_config)
    i.timer_channel_output_mode_config       0x080015d8   Section        0  gd32f3x0_timer.o(i.timer_channel_output_mode_config)
    i.timer_channel_output_pulse_value_config 0x08001626   Section        0  gd32f3x0_timer.o(i.timer_channel_output_pulse_value_config)
    i.timer_channel_output_shadow_config     0x08001644   Section        0  gd32f3x0_timer.o(i.timer_channel_output_shadow_config)
    i.timer_deinit                           0x08001694   Section        0  gd32f3x0_timer.o(i.timer_deinit)
    i.timer_disable                          0x08001708   Section        0  gd32f3x0_timer.o(i.timer_disable)
    i.timer_enable                           0x08001712   Section        0  gd32f3x0_timer.o(i.timer_enable)
    i.timer_init                             0x0800171c   Section        0  gd32f3x0_timer.o(i.timer_init)
    i.timer_interrupt_flag_clear             0x080017bc   Section        0  gd32f3x0_timer.o(i.timer_interrupt_flag_clear)
    i.timer_interrupt_flag_get               0x080017c2   Section        0  gd32f3x0_timer.o(i.timer_interrupt_flag_get)
    i.timer_primary_output_config            0x080017d6   Section        0  gd32f3x0_timer.o(i.timer_primary_output_config)
    i.usart_baudrate_set                     0x080017ec   Section        0  gd32f3x0_usart.o(i.usart_baudrate_set)
    i.usart_data_receive                     0x08001848   Section        0  gd32f3x0_usart.o(i.usart_data_receive)
    i.usart_deinit                           0x08001850   Section        0  gd32f3x0_usart.o(i.usart_deinit)
    i.usart_dma_receive_config               0x08001880   Section        0  gd32f3x0_usart.o(i.usart_dma_receive_config)
    i.usart_enable                           0x08001890   Section        0  gd32f3x0_usart.o(i.usart_enable)
    i.usart_flag_get                         0x0800189a   Section        0  gd32f3x0_usart.o(i.usart_flag_get)
    i.usart_interrupt_enable                 0x080018b0   Section        0  gd32f3x0_usart.o(i.usart_interrupt_enable)
    i.usart_interrupt_flag_clear             0x080018c4   Section        0  gd32f3x0_usart.o(i.usart_interrupt_flag_clear)
    i.usart_interrupt_flag_get               0x080018ec   Section        0  gd32f3x0_usart.o(i.usart_interrupt_flag_get)
    i.usart_parity_config                    0x0800191a   Section        0  gd32f3x0_usart.o(i.usart_parity_config)
    i.usart_receive_config                   0x08001932   Section        0  gd32f3x0_usart.o(i.usart_receive_config)
    i.usart_stop_bit_set                     0x08001942   Section        0  gd32f3x0_usart.o(i.usart_stop_bit_set)
    i.usart_transmit_config                  0x0800195a   Section        0  gd32f3x0_usart.o(i.usart_transmit_config)
    i.usart_word_length_set                  0x0800196a   Section        0  gd32f3x0_usart.o(i.usart_word_length_set)
    x$fpl$fpinit                             0x08001982   Section       10  fpinit.o(x$fpl$fpinit)
    $v0                                      0x08001982   Number         0  fpinit.o(x$fpl$fpinit)
    .constdata__ZTV10PixelsBase              0x0800198c   Section       52  pixels.o(.constdata__ZTV10PixelsBase)
    .constdata__ZTV6Pixels                   0x080019c0   Section       52  inverter.o(.constdata__ZTV6Pixels)
    .init_array                              0x08001a14   Section        4  inverter.o(.init_array)
    .init_array                              0x08001a18   Section        0  init_aeabi.o(.init_array)
    .data                                    0x20000000   Section        2  main.o(.data)
    i                                        0x20000000   Data           1  main.o(.data)
    .data                                    0x20000004   Section        8  systick.o(.data)
    delay                                    0x20000008   Data           4  systick.o(.data)
    .data                                    0x2000000c   Section        4  system_gd32f3x0.o(.data)
    .bss                                     0x20000010   Section       16  main.o(.bss)
    .bss                                     0x20000020   Section      368  inverter.o(.bss)
    powerLevelColors                         0x20000020   Data          15  inverter.o(.bss)
    modeColors                               0x2000002f   Data          12  inverter.o(.bss)
    _settings                                0x20000120   Data          68  inverter.o(.bss)
    .bss                                     0x20000190   Section       96  libspace.o(.bss)
    HEAP                                     0x200001f0   Section     5632  startup_gd32f3x0.o(HEAP)
    Heap_Mem                                 0x200001f0   Data        5632  startup_gd32f3x0.o(HEAP)
    STACK                                    0x200017f0   Section     1024  startup_gd32f3x0.o(STACK)
    Stack_Mem                                0x200017f0   Data        1024  startup_gd32f3x0.o(STACK)
    __initial_sp                             0x20001bf0   Data           0  startup_gd32f3x0.o(STACK)

    Global Symbols

    Symbol Name                              Value     Ov Type        Size  Object(Section)

    BuildAttributes$$THM_ISAv4$E$P$D$K$B$S$7EM$VFPi3$EXTD16$VFPS$VFMA$PE$A:L22UL41UL21$X:L11$S22US41US21$IEEE1$IW$USESV6$~STKCKD$USESV7$~SHL$OTIME$ROPI$IEEEX$EBA8$UX$STANDARDLIB$REQ8$PRES8$EABIv2 0x00000000   Number         0  anon$$obj.o ABSOLUTE
    __ARM_use_no_argv                        0x00000000   Number         0  main.o ABSOLUTE
    _printf_flags                            0x00000000   Number         0  printf_stubs.o ABSOLUTE
    _printf_return_value                     0x00000000   Number         0  printf_stubs.o ABSOLUTE
    _printf_sizespec                         0x00000000   Number         0  printf_stubs.o ABSOLUTE
    _printf_widthprec                        0x00000000   Number         0  printf_stubs.o ABSOLUTE
    SHT$$ARM_EXIDX$$Base                      - Undefined Reference
    SHT$$ARM_EXIDX$$Limit                     - Undefined Reference
    __ARM::default_unexpected_handler()       - Undefined Weak Reference
    __ARM_exceptions_buffer_required          - Undefined Weak Reference
    __ARM_exceptions_init                     - Undefined Weak Reference
    __aeabi_unwind_cpp_pr1                    - Undefined Weak Reference
    __aeabi_unwind_cpp_pr2                    - Undefined Weak Reference
    __alloca_initialize                       - Undefined Weak Reference
    __arm_preinit_                            - Undefined Weak Reference
    __cxa_begin_cleanup                       - Undefined Weak Reference
    __cxa_finalize                            - Undefined Weak Reference
    __cxa_type_match                          - Undefined Weak Reference
    __rt_locale                               - Undefined Weak Reference
    __sigvec_lookup                           - Undefined Weak Reference
    __user_heap_extent                        - Undefined Weak Reference
    _atexit_init                              - Undefined Weak Reference
    _call_atexit_fns                          - Undefined Weak Reference
    _clock_init                               - Undefined Weak Reference
    _fp_trap_init                             - Undefined Weak Reference
    _fp_trap_shutdown                         - Undefined Weak Reference
    _get_lc_collate                           - Undefined Weak Reference
    _get_lc_ctype                             - Undefined Weak Reference
    _get_lc_monetary                          - Undefined Weak Reference
    _get_lc_numeric                           - Undefined Weak Reference
    _get_lc_time                              - Undefined Weak Reference
    _getenv_init                              - Undefined Weak Reference
    _handle_redirection                       - Undefined Weak Reference
    _initio                                   - Undefined Weak Reference
    _mutex_acquire                            - Undefined Weak Reference
    _mutex_free                               - Undefined Weak Reference
    _mutex_release                            - Undefined Weak Reference
    _printf_mbtowc                            - Undefined Weak Reference
    _printf_truncate_signed                   - Undefined Weak Reference
    _printf_truncate_unsigned                 - Undefined Weak Reference
    _rand_init                                - Undefined Weak Reference
    _signal_finish                            - Undefined Weak Reference
    _signal_init                              - Undefined Weak Reference
    _terminateio                              - Undefined Weak Reference
    __Vectors_Size                           0x00000150   Number         0  startup_gd32f3x0.o ABSOLUTE
    __Vectors                                0x08000000   Data           4  startup_gd32f3x0.o(RESET)
    __Vectors_End                            0x08000150   Data           0  startup_gd32f3x0.o(RESET)
    __main                                   0x08000151   Thumb Code     8  __main.o(!!!main)
    __scatterload                            0x08000159   Thumb Code     0  __scatter.o(!!!scatter)
    __scatterload_rt2                        0x08000159   Thumb Code    44  __scatter.o(!!!scatter)
    __scatterload_rt2_thumb_only             0x08000159   Thumb Code     0  __scatter.o(!!!scatter)
    __scatterload_null                       0x08000167   Thumb Code     0  __scatter.o(!!!scatter)
    __scatterload_copy                       0x0800018d   Thumb Code    26  __scatter_copy.o(!!handler_copy)
    __scatterload_zeroinit                   0x080001a9   Thumb Code    28  __scatter_zi.o(!!handler_zi)
    __rt_lib_init                            0x080001c5   Thumb Code     0  libinit.o(.ARM.Collect$$libinit$$00000000)
    __rt_lib_init_fp_1                       0x080001c7   Thumb Code     0  libinit2.o(.ARM.Collect$$libinit$$00000001)
    __rt_lib_init_alloca_1                   0x080001cb   Thumb Code     0  libinit2.o(.ARM.Collect$$libinit$$0000002E)
    __rt_lib_init_argv_1                     0x080001cb   Thumb Code     0  libinit2.o(.ARM.Collect$$libinit$$0000002C)
    __rt_lib_init_atexit_1                   0x080001cb   Thumb Code     0  libinit2.o(.ARM.Collect$$libinit$$0000001B)
    __rt_lib_init_clock_1                    0x080001cb   Thumb Code     0  libinit2.o(.ARM.Collect$$libinit$$00000021)
    __rt_lib_init_cpp_2                      0x080001cb   Thumb Code     0  libinit2.o(.ARM.Collect$$libinit$$00000031)
    __rt_lib_init_exceptions_1               0x080001cb   Thumb Code     0  libinit2.o(.ARM.Collect$$libinit$$00000030)
    __rt_lib_init_fp_trap_1                  0x080001cb   Thumb Code     0  libinit2.o(.ARM.Collect$$libinit$$0000001F)
    __rt_lib_init_getenv_1                   0x080001cb   Thumb Code     0  libinit2.o(.ARM.Collect$$libinit$$00000023)
    __rt_lib_init_heap_1                     0x080001cb   Thumb Code     0  libinit2.o(.ARM.Collect$$libinit$$0000000A)
    __rt_lib_init_lc_collate_1               0x080001cb   Thumb Code     0  libinit2.o(.ARM.Collect$$libinit$$00000011)
    __rt_lib_init_lc_ctype_1                 0x080001cb   Thumb Code     0  libinit2.o(.ARM.Collect$$libinit$$00000013)
    __rt_lib_init_lc_monetary_1              0x080001cb   Thumb Code     0  libinit2.o(.ARM.Collect$$libinit$$00000015)
    __rt_lib_init_lc_numeric_1               0x080001cb   Thumb Code     0  libinit2.o(.ARM.Collect$$libinit$$00000017)
    __rt_lib_init_lc_time_1                  0x080001cb   Thumb Code     0  libinit2.o(.ARM.Collect$$libinit$$00000019)
    __rt_lib_init_preinit_1                  0x080001cb   Thumb Code     0  libinit2.o(.ARM.Collect$$libinit$$00000004)
    __rt_lib_init_rand_1                     0x080001cb   Thumb Code     0  libinit2.o(.ARM.Collect$$libinit$$0000000E)
    __rt_lib_init_signal_1                   0x080001cb   Thumb Code     0  libinit2.o(.ARM.Collect$$libinit$$0000001D)
    __rt_lib_init_stdio_1                    0x080001cb   Thumb Code     0  libinit2.o(.ARM.Collect$$libinit$$00000025)
    __rt_lib_init_user_alloc_1               0x080001cb   Thumb Code     0  libinit2.o(.ARM.Collect$$libinit$$0000000C)
    __rt_lib_init_cpp_1                      0x080001cf   Thumb Code     0  libinit2.o(.ARM.Collect$$libinit$$00000032)
    __rt_lib_init_return                     0x080001cf   Thumb Code     0  libinit2.o(.ARM.Collect$$libinit$$00000033)
    __rt_lib_shutdown                        0x080001d1   Thumb Code     0  libshutdown.o(.ARM.Collect$$libshutdown$$00000000)
    __rt_lib_shutdown_cpp_1                  0x080001d3   Thumb Code     0  libshutdown2.o(.ARM.Collect$$libshutdown$$00000002)
    __rt_lib_shutdown_fp_trap_1              0x080001d3   Thumb Code     0  libshutdown2.o(.ARM.Collect$$libshutdown$$00000007)
    __rt_lib_shutdown_heap_1                 0x080001d3   Thumb Code     0  libshutdown2.o(.ARM.Collect$$libshutdown$$0000000F)
    __rt_lib_shutdown_return                 0x080001d3   Thumb Code     0  libshutdown2.o(.ARM.Collect$$libshutdown$$00000010)
    __rt_lib_shutdown_signal_1               0x080001d3   Thumb Code     0  libshutdown2.o(.ARM.Collect$$libshutdown$$0000000A)
    __rt_lib_shutdown_stdio_1                0x080001d3   Thumb Code     0  libshutdown2.o(.ARM.Collect$$libshutdown$$00000004)
    __rt_lib_shutdown_user_alloc_1           0x080001d3   Thumb Code     0  libshutdown2.o(.ARM.Collect$$libshutdown$$0000000C)
    __rt_entry                               0x080001d5   Thumb Code     0  __rtentry.o(.ARM.Collect$$rtentry$$00000000)
    __rt_entry_presh_1                       0x080001d5   Thumb Code     0  __rtentry2.o(.ARM.Collect$$rtentry$$00000002)
    __rt_entry_sh                            0x080001d5   Thumb Code     0  __rtentry4.o(.ARM.Collect$$rtentry$$00000004)
    __rt_entry_li                            0x080001db   Thumb Code     0  __rtentry2.o(.ARM.Collect$$rtentry$$0000000A)
    __rt_entry_postsh_1                      0x080001db   Thumb Code     0  __rtentry2.o(.ARM.Collect$$rtentry$$00000009)
    __rt_entry_main                          0x080001df   Thumb Code     0  __rtentry2.o(.ARM.Collect$$rtentry$$0000000D)
    __rt_entry_postli_1                      0x080001df   Thumb Code     0  __rtentry2.o(.ARM.Collect$$rtentry$$0000000C)
    __rt_exit                                0x080001e7   Thumb Code     0  rtexit.o(.ARM.Collect$$rtexit$$00000000)
    __rt_exit_ls                             0x080001e9   Thumb Code     0  rtexit2.o(.ARM.Collect$$rtexit$$00000003)
    __rt_exit_prels_1                        0x080001e9   Thumb Code     0  rtexit2.o(.ARM.Collect$$rtexit$$00000002)
    __rt_exit_exit                           0x080001ed   Thumb Code     0  rtexit2.o(.ARM.Collect$$rtexit$$00000004)
    Reset_Handler                            0x080001f5   Thumb Code     8  startup_gd32f3x0.o(.text)
    ADC_CMP_IRQHandler                       0x0800020f   Thumb Code     0  startup_gd32f3x0.o(.text)
    CEC_IRQHandler                           0x0800020f   Thumb Code     0  startup_gd32f3x0.o(.text)
    DMA_Channel0_IRQHandler                  0x0800020f   Thumb Code     0  startup_gd32f3x0.o(.text)
    DMA_Channel1_2_IRQHandler                0x0800020f   Thumb Code     0  startup_gd32f3x0.o(.text)
    DMA_Channel3_4_IRQHandler                0x0800020f   Thumb Code     0  startup_gd32f3x0.o(.text)
    DMA_Channel5_6_IRQHandler                0x0800020f   Thumb Code     0  startup_gd32f3x0.o(.text)
    EXTI0_1_IRQHandler                       0x0800020f   Thumb Code     0  startup_gd32f3x0.o(.text)
    EXTI2_3_IRQHandler                       0x0800020f   Thumb Code     0  startup_gd32f3x0.o(.text)
    EXTI4_15_IRQHandler                      0x0800020f   Thumb Code     0  startup_gd32f3x0.o(.text)
    FMC_IRQHandler                           0x0800020f   Thumb Code     0  startup_gd32f3x0.o(.text)
    I2C0_ER_IRQHandler                       0x0800020f   Thumb Code     0  startup_gd32f3x0.o(.text)
    I2C0_EV_IRQHandler                       0x0800020f   Thumb Code     0  startup_gd32f3x0.o(.text)
    I2C1_ER_IRQHandler                       0x0800020f   Thumb Code     0  startup_gd32f3x0.o(.text)
    I2C1_EV_IRQHandler                       0x0800020f   Thumb Code     0  startup_gd32f3x0.o(.text)
    LVD_IRQHandler                           0x0800020f   Thumb Code     0  startup_gd32f3x0.o(.text)
    RCU_CTC_IRQHandler                       0x0800020f   Thumb Code     0  startup_gd32f3x0.o(.text)
    RTC_IRQHandler                           0x0800020f   Thumb Code     0  startup_gd32f3x0.o(.text)
    SPI0_IRQHandler                          0x0800020f   Thumb Code     0  startup_gd32f3x0.o(.text)
    SPI1_IRQHandler                          0x0800020f   Thumb Code     0  startup_gd32f3x0.o(.text)
    TIMER0_BRK_UP_TRG_COM_IRQHandler         0x0800020f   Thumb Code     0  startup_gd32f3x0.o(.text)
    TIMER0_Channel_IRQHandler                0x0800020f   Thumb Code     0  startup_gd32f3x0.o(.text)
    TIMER14_IRQHandler                       0x0800020f   Thumb Code     0  startup_gd32f3x0.o(.text)
    TIMER15_IRQHandler                       0x0800020f   Thumb Code     0  startup_gd32f3x0.o(.text)
    TIMER16_IRQHandler                       0x0800020f   Thumb Code     0  startup_gd32f3x0.o(.text)
    TIMER1_IRQHandler                        0x0800020f   Thumb Code     0  startup_gd32f3x0.o(.text)
    TIMER2_IRQHandler                        0x0800020f   Thumb Code     0  startup_gd32f3x0.o(.text)
    TIMER5_DAC_IRQHandler                    0x0800020f   Thumb Code     0  startup_gd32f3x0.o(.text)
    TSI_IRQHandler                           0x0800020f   Thumb Code     0  startup_gd32f3x0.o(.text)
    USART0_IRQHandler                        0x0800020f   Thumb Code     0  startup_gd32f3x0.o(.text)
    USBFS_IRQHandler                         0x0800020f   Thumb Code     0  startup_gd32f3x0.o(.text)
    USBFS_WKUP_IRQHandler                    0x0800020f   Thumb Code     0  startup_gd32f3x0.o(.text)
    WWDGT_IRQHandler                         0x0800020f   Thumb Code     0  startup_gd32f3x0.o(.text)
    __user_initial_stackheap                 0x08000211   Thumb Code    10  startup_gd32f3x0.o(.text)
    __use_two_region_memory                  0x08000235   Thumb Code     2  heapauxi.o(.text)
    __rt_heap_escrow                         0x08000237   Thumb Code     2  heapauxi.o(.text)
    __rt_heap_expand                         0x08000239   Thumb Code     2  heapauxi.o(.text)
    __cpp_initialize__aeabi_                 0x0800023d   Thumb Code    26  init_aeabi.o(.text)
    __user_libspace                          0x08000261   Thumb Code     8  libspace.o(.text)
    __user_perproc_libspace                  0x08000261   Thumb Code     0  libspace.o(.text)
    __user_perthread_libspace                0x08000261   Thumb Code     0  libspace.o(.text)
    __user_setup_stackheap                   0x08000269   Thumb Code    74  sys_stackheap_outer.o(.text)
    exit                                     0x080002b3   Thumb Code    18  exit.o(.text)
    _sys_exit                                0x080002c5   Thumb Code     8  sys_exit.o(.text)
    __I$use$semihosting                      0x080002d1   Thumb Code     0  use_no_semi.o(.text)
    __use_no_semihosting_swi                 0x080002d1   Thumb Code     2  use_no_semi.o(.text)
    BusFault_Handler                         0x080002d3   Thumb Code     2  gd32f3x0_it.o(i.BusFault_Handler)
    __semihosting_library_function           0x080002d3   Thumb Code     0  indicate_semi.o(.text)
    DebugMon_Handler                         0x080002d5   Thumb Code     2  gd32f3x0_it.o(i.DebugMon_Handler)
    HardFault_Handler                        0x080002d7   Thumb Code     2  gd32f3x0_it.o(i.HardFault_Handler)
    MemManage_Handler                        0x080002d9   Thumb Code     2  gd32f3x0_it.o(i.MemManage_Handler)
    NMI_Handler                              0x080002db   Thumb Code     2  gd32f3x0_it.o(i.NMI_Handler)
    PendSV_Handler                           0x080002fd   Thumb Code     2  gd32f3x0_it.o(i.PendSV_Handler)
    SVC_Handler                              0x080002ff   Thumb Code     2  gd32f3x0_it.o(i.SVC_Handler)
    SysTick_Handler                          0x08000301   Thumb Code    14  gd32f3x0_it.o(i.SysTick_Handler)
    SystemInit                               0x08000311   Thumb Code   286  system_gd32f3x0.o(i.SystemInit)
    SystemTickInc                            0x08000459   Thumb Code    10  systick.o(i.SystemTickInc)
    TIMER13_IRQHandler                       0x08000469   Thumb Code    34  gd32f3x0_it.o(i.TIMER13_IRQHandler)
    TIMER_Heat_callback                      0x08000491   Thumb Code     2  main.o(i.TIMER_Heat_callback)
    USART1_IRQHandler                        0x08000495   Thumb Code    64  gd32f3x0_it.o(i.USART1_IRQHandler)
    UsageFault_Handler                       0x080004e9   Thumb Code     2  gd32f3x0_it.o(i.UsageFault_Handler)
    adc_config()                             0x080004eb   Thumb Code    92  main.o(i._Z10adc_configv)
    i2c_config()                             0x08000549   Thumb Code    44  main.o(i._Z10i2c_configv)
    rcu_config()                             0x0800057d   Thumb Code    76  main.o(i._Z10rcu_configv)
    gpio_config()                            0x080005c9   Thumb Code   326  main.o(i._Z11gpio_configv)
    pwm_config_buzzer()                      0x08000715   Thumb Code   144  main.o(i._Z17pwm_config_buzzerv)
    pwm_config_lcd_bl()                      0x080007a9   Thumb Code   140  main.o(i._Z17pwm_config_lcd_blv)
    spi0_init()                              0x08000835   Thumb Code    56  main.o(i._Z9spi0_initv)
    uart_init()                              0x08000871   Thumb Code   126  main.o(i._Z9uart_initv)
    PixelsBase::setColor(RGB)                0x080008f5   Thumb Code    16  inverter.o(i._ZN10PixelsBase8setColorE3RGB)
    PixelsBase::setColor(unsigned char, unsigned char, unsigned char) 0x08000905   Thumb Code    32  pixels.o(i._ZN10PixelsBase8setColorEhhh)
    PixelsBase::PixelsBase(unsigned short, unsigned short) 0x08000925   Thumb Code   122  pixels.o(i._ZN10PixelsBaseC1Ett)
    PixelsBase::PixelsBase__sub_object(unsigned short, unsigned short) 0x08000925   Thumb Code     0  pixels.o(i._ZN10PixelsBaseC1Ett)
    ClickButton::ClickButton(unsigned char, unsigned short, bool) 0x080009ad   Thumb Code    30  inverter.o(i._ZN11ClickButtonC1Ehtb)
    ClickButton::ClickButton__sub_object(unsigned char, unsigned short, bool) 0x080009ad   Thumb Code     0  inverter.o(i._ZN11ClickButtonC1Ehtb)
    RGB::RGB(unsigned char, unsigned char, unsigned char) 0x080009cb   Thumb Code     8  pixels.o(i._ZN3RGBC1Ehhh)
    RGB::RGB__sub_object(unsigned char, unsigned char, unsigned char) 0x080009cb   Thumb Code     0  pixels.o(i._ZN3RGBC1Ehhh)
    adc_calibration_enable                   0x08000acd   Thumb Code    32  gd32f3x0_adc.o(i.adc_calibration_enable)
    adc_channel_length_config                0x08000af1   Thumb Code    54  gd32f3x0_adc.o(i.adc_channel_length_config)
    adc_data_alignment_config                0x08000b2d   Thumb Code    22  gd32f3x0_adc.o(i.adc_data_alignment_config)
    adc_enable                               0x08000b49   Thumb Code    18  gd32f3x0_adc.o(i.adc_enable)
    adc_external_trigger_config              0x08000b61   Thumb Code    56  gd32f3x0_adc.o(i.adc_external_trigger_config)
    adc_external_trigger_source_config       0x08000b9d   Thumb Code    34  gd32f3x0_adc.o(i.adc_external_trigger_source_config)
    adc_regular_channel_config               0x08000bc5   Thumb Code   114  gd32f3x0_adc.o(i.adc_regular_channel_config)
    adc_resolution_config                    0x08000c3d   Thumb Code    18  gd32f3x0_adc.o(i.adc_resolution_config)
    adc_software_trigger_enable              0x08000c55   Thumb Code    28  gd32f3x0_adc.o(i.adc_software_trigger_enable)
    adc_special_function_config              0x08000c75   Thumb Code    86  gd32f3x0_adc.o(i.adc_special_function_config)
    delay_1ms                                0x08000cd1   Thumb Code    12  systick.o(i.delay_1ms)
    delay_decrement                          0x08000ce1   Thumb Code    16  systick.o(i.delay_decrement)
    gpio_af_set                              0x08000cf5   Thumb Code   100  gd32f3x0_gpio.o(i.gpio_af_set)
    gpio_mode_set                            0x08000d59   Thumb Code    68  gd32f3x0_gpio.o(i.gpio_mode_set)
    gpio_output_options_set                  0x08000d9d   Thumb Code   112  gd32f3x0_gpio.o(i.gpio_output_options_set)
    i2c_ack_config                           0x08000e0d   Thumb Code    20  gd32f3x0_i2c.o(i.i2c_ack_config)
    i2c_clock_config                         0x08000e21   Thumb Code   240  gd32f3x0_i2c.o(i.i2c_clock_config)
    i2c_enable                               0x08000f1d   Thumb Code    10  gd32f3x0_i2c.o(i.i2c_enable)
    i2c_mode_addr_config                     0x08000f27   Thumb Code    22  gd32f3x0_i2c.o(i.i2c_mode_addr_config)
    main                                     0x08000f3d   Thumb Code    46  main.o(i.main)
    nvic_irq_enable                          0x08000f6d   Thumb Code   132  gd32f3x0_misc.o(i.nvic_irq_enable)
    nvic_priority_group_set                  0x08000ff5   Thumb Code    10  gd32f3x0_misc.o(i.nvic_priority_group_set)
    nvic_vector_table_set                    0x08001009   Thumb Code    12  gd32f3x0_misc.o(i.nvic_vector_table_set)
    rcu_adc_clock_config                     0x0800101d   Thumb Code   136  gd32f3x0_rcu.o(i.rcu_adc_clock_config)
    rcu_clock_freq_get                       0x080010ad   Thumb Code   404  gd32f3x0_rcu.o(i.rcu_clock_freq_get)
    rcu_periph_clock_enable                  0x08001269   Thumb Code    22  gd32f3x0_rcu.o(i.rcu_periph_clock_enable)
    rcu_periph_reset_disable                 0x08001285   Thumb Code    22  gd32f3x0_rcu.o(i.rcu_periph_reset_disable)
    rcu_periph_reset_enable                  0x080012a1   Thumb Code    22  gd32f3x0_rcu.o(i.rcu_periph_reset_enable)
    receive_uart_int                         0x080012bd   Thumb Code    38  main.o(i.receive_uart_int)
    spi_dma_enable                           0x080012f1   Thumb Code    20  gd32f3x0_spi.o(i.spi_dma_enable)
    spi_enable                               0x08001305   Thumb Code    10  gd32f3x0_spi.o(i.spi_enable)
    spi_init                                 0x0800130f   Thumb Code    46  gd32f3x0_spi.o(i.spi_init)
    systick_config                           0x080013a1   Thumb Code    60  systick.o(i.systick_config)
    timer_auto_reload_shadow_enable          0x080013e1   Thumb Code    10  gd32f3x0_timer.o(i.timer_auto_reload_shadow_enable)
    timer_channel_output_config              0x080013ed   Thumb Code   476  gd32f3x0_timer.o(i.timer_channel_output_config)
    timer_channel_output_mode_config         0x080015d9   Thumb Code    78  gd32f3x0_timer.o(i.timer_channel_output_mode_config)
    timer_channel_output_pulse_value_config  0x08001627   Thumb Code    30  gd32f3x0_timer.o(i.timer_channel_output_pulse_value_config)
    timer_channel_output_shadow_config       0x08001645   Thumb Code    78  gd32f3x0_timer.o(i.timer_channel_output_shadow_config)
    timer_deinit                             0x08001695   Thumb Code   106  gd32f3x0_timer.o(i.timer_deinit)
    timer_disable                            0x08001709   Thumb Code    10  gd32f3x0_timer.o(i.timer_disable)
    timer_enable                             0x08001713   Thumb Code    10  gd32f3x0_timer.o(i.timer_enable)
    timer_init                               0x0800171d   Thumb Code   136  gd32f3x0_timer.o(i.timer_init)
    timer_interrupt_flag_clear               0x080017bd   Thumb Code     6  gd32f3x0_timer.o(i.timer_interrupt_flag_clear)
    timer_interrupt_flag_get                 0x080017c3   Thumb Code    20  gd32f3x0_timer.o(i.timer_interrupt_flag_get)
    timer_primary_output_config              0x080017d7   Thumb Code    20  gd32f3x0_timer.o(i.timer_primary_output_config)
    usart_baudrate_set                       0x080017ed   Thumb Code    86  gd32f3x0_usart.o(i.usart_baudrate_set)
    usart_data_receive                       0x08001849   Thumb Code     8  gd32f3x0_usart.o(i.usart_data_receive)
    usart_deinit                             0x08001851   Thumb Code    42  gd32f3x0_usart.o(i.usart_deinit)
    usart_dma_receive_config                 0x08001881   Thumb Code    16  gd32f3x0_usart.o(i.usart_dma_receive_config)
    usart_enable                             0x08001891   Thumb Code    10  gd32f3x0_usart.o(i.usart_enable)
    usart_flag_get                           0x0800189b   Thumb Code    22  gd32f3x0_usart.o(i.usart_flag_get)
    usart_interrupt_enable                   0x080018b1   Thumb Code    20  gd32f3x0_usart.o(i.usart_interrupt_enable)
    usart_interrupt_flag_clear               0x080018c5   Thumb Code    34  gd32f3x0_usart.o(i.usart_interrupt_flag_clear)
    usart_interrupt_flag_get                 0x080018ed   Thumb Code    46  gd32f3x0_usart.o(i.usart_interrupt_flag_get)
    usart_parity_config                      0x0800191b   Thumb Code    24  gd32f3x0_usart.o(i.usart_parity_config)
    usart_receive_config                     0x08001933   Thumb Code    16  gd32f3x0_usart.o(i.usart_receive_config)
    usart_stop_bit_set                       0x08001943   Thumb Code    24  gd32f3x0_usart.o(i.usart_stop_bit_set)
    usart_transmit_config                    0x0800195b   Thumb Code    16  gd32f3x0_usart.o(i.usart_transmit_config)
    usart_word_length_set                    0x0800196b   Thumb Code    24  gd32f3x0_usart.o(i.usart_word_length_set)
    _fp_init                                 0x08001983   Thumb Code    10  fpinit.o(x$fpl$fpinit)
    __fplib_config_fpu_vfp                   0x0800198b   Thumb Code     0  fpinit.o(x$fpl$fpinit)
    __fplib_config_pureend_doubles           0x0800198b   Thumb Code     0  fpinit.o(x$fpl$fpinit)
    vtable for PixelsBase                    0x0800198c   Data          52  pixels.o(.constdata__ZTV10PixelsBase)
    vtable for Pixels                        0x080019c0   Data          52  inverter.o(.constdata__ZTV6Pixels)
    Region$$Table$$Base                      0x080019f4   Number         0  anon$$obj.o(Region$$Table)
    Region$$Table$$Limit                     0x08001a14   Number         0  anon$$obj.o(Region$$Table)
    SHT$$INIT_ARRAY$$Base                    0x08001a14   Number         0  inverter.o(.init_array)
    SHT$$INIT_ARRAY$$Limit                   0x08001a18   Number         0  init_aeabi.o(.init_array)
    idle_flag_stat                           0x20000001   Data           1  main.o(.data)
    uwtick                                   0x20000004   Data           4  systick.o(.data)
    SystemCoreClock                          0x2000000c   Data           4  system_gd32f3x0.o(.data)
    recv_buffer                              0x20000010   Data          16  main.o(.bss)
    _key_window                              0x2000003c   Data          28  inverter.o(.bss)
    _key_power                               0x20000058   Data          28  inverter.o(.bss)
    _key_menu                                0x20000074   Data          28  inverter.o(.bss)
    _key_back                                0x20000090   Data          28  inverter.o(.bss)
    _key_down                                0x200000ac   Data          28  inverter.o(.bss)
    _key_up                                  0x200000c8   Data          28  inverter.o(.bss)
    pxs                                      0x200000e8   Data          56  inverter.o(.bss)
    _dateTime                                0x20000164   Data          44  inverter.o(.bss)
    __libspace_start                         0x20000190   Data          96  libspace.o(.bss)
    __temporary_stack_top$libspace           0x200001f0   Data           0  libspace.o(.bss)



==============================================================================

Memory Map of the image

  Image Entry point : 0x08000151

  Load Region LR_IROM1 (Base: 0x08000000, Size: 0x00001a28, Max: 0x00020000, ABSOLUTE)

    Execution Region ER_IROM1 (Exec base: 0x08000000, Load base: 0x08000000, Size: 0x00001a18, Max: 0x00020000, ABSOLUTE)

    Exec Addr    Load Addr    Size         Type   Attr      Idx    E Section Name        Object

    0x08000000   0x08000000   0x00000150   Data   RO         1506    RESET               startup_gd32f3x0.o
    0x08000150   0x08000150   0x00000008   Code   RO         5236  * !!!main             c_w.l(__main.o)
    0x08000158   0x08000158   0x00000034   Code   RO         5839    !!!scatter          c_w.l(__scatter.o)
    0x0800018c   0x0800018c   0x0000001a   Code   RO         5841    !!handler_copy      c_w.l(__scatter_copy.o)
    0x080001a6   0x080001a6   0x00000002   PAD
    0x080001a8   0x080001a8   0x0000001c   Code   RO         5843    !!handler_zi        c_w.l(__scatter_zi.o)
    0x080001c4   0x080001c4   0x00000002   Code   RO         5731    .ARM.Collect$$libinit$$00000000  c_w.l(libinit.o)
    0x080001c6   0x080001c6   0x00000004   Code   RO         5442    .ARM.Collect$$libinit$$00000001  c_w.l(libinit2.o)
    0x080001ca   0x080001ca   0x00000000   Code   RO         5445    .ARM.Collect$$libinit$$00000004  c_w.l(libinit2.o)
    0x080001ca   0x080001ca   0x00000000   Code   RO         5448    .ARM.Collect$$libinit$$0000000A  c_w.l(libinit2.o)
    0x080001ca   0x080001ca   0x00000000   Code   RO         5450    .ARM.Collect$$libinit$$0000000C  c_w.l(libinit2.o)
    0x080001ca   0x080001ca   0x00000000   Code   RO         5452    .ARM.Collect$$libinit$$0000000E  c_w.l(libinit2.o)
    0x080001ca   0x080001ca   0x00000000   Code   RO         5455    .ARM.Collect$$libinit$$00000011  c_w.l(libinit2.o)
    0x080001ca   0x080001ca   0x00000000   Code   RO         5457    .ARM.Collect$$libinit$$00000013  c_w.l(libinit2.o)
    0x080001ca   0x080001ca   0x00000000   Code   RO         5459    .ARM.Collect$$libinit$$00000015  c_w.l(libinit2.o)
    0x080001ca   0x080001ca   0x00000000   Code   RO         5461    .ARM.Collect$$libinit$$00000017  c_w.l(libinit2.o)
    0x080001ca   0x080001ca   0x00000000   Code   RO         5463    .ARM.Collect$$libinit$$00000019  c_w.l(libinit2.o)
    0x080001ca   0x080001ca   0x00000000   Code   RO         5465    .ARM.Collect$$libinit$$0000001B  c_w.l(libinit2.o)
    0x080001ca   0x080001ca   0x00000000   Code   RO         5467    .ARM.Collect$$libinit$$0000001D  c_w.l(libinit2.o)
    0x080001ca   0x080001ca   0x00000000   Code   RO         5469    .ARM.Collect$$libinit$$0000001F  c_w.l(libinit2.o)
    0x080001ca   0x080001ca   0x00000000   Code   RO         5471    .ARM.Collect$$libinit$$00000021  c_w.l(libinit2.o)
    0x080001ca   0x080001ca   0x00000000   Code   RO         5473    .ARM.Collect$$libinit$$00000023  c_w.l(libinit2.o)
    0x080001ca   0x080001ca   0x00000000   Code   RO         5475    .ARM.Collect$$libinit$$00000025  c_w.l(libinit2.o)
    0x080001ca   0x080001ca   0x00000000   Code   RO         5479    .ARM.Collect$$libinit$$0000002C  c_w.l(libinit2.o)
    0x080001ca   0x080001ca   0x00000000   Code   RO         5481    .ARM.Collect$$libinit$$0000002E  c_w.l(libinit2.o)
    0x080001ca   0x080001ca   0x00000000   Code   RO         5483    .ARM.Collect$$libinit$$00000030  c_w.l(libinit2.o)
    0x080001ca   0x080001ca   0x00000004   Code   RO         5484    .ARM.Collect$$libinit$$00000031  c_w.l(libinit2.o)
    0x080001ce   0x080001ce   0x00000000   Code   RO         5485    .ARM.Collect$$libinit$$00000032  c_w.l(libinit2.o)
    0x080001ce   0x080001ce   0x00000002   Code   RO         5486    .ARM.Collect$$libinit$$00000033  c_w.l(libinit2.o)
    0x080001d0   0x080001d0   0x00000002   Code   RO         5802    .ARM.Collect$$libshutdown$$00000000  c_w.l(libshutdown.o)
    0x080001d2   0x080001d2   0x00000000   Code   RO         5804    .ARM.Collect$$libshutdown$$00000002  c_w.l(libshutdown2.o)
    0x080001d2   0x080001d2   0x00000000   Code   RO         5806    .ARM.Collect$$libshutdown$$00000004  c_w.l(libshutdown2.o)
    0x080001d2   0x080001d2   0x00000000   Code   RO         5809    .ARM.Collect$$libshutdown$$00000007  c_w.l(libshutdown2.o)
    0x080001d2   0x080001d2   0x00000000   Code   RO         5812    .ARM.Collect$$libshutdown$$0000000A  c_w.l(libshutdown2.o)
    0x080001d2   0x080001d2   0x00000000   Code   RO         5814    .ARM.Collect$$libshutdown$$0000000C  c_w.l(libshutdown2.o)
    0x080001d2   0x080001d2   0x00000000   Code   RO         5817    .ARM.Collect$$libshutdown$$0000000F  c_w.l(libshutdown2.o)
    0x080001d2   0x080001d2   0x00000002   Code   RO         5818    .ARM.Collect$$libshutdown$$00000010  c_w.l(libshutdown2.o)
    0x080001d4   0x080001d4   0x00000000   Code   RO         5423    .ARM.Collect$$rtentry$$00000000  c_w.l(__rtentry.o)
    0x080001d4   0x080001d4   0x00000000   Code   RO         5553    .ARM.Collect$$rtentry$$00000002  c_w.l(__rtentry2.o)
    0x080001d4   0x080001d4   0x00000006   Code   RO         5565    .ARM.Collect$$rtentry$$00000004  c_w.l(__rtentry4.o)
    0x080001da   0x080001da   0x00000000   Code   RO         5555    .ARM.Collect$$rtentry$$00000009  c_w.l(__rtentry2.o)
    0x080001da   0x080001da   0x00000004   Code   RO         5556    .ARM.Collect$$rtentry$$0000000A  c_w.l(__rtentry2.o)
    0x080001de   0x080001de   0x00000000   Code   RO         5558    .ARM.Collect$$rtentry$$0000000C  c_w.l(__rtentry2.o)
    0x080001de   0x080001de   0x00000008   Code   RO         5559    .ARM.Collect$$rtentry$$0000000D  c_w.l(__rtentry2.o)
    0x080001e6   0x080001e6   0x00000002   Code   RO         5749    .ARM.Collect$$rtexit$$00000000  c_w.l(rtexit.o)
    0x080001e8   0x080001e8   0x00000000   Code   RO         5776    .ARM.Collect$$rtexit$$00000002  c_w.l(rtexit2.o)
    0x080001e8   0x080001e8   0x00000004   Code   RO         5777    .ARM.Collect$$rtexit$$00000003  c_w.l(rtexit2.o)
    0x080001ec   0x080001ec   0x00000006   Code   RO         5778    .ARM.Collect$$rtexit$$00000004  c_w.l(rtexit2.o)
    0x080001f2   0x080001f2   0x00000002   PAD
    0x080001f4   0x080001f4   0x00000040   Code   RO         1507    .text               startup_gd32f3x0.o
    0x08000234   0x08000234   0x00000006   Code   RO         5234    .text               c_w.l(heapauxi.o)
    0x0800023a   0x0800023a   0x00000002   PAD
    0x0800023c   0x0800023c   0x00000024   Code   RO         5241    .text               c_w.l(init_aeabi.o)
    0x08000260   0x08000260   0x00000008   Code   RO         5679    .text               c_w.l(libspace.o)
    0x08000268   0x08000268   0x0000004a   Code   RO         5684    .text               c_w.l(sys_stackheap_outer.o)
    0x080002b2   0x080002b2   0x00000012   Code   RO         5716    .text               c_w.l(exit.o)
    0x080002c4   0x080002c4   0x0000000c   Code   RO         5747    .text               c_w.l(sys_exit.o)
    0x080002d0   0x080002d0   0x00000002   Code   RO         5772    .text               c_w.l(use_no_semi.o)
    0x080002d2   0x080002d2   0x00000000   Code   RO         5774    .text               c_w.l(indicate_semi.o)
    0x080002d2   0x080002d2   0x00000002   Code   RO            3    i.BusFault_Handler  gd32f3x0_it.o
    0x080002d4   0x080002d4   0x00000002   Code   RO            4    i.DebugMon_Handler  gd32f3x0_it.o
    0x080002d6   0x080002d6   0x00000002   Code   RO            5    i.HardFault_Handler  gd32f3x0_it.o
    0x080002d8   0x080002d8   0x00000002   Code   RO            6    i.MemManage_Handler  gd32f3x0_it.o
    0x080002da   0x080002da   0x00000002   Code   RO            7    i.NMI_Handler       gd32f3x0_it.o
    0x080002dc   0x080002dc   0x00000020   Code   RO          392    i.NVIC_SetPriority  systick.o
    0x080002fc   0x080002fc   0x00000002   Code   RO            8    i.PendSV_Handler    gd32f3x0_it.o
    0x080002fe   0x080002fe   0x00000002   Code   RO            9    i.SVC_Handler       gd32f3x0_it.o
    0x08000300   0x08000300   0x0000000e   Code   RO           10    i.SysTick_Handler   gd32f3x0_it.o
    0x0800030e   0x0800030e   0x00000002   PAD
    0x08000310   0x08000310   0x00000148   Code   RO         1466    i.SystemInit        system_gd32f3x0.o
    0x08000458   0x08000458   0x00000010   Code   RO          394    i.SystemTickInc     systick.o
    0x08000468   0x08000468   0x00000028   Code   RO           11    i.TIMER13_IRQHandler  gd32f3x0_it.o
    0x08000490   0x08000490   0x00000002   Code   RO          179    i.TIMER_Heat_callback  main.o
    0x08000492   0x08000492   0x00000002   PAD
    0x08000494   0x08000494   0x00000054   Code   RO           12    i.USART1_IRQHandler  gd32f3x0_it.o
    0x080004e8   0x080004e8   0x00000002   Code   RO           13    i.UsageFault_Handler  gd32f3x0_it.o
    0x080004ea   0x080004ea   0x0000005c   Code   RO          180    i._Z10adc_configv   main.o
    0x08000546   0x08000546   0x00000002   PAD
    0x08000548   0x08000548   0x00000034   Code   RO          181    i._Z10i2c_configv   main.o
    0x0800057c   0x0800057c   0x0000004c   Code   RO          182    i._Z10rcu_configv   main.o
    0x080005c8   0x080005c8   0x0000014c   Code   RO          183    i._Z11gpio_configv  main.o
    0x08000714   0x08000714   0x00000094   Code   RO          185    i._Z17pwm_config_buzzerv  main.o
    0x080007a8   0x080007a8   0x0000008c   Code   RO          186    i._Z17pwm_config_lcd_blv  main.o
    0x08000834   0x08000834   0x0000003c   Code   RO          187    i._Z9spi0_initv     main.o
    0x08000870   0x08000870   0x00000084   Code   RO          188    i._Z9uart_initv     main.o
    0x080008f4   0x080008f4   0x00000010   Code   RO          943    i._ZN10PixelsBase8setColorE3RGB  inverter.o
    0x08000904   0x08000904   0x00000020   Code   RO         1371    i._ZN10PixelsBase8setColorEhhh  pixels.o
    0x08000924   0x08000924   0x00000088   Code   RO         1153    i._ZN10PixelsBaseC1Ett  pixels.o
    0x080009ac   0x080009ac   0x0000001e   Code   RO          937    i._ZN11ClickButtonC1Ehtb  inverter.o
    0x080009ca   0x080009ca   0x00000008   Code   RO         1157    i._ZN3RGBC1Ehhh     pixels.o
    0x080009d2   0x080009d2   0x00000002   PAD
    0x080009d4   0x080009d4   0x000000f8   Code   RO          525    i.__sti___10_inverter_c_ffec7761  inverter.o
    0x08000acc   0x08000acc   0x00000024   Code   RO         1513    i.adc_calibration_enable  gd32f3x0_adc.o
    0x08000af0   0x08000af0   0x0000003c   Code   RO         1514    i.adc_channel_length_config  gd32f3x0_adc.o
    0x08000b2c   0x08000b2c   0x0000001c   Code   RO         1515    i.adc_data_alignment_config  gd32f3x0_adc.o
    0x08000b48   0x08000b48   0x00000018   Code   RO         1521    i.adc_enable        gd32f3x0_adc.o
    0x08000b60   0x08000b60   0x0000003c   Code   RO         1522    i.adc_external_trigger_config  gd32f3x0_adc.o
    0x08000b9c   0x08000b9c   0x00000028   Code   RO         1523    i.adc_external_trigger_source_config  gd32f3x0_adc.o
    0x08000bc4   0x08000bc4   0x00000078   Code   RO         1536    i.adc_regular_channel_config  gd32f3x0_adc.o
    0x08000c3c   0x08000c3c   0x00000018   Code   RO         1538    i.adc_resolution_config  gd32f3x0_adc.o
    0x08000c54   0x08000c54   0x00000020   Code   RO         1539    i.adc_software_trigger_enable  gd32f3x0_adc.o
    0x08000c74   0x08000c74   0x0000005c   Code   RO         1540    i.adc_special_function_config  gd32f3x0_adc.o
    0x08000cd0   0x08000cd0   0x00000010   Code   RO          395    i.delay_1ms         systick.o
    0x08000ce0   0x08000ce0   0x00000014   Code   RO          397    i.delay_decrement   systick.o
    0x08000cf4   0x08000cf4   0x00000064   Code   RO         2707    i.gpio_af_set       gd32f3x0_gpio.o
    0x08000d58   0x08000d58   0x00000044   Code   RO         2715    i.gpio_mode_set     gd32f3x0_gpio.o
    0x08000d9c   0x08000d9c   0x00000070   Code   RO         2717    i.gpio_output_options_set  gd32f3x0_gpio.o
    0x08000e0c   0x08000e0c   0x00000014   Code   RO         2814    i.i2c_ack_config    gd32f3x0_i2c.o
    0x08000e20   0x08000e20   0x000000fc   Code   RO         2816    i.i2c_clock_config  gd32f3x0_i2c.o
    0x08000f1c   0x08000f1c   0x0000000a   Code   RO         2825    i.i2c_enable        gd32f3x0_i2c.o
    0x08000f26   0x08000f26   0x00000016   Code   RO         2833    i.i2c_mode_addr_config  gd32f3x0_i2c.o
    0x08000f3c   0x08000f3c   0x0000002e   Code   RO          189    i.main              main.o
    0x08000f6a   0x08000f6a   0x00000002   PAD
    0x08000f6c   0x08000f6c   0x00000088   Code   RO         3018    i.nvic_irq_enable   gd32f3x0_misc.o
    0x08000ff4   0x08000ff4   0x00000014   Code   RO         3019    i.nvic_priority_group_set  gd32f3x0_misc.o
    0x08001008   0x08001008   0x00000014   Code   RO         3020    i.nvic_vector_table_set  gd32f3x0_misc.o
    0x0800101c   0x0800101c   0x00000090   Code   RO         3208    i.rcu_adc_clock_config  gd32f3x0_rcu.o
    0x080010ac   0x080010ac   0x000001bc   Code   RO         3218    i.rcu_clock_freq_get  gd32f3x0_rcu.o
    0x08001268   0x08001268   0x0000001c   Code   RO         3238    i.rcu_periph_clock_enable  gd32f3x0_rcu.o
    0x08001284   0x08001284   0x0000001c   Code   RO         3241    i.rcu_periph_reset_disable  gd32f3x0_rcu.o
    0x080012a0   0x080012a0   0x0000001c   Code   RO         3242    i.rcu_periph_reset_enable  gd32f3x0_rcu.o
    0x080012bc   0x080012bc   0x00000034   Code   RO          190    i.receive_uart_int  main.o
    0x080012f0   0x080012f0   0x00000014   Code   RO         3702    i.spi_dma_enable    gd32f3x0_spi.o
    0x08001304   0x08001304   0x0000000a   Code   RO         3703    i.spi_enable        gd32f3x0_spi.o
    0x0800130e   0x0800130e   0x0000002e   Code   RO         3712    i.spi_init          gd32f3x0_spi.o
    0x0800133c   0x0800133c   0x00000064   Code   RO         1467    i.system_clock_84m_irc8m  system_gd32f3x0.o
    0x080013a0   0x080013a0   0x00000040   Code   RO          398    i.systick_config    systick.o
    0x080013e0   0x080013e0   0x0000000a   Code   RO         4000    i.timer_auto_reload_shadow_enable  gd32f3x0_timer.o
    0x080013ea   0x080013ea   0x00000002   PAD
    0x080013ec   0x080013ec   0x000001ec   Code   RO         4017    i.timer_channel_output_config  gd32f3x0_timer.o
    0x080015d8   0x080015d8   0x0000004e   Code   RO         4019    i.timer_channel_output_mode_config  gd32f3x0_timer.o
    0x08001626   0x08001626   0x0000001e   Code   RO         4021    i.timer_channel_output_pulse_value_config  gd32f3x0_timer.o
    0x08001644   0x08001644   0x0000004e   Code   RO         4022    i.timer_channel_output_shadow_config  gd32f3x0_timer.o
    0x08001692   0x08001692   0x00000002   PAD
    0x08001694   0x08001694   0x00000074   Code   RO         4031    i.timer_deinit      gd32f3x0_timer.o
    0x08001708   0x08001708   0x0000000a   Code   RO         4032    i.timer_disable     gd32f3x0_timer.o
    0x08001712   0x08001712   0x0000000a   Code   RO         4036    i.timer_enable      gd32f3x0_timer.o
    0x0800171c   0x0800171c   0x000000a0   Code   RO         4046    i.timer_init        gd32f3x0_timer.o
    0x080017bc   0x080017bc   0x00000006   Code   RO         4054    i.timer_interrupt_flag_clear  gd32f3x0_timer.o
    0x080017c2   0x080017c2   0x00000014   Code   RO         4055    i.timer_interrupt_flag_get  gd32f3x0_timer.o
    0x080017d6   0x080017d6   0x00000014   Code   RO         4062    i.timer_primary_output_config  gd32f3x0_timer.o
    0x080017ea   0x080017ea   0x00000002   PAD
    0x080017ec   0x080017ec   0x0000005c   Code   RO         4682    i.usart_baudrate_set  gd32f3x0_usart.o
    0x08001848   0x08001848   0x00000008   Code   RO         4688    i.usart_data_receive  gd32f3x0_usart.o
    0x08001850   0x08001850   0x00000030   Code   RO         4690    i.usart_deinit      gd32f3x0_usart.o
    0x08001880   0x08001880   0x00000010   Code   RO         4693    i.usart_dma_receive_config  gd32f3x0_usart.o
    0x08001890   0x08001890   0x0000000a   Code   RO         4697    i.usart_enable      gd32f3x0_usart.o
    0x0800189a   0x0800189a   0x00000016   Code   RO         4699    i.usart_flag_get    gd32f3x0_usart.o
    0x080018b0   0x080018b0   0x00000014   Code   RO         4706    i.usart_interrupt_enable  gd32f3x0_usart.o
    0x080018c4   0x080018c4   0x00000028   Code   RO         4707    i.usart_interrupt_flag_clear  gd32f3x0_usart.o
    0x080018ec   0x080018ec   0x0000002e   Code   RO         4708    i.usart_interrupt_flag_get  gd32f3x0_usart.o
    0x0800191a   0x0800191a   0x00000018   Code   RO         4722    i.usart_parity_config  gd32f3x0_usart.o
    0x08001932   0x08001932   0x00000010   Code   RO         4724    i.usart_receive_config  gd32f3x0_usart.o
    0x08001942   0x08001942   0x00000018   Code   RO         4743    i.usart_stop_bit_set  gd32f3x0_usart.o
    0x0800195a   0x0800195a   0x00000010   Code   RO         4745    i.usart_transmit_config  gd32f3x0_usart.o
    0x0800196a   0x0800196a   0x00000018   Code   RO         4749    i.usart_word_length_set  gd32f3x0_usart.o
    0x08001982   0x08001982   0x0000000a   Code   RO         5677    x$fpl$fpinit        fz_wm.l(fpinit.o)
    0x0800198c   0x0800198c   0x00000034   Data   RO         1358    .constdata__ZTV10PixelsBase  pixels.o
    0x080019c0   0x080019c0   0x00000034   Data   RO          924    .constdata__ZTV6Pixels  inverter.o
    0x080019f4   0x080019f4   0x00000020   Data   RO         5837    Region$$Table       anon$$obj.o
    0x08001a14   0x08001a14   0x00000004   Data   RO          614    .init_array         inverter.o
    0x08001a18   0x08001a14   0x00000000   Data   RO         5239    .init_array         c_w.l(init_aeabi.o)


    Execution Region RW_IRAM1 (Exec base: 0x20000000, Load base: 0x08001a18, Size: 0x00001bf0, Max: 0x00004000, ABSOLUTE)

    Exec Addr    Load Addr    Size         Type   Attr      Idx    E Section Name        Object

    0x20000000   0x08001a18   0x00000002   Data   RW          206    .data               main.o
    0x20000002   0x08001a1a   0x00000002   PAD
    0x20000004   0x08001a1c   0x00000008   Data   RW          399    .data               systick.o
    0x2000000c   0x08001a24   0x00000004   Data   RW         1468    .data               system_gd32f3x0.o
    0x20000010        -       0x00000010   Zero   RW          205    .bss                main.o
    0x20000020        -       0x00000170   Zero   RW          597    .bss                inverter.o
    0x20000190        -       0x00000060   Zero   RW         5680    .bss                c_w.l(libspace.o)
    0x200001f0        -       0x00001600   Zero   RW         1505    HEAP                startup_gd32f3x0.o
    0x200017f0        -       0x00000400   Zero   RW         1504    STACK               startup_gd32f3x0.o


==============================================================================

Image component sizes


      Code (inc. data)   RO Data    RW Data    ZI Data      Debug   Object Name

       516         54          0          0          0       7494   gd32f3x0_adc.o
       280          0          0          0          0       2804   gd32f3x0_gpio.o
       304         12          0          0          0       3380   gd32f3x0_i2c.o
       154         26          0          0          0      10659   gd32f3x0_it.o
       176         22          0          0          0       2976   gd32f3x0_misc.o
       672         84          0          0          0      21962   gd32f3x0_rcu.o
        76          0          0          0          0       6961   gd32f3x0_spi.o
      1030         50          0          0          0      26237   gd32f3x0_timer.o
       406         18          0          0          0      19595   gd32f3x0_usart.o
       294         10         56          0        368      25035   inverter.o
      1132         42          0          2         16      32690   main.o
       176         14         52          0          0      11573   pixels.o
        64         26        336          0       6656        952   startup_gd32f3x0.o
       428         54          0          4          0       2527   system_gd32f3x0.o
       148         18          0          8          0      32243   systick.o

    ----------------------------------------------------------------------
      5872        430        476         16       7040     207088   Object Totals
         0          0         32          0          0          0   (incl. Generated)
        16          0          0          2          0          0   (incl. Padding)

    ----------------------------------------------------------------------

      Code (inc. data)   RO Data    RW Data    ZI Data      Debug   Library Member Name

         8          0          0          0          0         68   __main.o
         0          0          0          0          0          0   __rtentry.o
        12          0          0          0          0          0   __rtentry2.o
         6          0          0          0          0          0   __rtentry4.o
        52          8          0          0          0          0   __scatter.o
        26          0          0          0          0          0   __scatter_copy.o
        28          0          0          0          0          0   __scatter_zi.o
        18          0          0          0          0         80   exit.o
         6          0          0          0          0        152   heapauxi.o
         0          0          0          0          0          0   indicate_semi.o
        36         10          0          0          0         80   init_aeabi.o
         2          0          0          0          0          0   libinit.o
        10          0          0          0          0          0   libinit2.o
         2          0          0          0          0          0   libshutdown.o
         2          0          0          0          0          0   libshutdown2.o
         8          4          0          0         96         68   libspace.o
         2          0          0          0          0          0   rtexit.o
        10          0          0          0          0          0   rtexit2.o
        12          4          0          0          0         68   sys_exit.o
        74          0          0          0          0         80   sys_stackheap_outer.o
         2          0          0          0          0         68   use_no_semi.o
        10          0          0          0          0        116   fpinit.o

    ----------------------------------------------------------------------
       332         26          0          0         96        780   Library Totals
         6          0          0          0          0          0   (incl. Padding)

    ----------------------------------------------------------------------

      Code (inc. data)   RO Data    RW Data    ZI Data      Debug   Library Name

       316         26          0          0         96        664   c_w.l
        10          0          0          0          0        116   fz_wm.l

    ----------------------------------------------------------------------
       332         26          0          0         96        780   Library Totals

    ----------------------------------------------------------------------

==============================================================================


      Code (inc. data)   RO Data    RW Data    ZI Data      Debug   

      6204        456        476         16       7136     199460   Grand Totals
      6204        456        476         16       7136     199460   ELF Image Totals
      6204        456        476         16          0          0   ROM Totals

==============================================================================

    Total RO  Size (Code + RO Data)                 6680 (   6.52kB)
    Total RW  Size (RW Data + ZI Data)              7152 (   6.98kB)
    Total ROM Size (Code + RO Data + RW Data)       6696 (   6.54kB)

==============================================================================

