Component: ARM Compiler 5.06 update 5 (build 528) Tool: armlink [4d35e2]

==============================================================================

Section Cross References

    gd32f3x0_it.o(i.RTC_IRQHandler) refers to gd32f3x0_rtc.o(i.rtc_flag_get) for rtc_flag_get
    gd32f3x0_it.o(i.RTC_IRQHandler) refers to gd32f3x0_rtc.o(i.rtc_flag_clear) for rtc_flag_clear
    gd32f3x0_it.o(i.RTC_IRQHandler) refers to inverter.o(i.rtc_alarm_callback) for rtc_alarm_callback
    gd32f3x0_it.o(i.SysTick_Handler) refers to systick.o(i.delay_decrement) for delay_decrement
    gd32f3x0_it.o(i.SysTick_Handler) refers to systick.o(i.SystemTickInc) for SystemTickInc
    gd32f3x0_it.o(i.TIMER13_IRQHandler) refers to gd32f3x0_timer.o(i.timer_interrupt_flag_get) for timer_interrupt_flag_get
    gd32f3x0_it.o(i.TIMER13_IRQHandler) refers to gd32f3x0_timer.o(i.timer_interrupt_flag_clear) for timer_interrupt_flag_clear
    gd32f3x0_it.o(i.TIMER13_IRQHandler) refers to inverter.o(i.TIMER_Heat_callback) for TIMER_Heat_callback
    gd32f3x0_it.o(i.USART1_IRQHandler) refers to gd32f3x0_usart.o(i.usart_interrupt_flag_get) for usart_interrupt_flag_get
    gd32f3x0_it.o(i.USART1_IRQHandler) refers to gd32f3x0_usart.o(i.usart_data_receive) for usart_data_receive
    gd32f3x0_it.o(i.USART1_IRQHandler) refers to gd32f3x0_usart.o(i.usart_interrupt_flag_clear) for usart_interrupt_flag_clear
    gd32f3x0_it.o(i.USART1_IRQHandler) refers to wifi.o(.bss) for recv_buffer
    gd32f3x0_it.o(i.USART1_IRQHandler) refers to wifi.o(.data) for rxcount
    main.o(i._Z10RTC_configv) refers to gd32f3x0_rcu.o(i.rcu_periph_clock_enable) for rcu_periph_clock_enable
    main.o(i._Z10RTC_configv) refers to gd32f3x0_pmu.o(i.pmu_backup_write_enable) for pmu_backup_write_enable
    main.o(i._Z10RTC_configv) refers to gd32f3x0_rcu.o(i.rcu_osci_on) for rcu_osci_on
    main.o(i._Z10RTC_configv) refers to gd32f3x0_rcu.o(i.rcu_osci_stab_wait) for rcu_osci_stab_wait
    main.o(i._Z10RTC_configv) refers to gd32f3x0_rcu.o(i.rcu_rtc_clock_config) for rcu_rtc_clock_config
    main.o(i._Z10RTC_configv) refers to gd32f3x0_rtc.o(i.rtc_register_sync_wait) for rtc_register_sync_wait
    main.o(i._Z10adc_configv) refers to gd32f3x0_adc.o(i.adc_special_function_config) for adc_special_function_config
    main.o(i._Z10adc_configv) refers to gd32f3x0_adc.o(i.adc_channel_length_config) for adc_channel_length_config
    main.o(i._Z10adc_configv) refers to gd32f3x0_adc.o(i.adc_regular_channel_config) for adc_regular_channel_config
    main.o(i._Z10adc_configv) refers to gd32f3x0_adc.o(i.adc_resolution_config) for adc_resolution_config
    main.o(i._Z10adc_configv) refers to gd32f3x0_adc.o(i.adc_external_trigger_config) for adc_external_trigger_config
    main.o(i._Z10adc_configv) refers to gd32f3x0_adc.o(i.adc_external_trigger_source_config) for adc_external_trigger_source_config
    main.o(i._Z10adc_configv) refers to gd32f3x0_adc.o(i.adc_data_alignment_config) for adc_data_alignment_config
    main.o(i._Z10adc_configv) refers to gd32f3x0_adc.o(i.adc_enable) for adc_enable
    main.o(i._Z10adc_configv) refers to systick.o(i.delay_1ms) for delay_1ms
    main.o(i._Z10adc_configv) refers to gd32f3x0_adc.o(i.adc_calibration_enable) for adc_calibration_enable
    main.o(i._Z10adc_configv) refers to gd32f3x0_adc.o(i.adc_software_trigger_enable) for adc_software_trigger_enable
    main.o(i._Z10i2c_configv) refers to gd32f3x0_i2c.o(i.i2c_clock_config) for i2c_clock_config
    main.o(i._Z10i2c_configv) refers to gd32f3x0_i2c.o(i.i2c_mode_addr_config) for i2c_mode_addr_config
    main.o(i._Z10i2c_configv) refers to gd32f3x0_i2c.o(i.i2c_enable) for i2c_enable
    main.o(i._Z10rcu_configv) refers to gd32f3x0_rcu.o(i.rcu_periph_clock_enable) for rcu_periph_clock_enable
    main.o(i._Z10rcu_configv) refers to gd32f3x0_rcu.o(i.rcu_adc_clock_config) for rcu_adc_clock_config
    main.o(i._Z11gpio_configv) refers to gd32f3x0_gpio.o(i.gpio_mode_set) for gpio_mode_set
    main.o(i._Z11gpio_configv) refers to gd32f3x0_gpio.o(i.gpio_output_options_set) for gpio_output_options_set
    main.o(i._Z11gpio_configv) refers to gd32f3x0_gpio.o(i.gpio_af_set) for gpio_af_set
    main.o(i._Z17heat_timer_configv) refers to gd32f3x0_rcu.o(i.rcu_periph_clock_enable) for rcu_periph_clock_enable
    main.o(i._Z17heat_timer_configv) refers to gd32f3x0_timer.o(i.timer_deinit) for timer_deinit
    main.o(i._Z17heat_timer_configv) refers to gd32f3x0_timer.o(i.timer_struct_para_init) for timer_struct_para_init
    main.o(i._Z17heat_timer_configv) refers to gd32f3x0_timer.o(i.timer_init) for timer_init
    main.o(i._Z17heat_timer_configv) refers to gd32f3x0_timer.o(i.timer_interrupt_flag_clear) for timer_interrupt_flag_clear
    main.o(i._Z17heat_timer_configv) refers to gd32f3x0_timer.o(i.timer_interrupt_enable) for timer_interrupt_enable
    main.o(i._Z17heat_timer_configv) refers to gd32f3x0_timer.o(i.timer_enable) for timer_enable
[...]
    TempPlus                                 0x08003bdd   Thumb Code    46  inverter.o(i.TempPlus)
    TimeMinus                                0x08003c11   Thumb Code    86  inverter.o(i.TimeMinus)
    TimePlus                                 0x08003c71   Thumb Code    84  inverter.o(i.TimePlus)
    USART1_IRQHandler                        0x08003ccd   Thumb Code    72  gd32f3x0_it.o(i.USART1_IRQHandler)
    UsageFault_Handler                       0x08003d2d   Thumb Code     2  gd32f3x0_it.o(i.UsageFault_Handler)
    MainScreen()                             0x08003d31   Thumb Code    10  inverter.o(i._Z10MainScreenv)
    RTC_config()                             0x08003d41   Thumb Code    52  main.o(i._Z10RTC_configv)
    adc_config()                             0x08003d75   Thumb Code    92  main.o(i._Z10adc_configv)
    i2c_config()                             0x08003dd1   Thumb Code    36  main.o(i._Z10i2c_configv)
    keyPressed()                             0x08003dfd   Thumb Code   198  inverter.o(i._Z10keyPressedv)
    rcu_config()                             0x08003ecd   Thumb Code    84  main.o(i._Z10rcu_configv)
    crc32_1byte(const void*, int, unsigned)  0x08003f21   Thumb Code    32  crc32.o(i._Z11crc32_1bytePKvij)
    gpio_config()                            0x08003f45   Thumb Code   354  main.o(i._Z11gpio_configv)
    startScreen()                            0x080040ad   Thumb Code   774  inverter.o(i._Z11startScreenv)
    DrawDateEdit()                           0x0800440d   Thumb Code   486  inverter.o(i._Z12DrawDateEditv)
    DrawTimeEdit()                           0x08004631   Thumb Code   470  inverter.o(i._Z12DrawTimeEditv)
    DrawCustomDay(int)                       0x08004839   Thumb Code   220  inverter.o(i._Z13DrawCustomDayi)
    DrawLeftRight()                          0x08004925   Thumb Code    34  inverter.o(i._Z13DrawLeftRightv)
    f_open_window(signed char, unsigned char) 0x08004951   Thumb Code   148  inverter.o(i._Z13f_open_windowah)
    heat_timer_config()                      0x080049ed   Thumb Code    94  main.o(i._Z17heat_timer_configv)
    pwm_config_buzzer()                      0x08004a51   Thumb Code   138  main.o(i._Z17pwm_config_buzzerv)
    pwm_config_lcd_bl()                      0x08004ae1   Thumb Code   140  main.o(i._Z17pwm_config_lcd_blv)
    I2C_ClearBusyFlagErratum()               0x08004b6d   Thumb Code   306  inverter.o(i._Z24I2C_ClearBusyFlagErratumv)
    GoOK(int)                                0x08004ca9   Thumb Code   556  inverter.o(i._Z4GoOKi)
    beep()                                   0x08004ee9   Thumb Code    44  inverter.o(i._Z4beepv)
    MenuOK()                                 0x08004f1d   Thumb Code   200  inverter.o(i._Z6MenuOKv)
    isLeap(int)                              0x08004fed   Thumb Code    38  inverter.o(i._Z6isLeapi)
    blocked()                                0x08005015   Thumb Code   164  inverter.o(i._Z7blockedv)
    MenuNext()                               0x080050c1   Thumb Code    64  inverter.o(i._Z8MenuNextv)
    MenuPrev()                               0x08005105   Thumb Code    64  inverter.o(i._Z8MenuPrevv)
    SetPower(signed char)                    0x08005149   Thumb Code   114  inverter.o(i._Z8SetPowera)
    deviceON()                               0x080051c9   Thumb Code    52  inverter.o(i._Z8deviceONv)
    EnterMenu()                              0x08005205   Thumb Code    34  inverter.o(i._Z9EnterMenuv)
    SaveFlash()                              0x0800522d   Thumb Code    78  inverter.o(i._Z9SaveFlashv)
    deviceOFF()                              0x08005285   Thumb Code    64  inverter.o(i._Z9deviceOFFv)
    spi0_init()                              0x080052cd   Thumb Code    56  main.o(i._Z9spi0_initv)
    uart_init()                              0x08005309   Thumb Code   126  main.o(i._Z9uart_initv)
    unblocked()                              0x0800538d   Thumb Code   164  inverter.o(i._Z9unblockedv)
    PixelsBase::printString(short, short, char*, bool, signed char*) 0x08005439   Thumb Code  1536  pixels.o(i._ZN10PixelsBase11printStringEssPcbPa)
    PixelsBase::computeColor(RGB, double)    0x08005a39   Thumb Code   286  pixels.o(i._ZN10PixelsBase12computeColorE3RGBd)
    PixelsBase::computeColor(RGB, unsigned char) 0x08005b69   Thumb Code   106  pixels.o(i._ZN10PixelsBase12computeColorE3RGBh)
    PixelsBase::getTextWidth(char*, signed char*) 0x08005bd3   Thumb Code   176  pixels.o(i._ZN10PixelsBase12getTextWidthEPcPa)
    PixelsBase::fillRectangle(short, short, short, short) 0x08005c83   Thumb Code    50  pixels.o(i._ZN10PixelsBase13fillRectangleEssss)
    PixelsBase::setBackground(RGB)           0x08005cb5   Thumb Code    18  inverter.o(i._ZN10PixelsBase13setBackgroundE3RGB)
    PixelsBase::setOrientation(unsigned char) 0x08005cc7   Thumb Code    52  pixels.o(i._ZN10PixelsBase14setOrientationEh)
    PixelsBase::deviceWriteData(unsigned char, unsigned char) 0x08005cfb   Thumb Code     2  pixels.o(i._ZN10PixelsBase15deviceWriteDataEhh)
    PixelsBase::setCurrentPixel(RGB)         0x08005cfd   Thumb Code    26  pixels.o(i._ZN10PixelsBase15setCurrentPixelE3RGB)
    PixelsBase::setCurrentPixel(short)       0x08005d17   Thumb Code    12  pixels.o(i._ZN10PixelsBase15setCurrentPixelEs)
    PixelsBase::getTextLineHeight()          0x08005d23   Thumb Code    10  pixels.o(i._ZN10PixelsBase17getTextLineHeightEv)
    PixelsBase::fillRoundRectangle(short, short, short, short, short) 0x08005d2d   Thumb Code   412  pixels.o(i._ZN10PixelsBase18fillRoundRectangleEsssss)
    PixelsBase::drawCompressedBitmap(short, short, const unsigned char*) 0x08005ec9   Thumb Code   728  pixels.o(i._ZN10PixelsBase20drawCompressedBitmapEssPKh)
    PixelsBase::sizeCompressedBitmap(short&, short&, const unsigned char*) 0x080061a5   Thumb Code   124  pixels.o(i._ZN10PixelsBase20sizeCompressedBitmapERsS0_PKh)
    PixelsBase::drawRoundRectangleAntialiased(short, short, short, short, short, short, bool) 0x08006221   Thumb Code  1238  pixels.o(i._ZN10PixelsBase29drawRoundRectangleAntialiasedEssssssb)
    PixelsBase::fill(int, short, short, short, short) 0x080066f7   Thumb Code   364  pixels.o(i._ZN10PixelsBase4fillEissss)
    PixelsBase::clear()                      0x08006863   Thumb Code    60  pixels.o(i._ZN10PixelsBase5clearEv)
    PixelsBase::hLine(short, short, short)   0x0800689f   Thumb Code    32  pixels.o(i._ZN10PixelsBase5hLineEsss)
    PixelsBase::print(short, short, char*, signed char*) 0x080068bf   Thumb Code    16  pixels.o(i._ZN10PixelsBase5printEssPcPa)
    PixelsBase::vLine(short, short, short)   0x080068cf   Thumb Code    32  pixels.o(i._ZN10PixelsBase5vLineEsss)
    PixelsBase::setFont(const unsigned char*) 0x080068ef   Thumb Code    40  pixels.o(i._ZN10PixelsBase7setFontEPKh)
    PixelsBase::fillOval(short, short, short, short) 0x08006919   Thumb Code   618  pixels.o(i._ZN10PixelsBase8fillOvalEssss)
    PixelsBase::getPixel(short, short)       0x08006b83   Thumb Code    28  pixels.o(i._ZN10PixelsBase8getPixelEss)
    PixelsBase::putColor(short, short, bool, double) 0x08006ba1   Thumb Code   152  pixels.o(i._ZN10PixelsBase8putColorEssbd)
    PixelsBase::setColor(RGB)                0x08006c41   Thumb Code    16  inverter.o(i._ZN10PixelsBase8setColorE3RGB)
    PixelsBase::setColor(unsigned char, unsigned char, unsigned char) 0x08006c51   Thumb Code    32  pixels.o(i._ZN10PixelsBase8setColorEhhh)
    PixelsBase::cleanText(short, short, char*, signed char*) 0x08006c71   Thumb Code    16  pixels.o(i._ZN10PixelsBase9cleanTextEssPcPa)
    PixelsBase::drawPixel(short, short)      0x08006c81   Thumb Code   148  pixels.o(i._ZN10PixelsBase9drawPixelEss)
    PixelsBase::quickFill(int, short, short, short, short) 0x08006d19   Thumb Code     2  pixels.o(i._ZN10PixelsBase9quickFillEissss)
    PixelsBase::setRegion(short, short, short, short) 0x08006d1b   Thumb Code     2  pixels.o(i._ZN10PixelsBase9setRegionEssss)
    PixelsBase::PixelsBase(unsigned short, unsigned short) 0x08006d1d   Thumb Code   122  pixels.o(i._ZN10PixelsBaseC1Ett)
    PixelsBase::PixelsBase__sub_object(unsigned short, unsigned short) 0x08006d1d   Thumb Code     0  pixels.o(i._ZN10PixelsBaseC1Ett)
    ClickButton::getPressed()                0x08006da5   Thumb Code    24  inverter.o(i._ZN11ClickButton10getPressedEv)
    ClickButton::getLongPressed()            0x08006dbd   Thumb Code    24  inverter.o(i._ZN11ClickButton14getLongPressedEv)
    ClickButton::update()                    0x08006dd5   Thumb Code   176  inverter.o(i._ZN11ClickButton6updateEv)
    ClickButton::ClickButton(unsigned char, unsigned short, bool) 0x08006e85   Thumb Code    30  inverter.o(i._ZN11ClickButtonC1Ehtb)
    ClickButton::ClickButton__sub_object(unsigned char, unsigned short, bool) 0x08006e85   Thumb Code     0  inverter.o(i._ZN11ClickButtonC1Ehtb)
    RGB::convertTo565()                      0x08006ea3   Thumb Code    22  pixels.o(i._ZN3RGB12convertTo565Ev)
    RGB::RGB(unsigned char, unsigned char, unsigned char) 0x08006eb9   Thumb Code     8  pixels.o(i._ZN3RGBC1Ehhh)
    RGB::RGB__sub_object(unsigned char, unsigned char, unsigned char) 0x08006eb9   Thumb Code     0  pixels.o(i._ZN3RGBC1Ehhh)
    PPI16::writeCmd(unsigned char)           0x08006ec1   Thumb Code    14  inverter.o(i._ZN5PPI168writeCmdEh)
    PPI16::writeData(unsigned char)          0x08006ed9   Thumb Code    14  inverter.o(i._ZN5PPI169writeDataEh)
    PPI16::writeData(unsigned char, unsigned char) 0x08006ef1   Thumb Code    32  inverter.o(i._ZN5PPI169writeDataEhh)
    Pixels::displayOff()                     0x08006f19   Thumb Code    18  inverter.o(i._ZN6Pixels10displayOffEv)
    Pixels::deviceWriteData(unsigned char, unsigned char) 0x08006f2b   Thumb Code     4  inverter.o(i._ZN6Pixels15deviceWriteDataEhh)
    Pixels::init()                           0x08006f31   Thumb Code   524  inverter.o(i._ZN6Pixels4initEv)
    Pixels::displayOn()                      0x08007141   Thumb Code    18  inverter.o(i._ZN6Pixels9displayOnEv)
    Pixels::quickFill(int, short, short, short, short) 0x08007155   Thumb Code   322  inverter.o(i._ZN6Pixels9quickFillEissss)
    Pixels::setRegion(short, short, short, short) 0x0800729d   Thumb Code   230  inverter.o(i._ZN6Pixels9setRegionEssss)
    Stream::put(unsigned char)               0x08007383   Thumb Code    16  wifi.o(i._ZN6Stream3putEh)
    Stream::clear()                          0x08007393   Thumb Code    16  wifi.o(i._ZN6Stream5clearEv)
    Stream::flush()                          0x080073a3   Thumb Code    20  wifi.o(i._ZN6Stream5flushEv)
    BitStream::readNumber()                  0x080073b7   Thumb Code    48  pixels.o(i._ZN9BitStream10readNumberEv)
    BitStream::readBit()                     0x080073e7   Thumb Code    30  pixels.o(i._ZN9BitStream7readBitEv)
    BitStream::readBits(unsigned char)       0x08007405   Thumb Code    88  pixels.o(i._ZN9BitStream8readBitsEh)
    std::abs(float)                          0x0800745d   Thumb Code     6  pixels.o(i._ZSt3absf)
    operator delete[] (void*)                0x08007463   Thumb Code     8  array_del.o(i._ZdaPv)
    operator delete (void*)                  0x0800746b   Thumb Code     8  delete.o(i._ZdlPv)
    operator new[] (unsigned)                0x08007473   Thumb Code     8  array_new.o(i._Znaj)
    operator new(unsigned)                   0x0800747d   Thumb Code    34  new.o(i._Znwj)
    __hardfp_logf                            0x080074a5   Thumb Code   320  logf.o(i.__hardfp_logf)
    __mathlib_logf                           0x080074a5   Thumb Code     0  logf.o(i.__hardfp_logf)
    __hardfp_rintf                           0x08007611   Thumb Code    16  rintf.o(i.__hardfp_rintf)
    __hardfp_sqrt                            0x08007621   Thumb Code   122  sqrt.o(i.__hardfp_sqrt)
    __mathlib_flt_divzero                    0x0800769d   Thumb Code    14  funder.o(i.__mathlib_flt_divzero)
    __mathlib_flt_infnan                     0x080076b1   Thumb Code     6  funder.o(i.__mathlib_flt_infnan)
    __mathlib_flt_invalid                    0x080076b9   Thumb Code    10  funder.o(i.__mathlib_flt_invalid)
    _is_digit                                0x080077dd   Thumb Code    14  __printf_wp.o(i._is_digit)
    adc_calibration_enable                   0x080077ed   Thumb Code    32  gd32f3x0_adc.o(i.adc_calibration_enable)
    adc_channel_length_config                0x08007811   Thumb Code    54  gd32f3x0_adc.o(i.adc_channel_length_config)
    adc_data_alignment_config                0x0800784d   Thumb Code    22  gd32f3x0_adc.o(i.adc_data_alignment_config)
    adc_enable                               0x08007869   Thumb Code    18  gd32f3x0_adc.o(i.adc_enable)
    adc_external_trigger_config              0x08007881   Thumb Code    56  gd32f3x0_adc.o(i.adc_external_trigger_config)
    adc_external_trigger_source_config       0x080078bd   Thumb Code    34  gd32f3x0_adc.o(i.adc_external_trigger_source_config)
    adc_flag_clear                           0x080078e5   Thumb Code    10  gd32f3x0_adc.o(i.adc_flag_clear)
    adc_flag_get                             0x080078f5   Thumb Code    16  gd32f3x0_adc.o(i.adc_flag_get)
    adc_regular_channel_config               0x08007909   Thumb Code   114  gd32f3x0_adc.o(i.adc_regular_channel_config)
    adc_regular_data_read                    0x08007981   Thumb Code     8  gd32f3x0_adc.o(i.adc_regular_data_read)
    adc_resolution_config                    0x0800798d   Thumb Code    18  gd32f3x0_adc.o(i.adc_resolution_config)
    adc_software_trigger_enable              0x080079a5   Thumb Code    28  gd32f3x0_adc.o(i.adc_software_trigger_enable)
    adc_special_function_config              0x080079c5   Thumb Code    86  gd32f3x0_adc.o(i.adc_special_function_config)
    bcdToDec                                 0x08007a21   Thumb Code    18  inverter.o(i.bcdToDec)
    chksum8                                  0x08007a33   Thumb Code    22  wifi.o(i.chksum8)
    decToBcd                                 0x08007a49   Thumb Code    22  inverter.o(i.decToBcd)
    delay_1ms                                0x08007a61   Thumb Code    12  systick.o(i.delay_1ms)
    delay_decrement                          0x08007a71   Thumb Code    16  systick.o(i.delay_decrement)
    drawRoundRect                            0x08007a85   Thumb Code   298  inverter.o(i.drawRoundRect)
    exti_init                                0x08007bb5   Thumb Code    98  gd32f3x0_exti.o(i.exti_init)
    fmc_flag_clear                           0x08007c1d   Thumb Code     6  gd32f3x0_fmc.o(i.fmc_flag_clear)
    fmc_lock                                 0x08007c29   Thumb Code    12  gd32f3x0_fmc.o(i.fmc_lock)
    fmc_page_erase                           0x08007c39   Thumb Code    54  gd32f3x0_fmc.o(i.fmc_page_erase)
    fmc_ready_wait                           0x08007c75   Thumb Code    22  gd32f3x0_fmc.o(i.fmc_ready_wait)
    fmc_state_get                            0x08007c8d   Thumb Code    34  gd32f3x0_fmc.o(i.fmc_state_get)
    fmc_unlock                               0x08007cb5   Thumb Code    18  gd32f3x0_fmc.o(i.fmc_unlock)
    fmc_word_program                         0x08007cd5   Thumb Code    48  gd32f3x0_fmc.o(i.fmc_word_program)
    getCalendarMode                          0x08007d09   Thumb Code    60  inverter.o(i.getCalendarMode)
    getModeTemperature                       0x08007d51   Thumb Code    40  inverter.o(i.getModeTemperature)
    getTemperature                           0x08007d7d   Thumb Code   230  inverter.o(i.getTemperature)
    gpio_af_set                              0x08007e99   Thumb Code   100  gd32f3x0_gpio.o(i.gpio_af_set)
    gpio_input_bit_get                       0x08007efd   Thumb Code    10  gd32f3x0_gpio.o(i.gpio_input_bit_get)
    gpio_mode_set                            0x08007f07   Thumb Code    68  gd32f3x0_gpio.o(i.gpio_mode_set)
    gpio_output_bit_get                      0x08007f4b   Thumb Code    10  gd32f3x0_gpio.o(i.gpio_output_bit_get)
    gpio_output_options_set                  0x08007f55   Thumb Code   112  gd32f3x0_gpio.o(i.gpio_output_options_set)
    i2c_ack_config                           0x08007fc5   Thumb Code    20  gd32f3x0_i2c.o(i.i2c_ack_config)
    i2c_ackpos_config                        0x08007fd9   Thumb Code    20  gd32f3x0_i2c.o(i.i2c_ackpos_config)
    i2c_clock_config                         0x08007fed   Thumb Code   240  gd32f3x0_i2c.o(i.i2c_clock_config)
    i2c_data_receive                         0x080080e9   Thumb Code     6  gd32f3x0_i2c.o(i.i2c_data_receive)
    i2c_disable                              0x080080ef   Thumb Code    10  gd32f3x0_i2c.o(i.i2c_disable)
    i2c_enable                               0x080080f9   Thumb Code    10  gd32f3x0_i2c.o(i.i2c_enable)
    i2c_flag_clear                           0x08008103   Thumb Code    34  gd32f3x0_i2c.o(i.i2c_flag_clear)
    i2c_flag_get                             0x08008125   Thumb Code    22  gd32f3x0_i2c.o(i.i2c_flag_get)
    i2c_master_addressing                    0x0800813b   Thumb Code    18  gd32f3x0_i2c.o(i.i2c_master_addressing)
    i2c_mode_addr_config                     0x0800814d   Thumb Code    22  gd32f3x0_i2c.o(i.i2c_mode_addr_config)
    i2c_software_reset_config                0x08008163   Thumb Code    12  gd32f3x0_i2c.o(i.i2c_software_reset_config)
    i2c_start_on_bus                         0x0800816f   Thumb Code    10  gd32f3x0_i2c.o(i.i2c_start_on_bus)
    i2c_stop_on_bus                          0x08008179   Thumb Code    10  gd32f3x0_i2c.o(i.i2c_stop_on_bus)
    isValidDate                              0x08008183   Thumb Code    78  inverter.o(i.isValidDate)
    loop                                     0x080081d1   Thumb Code  2410  inverter.o(i.loop)
    main                                     0x08008b41   Thumb Code    96  main.o(i.main)
    nvic_irq_enable                          0x08008ba1   Thumb Code   132  gd32f3x0_misc.o(i.nvic_irq_enable)
    nvic_priority_group_set                  0x08008c29   Thumb Code    10  gd32f3x0_misc.o(i.nvic_priority_group_set)
    nvic_vector_table_set                    0x08008c3d   Thumb Code    12  gd32f3x0_misc.o(i.nvic_vector_table_set)
    open_window_func                         0x08008c51   Thumb Code   162  inverter.o(i.open_window_func)
    pmu_backup_write_enable                  0x08008d01   Thumb Code    12  gd32f3x0_pmu.o(i.pmu_backup_write_enable)
    query_settings                           0x08008d11   Thumb Code  1040  wifi.o(i.query_settings)
    rcu_adc_clock_config                     0x08009121   Thumb Code   136  gd32f3x0_rcu.o(i.rcu_adc_clock_config)
    rcu_clock_freq_get                       0x080091b1   Thumb Code   404  gd32f3x0_rcu.o(i.rcu_clock_freq_get)
    rcu_flag_get                             0x0800936d   Thumb Code    28  gd32f3x0_rcu.o(i.rcu_flag_get)
    rcu_osci_on                              0x0800938d   Thumb Code    22  gd32f3x0_rcu.o(i.rcu_osci_on)
    rcu_osci_stab_wait                       0x080093a9   Thumb Code   230  gd32f3x0_rcu.o(i.rcu_osci_stab_wait)
    rcu_periph_clock_enable                  0x08009495   Thumb Code    22  gd32f3x0_rcu.o(i.rcu_periph_clock_enable)
    rcu_periph_reset_disable                 0x080094b1   Thumb Code    22  gd32f3x0_rcu.o(i.rcu_periph_reset_disable)
    rcu_periph_reset_enable                  0x080094cd   Thumb Code    22  gd32f3x0_rcu.o(i.rcu_periph_reset_enable)
    rcu_rtc_clock_config                     0x080094e9   Thumb Code    18  gd32f3x0_rcu.o(i.rcu_rtc_clock_config)
    receive_uart_int                         0x08009501   Thumb Code  2758  wifi.o(i.receive_uart_int)
    reset_wifi_state                         0x08009fd9   Thumb Code   186  wifi.o(i.reset_wifi_state)
    rtc_alarm_callback                       0x0800a099   Thumb Code    40  inverter.o(i.rtc_alarm_callback)
    rtc_alarm_config                         0x0800a0c9   Thumb Code    76  gd32f3x0_rtc.o(i.rtc_alarm_config)
    rtc_alarm_disable                        0x0800a119   Thumb Code    64  gd32f3x0_rtc.o(i.rtc_alarm_disable)
    rtc_alarm_enable                         0x0800a15d   Thumb Code    28  gd32f3x0_rtc.o(i.rtc_alarm_enable)
    rtc_current_time_get                     0x0800a17d   Thumb Code    88  gd32f3x0_rtc.o(i.rtc_current_time_get)
    rtc_deinit                               0x0800a1d9   Thumb Code    98  gd32f3x0_rtc.o(i.rtc_deinit)
    rtc_flag_clear                           0x0800a245   Thumb Code    10  gd32f3x0_rtc.o(i.rtc_flag_clear)
    rtc_flag_get                             0x0800a255   Thumb Code    16  gd32f3x0_rtc.o(i.rtc_flag_get)
    rtc_init                                 0x0800a269   Thumb Code   150  gd32f3x0_rtc.o(i.rtc_init)
    rtc_init_mode_enter                      0x0800a305   Thumb Code    46  gd32f3x0_rtc.o(i.rtc_init_mode_enter)
    rtc_init_mode_exit                       0x0800a339   Thumb Code    12  gd32f3x0_rtc.o(i.rtc_init_mode_exit)
    rtc_register_sync_wait                   0x0800a349   Thumb Code    76  gd32f3x0_rtc.o(i.rtc_register_sync_wait)
    smooth_backlight                         0x0800a399   Thumb Code    98  inverter.o(i.smooth_backlight)
    spi_dma_enable                           0x0800a401   Thumb Code    20  gd32f3x0_spi.o(i.spi_dma_enable)
    spi_enable                               0x0800a415   Thumb Code    10  gd32f3x0_spi.o(i.spi_enable)
    spi_init                                 0x0800a41f   Thumb Code    46  gd32f3x0_spi.o(i.spi_init)
    spi_write_byte                           0x0800a44d   Thumb Code    20  main.o(i.spi_write_byte)
    systick_config                           0x0800a4c5   Thumb Code    60  systick.o(i.systick_config)
    timer_auto_reload_shadow_enable          0x0800a505   Thumb Code    10  gd32f3x0_timer.o(i.timer_auto_reload_shadow_enable)
    timer_channel_output_config              0x0800a511   Thumb Code   476  gd32f3x0_timer.o(i.timer_channel_output_config)
    timer_channel_output_mode_config         0x0800a6fd   Thumb Code    78  gd32f3x0_timer.o(i.timer_channel_output_mode_config)
    timer_channel_output_pulse_value_config  0x0800a74b   Thumb Code    30  gd32f3x0_timer.o(i.timer_channel_output_pulse_value_config)
    timer_channel_output_shadow_config       0x0800a769   Thumb Code    78  gd32f3x0_timer.o(i.timer_channel_output_shadow_config)
    timer_deinit                             0x0800a7b9   Thumb Code   106  gd32f3x0_timer.o(i.timer_deinit)
    timer_enable                             0x0800a82d   Thumb Code    10  gd32f3x0_timer.o(i.timer_enable)
    timer_init                               0x0800a839   Thumb Code   136  gd32f3x0_timer.o(i.timer_init)
    timer_interrupt_enable                   0x0800a8d9   Thumb Code     8  gd32f3x0_timer.o(i.timer_interrupt_enable)
    timer_interrupt_flag_clear               0x0800a8e1   Thumb Code     6  gd32f3x0_timer.o(i.timer_interrupt_flag_clear)
    timer_interrupt_flag_get                 0x0800a8e7   Thumb Code    20  gd32f3x0_timer.o(i.timer_interrupt_flag_get)
    timer_primary_output_config              0x0800a8fb   Thumb Code    20  gd32f3x0_timer.o(i.timer_primary_output_config)
    timer_struct_para_init                   0x0800a90f   Thumb Code    20  gd32f3x0_timer.o(i.timer_struct_para_init)
    usart_baudrate_set                       0x0800a925   Thumb Code    86  gd32f3x0_usart.o(i.usart_baudrate_set)
    usart_data_receive                       0x0800a981   Thumb Code     8  gd32f3x0_usart.o(i.usart_data_receive)
    usart_data_transmit                      0x0800a989   Thumb Code     8  gd32f3x0_usart.o(i.usart_data_transmit)
    usart_deinit                             0x0800a991   Thumb Code    42  gd32f3x0_usart.o(i.usart_deinit)
    usart_dma_receive_config                 0x0800a9c1   Thumb Code    16  gd32f3x0_usart.o(i.usart_dma_receive_config)
    usart_enable                             0x0800a9d1   Thumb Code    10  gd32f3x0_usart.o(i.usart_enable)
    usart_flag_get                           0x0800a9db   Thumb Code    22  gd32f3x0_usart.o(i.usart_flag_get)
    usart_interrupt_enable                   0x0800a9f1   Thumb Code    20  gd32f3x0_usart.o(i.usart_interrupt_enable)
    usart_interrupt_flag_clear               0x0800aa05   Thumb Code    34  gd32f3x0_usart.o(i.usart_interrupt_flag_clear)
    usart_interrupt_flag_get                 0x0800aa2d   Thumb Code    46  gd32f3x0_usart.o(i.usart_interrupt_flag_get)
    usart_parity_config                      0x0800aa5b   Thumb Code    24  gd32f3x0_usart.o(i.usart_parity_config)
    usart_receive_config                     0x0800aa73   Thumb Code    16  gd32f3x0_usart.o(i.usart_receive_config)
    usart_stop_bit_set                       0x0800aa83   Thumb Code    24  gd32f3x0_usart.o(i.usart_stop_bit_set)
    usart_transmit_config                    0x0800aa9b   Thumb Code    16  gd32f3x0_usart.o(i.usart_transmit_config)
    usart_transmit_frame                     0x0800aaad   Thumb Code    54  wifi.o(i.usart_transmit_frame)
    usart_word_length_set                    0x0800aae9   Thumb Code    24  gd32f3x0_usart.o(i.usart_word_length_set)
    xw09A_read_data                          0x0800ab01   Thumb Code   268  inverter.o(i.xw09A_read_data)
    __aeabi_d2f                              0x0800ac19   Thumb Code     0  d2f.o(x$fpl$d2f)
    _d2f                                     0x0800ac19   Thumb Code    98  d2f.o(x$fpl$d2f)
    __aeabi_dadd                             0x0800ac7d   Thumb Code     0  daddsub_clz.o(x$fpl$dadd)
    _dadd                                    0x0800ac7d   Thumb Code   332  daddsub_clz.o(x$fpl$dadd)
    __fpl_dcmp_Inf                           0x0800adcd   Thumb Code    24  dcmpi.o(x$fpl$dcmpinf)
    __aeabi_ddiv                             0x0800ade5   Thumb Code     0  ddiv.o(x$fpl$ddiv)
    _ddiv                                    0x0800ade5   Thumb Code   552  ddiv.o(x$fpl$ddiv)
    __aeabi_cdcmpeq                          0x0800b095   Thumb Code     0  deqf.o(x$fpl$deqf)
    _dcmpeq                                  0x0800b095   Thumb Code   120  deqf.o(x$fpl$deqf)
    __aeabi_d2iz                             0x0800b10d   Thumb Code     0  dfix.o(x$fpl$dfix)
    _dfix                                    0x0800b10d   Thumb Code    94  dfix.o(x$fpl$dfix)
    __aeabi_d2uiz                            0x0800b16d   Thumb Code     0  dfixu.o(x$fpl$dfixu)
    _dfixu                                   0x0800b16d   Thumb Code    90  dfixu.o(x$fpl$dfixu)
    __aeabi_i2d                              0x0800b1c7   Thumb Code     0  dflt_clz.o(x$fpl$dflt)
    _dflt                                    0x0800b1c7   Thumb Code    46  dflt_clz.o(x$fpl$dflt)
    __aeabi_ui2d                             0x0800b1f5   Thumb Code     0  dflt_clz.o(x$fpl$dfltu)
    _dfltu                                   0x0800b1f5   Thumb Code    38  dflt_clz.o(x$fpl$dfltu)
    __aeabi_cdcmple                          0x0800b21d   Thumb Code     0  dleqf.o(x$fpl$dleqf)
    _dcmple                                  0x0800b21d   Thumb Code   120  dleqf.o(x$fpl$dleqf)
    __fpl_dcmple_InfNaN                      0x0800b27f   Thumb Code     0  dleqf.o(x$fpl$dleqf)
    __aeabi_dmul                             0x0800b295   Thumb Code     0  dmul.o(x$fpl$dmul)
    _dmul                                    0x0800b295   Thumb Code   332  dmul.o(x$fpl$dmul)
    __fpl_dnaninf                            0x0800b3e9   Thumb Code   156  dnaninf.o(x$fpl$dnaninf)
    __fpl_dretinf                            0x0800b485   Thumb Code    12  dretinf.o(x$fpl$dretinf)
    __aeabi_cdrcmple                         0x0800b491   Thumb Code     0  drleqf.o(x$fpl$drleqf)
    _drcmple                                 0x0800b491   Thumb Code   108  drleqf.o(x$fpl$drleqf)
    _dsqrt                                   0x0800b4fd   Thumb Code   404  dsqrt_umaal.o(x$fpl$dsqrt)
    __aeabi_dsub                             0x0800b695   Thumb Code     0  daddsub_clz.o(x$fpl$dsub)
    _dsub                                    0x0800b695   Thumb Code   464  daddsub_clz.o(x$fpl$dsub)
    __aeabi_f2d                              0x0800b869   Thumb Code     0  f2d.o(x$fpl$f2d)
    _f2d                                     0x0800b869   Thumb Code    86  f2d.o(x$fpl$f2d)
    __fpl_fnaninf                            0x0800b8bf   Thumb Code   140  fnaninf.o(x$fpl$fnaninf)
    _fp_init                                 0x0800b94b   Thumb Code    10  fpinit.o(x$fpl$fpinit)
    __fplib_config_fpu_vfp                   0x0800b953   Thumb Code     0  fpinit.o(x$fpl$fpinit)
    __fplib_config_pureend_doubles           0x0800b953   Thumb Code     0  fpinit.o(x$fpl$fpinit)
    __fpl_fretinf                            0x0800b955   Thumb Code    10  fretinf.o(x$fpl$fretinf)
    _frnd                                    0x0800b961   Thumb Code    96  frnd.o(x$fpl$frnd)
    __I$use$fp                               0x0800b9c0   Number         0  usenofp.o(x$fpl$usenofp)
    _monlen                                  0x0801def4   Data          12  _monlen.o(.constdata)
    vtable for PixelsBase                    0x0801df00   Data          52  pixels.o(.constdata__ZTV10PixelsBase)
    vtable for Pixels                        0x0801df34   Data          52  inverter.o(.constdata__ZTV6Pixels)
    vtable for Stream                        0x0801df68   Data          12  wifi.o(.constdata__ZTV6Stream)
    Region$$Table$$Base                      0x0801dfb0   Number         0  anon$$obj.o(Region$$Table)
    Region$$Table$$Limit                     0x0801dfd0   Number         0  anon$$obj.o(Region$$Table)
    SHT$$INIT_ARRAY$$Base                    0x0801dfd0   Number         0  inverter.o(.init_array)
    SHT$$INIT_ARRAY$$Limit                   0x0801dfd8   Number         0  init_aeabi.o(.init_array)
    uwtick                                   0x20000000   Data           4  systick.o(.data)
    _currentPower                            0x20000008   Data           1  inverter.o(.data)
    semistor_power                           0x20000009   Data           1  inverter.o(.data)
    temp_current                             0x2000000a   Data           1  inverter.o(.data)
    power_level_auto                         0x2000000b   Data           1  inverter.o(.data)
    _currentPowerTicks                       0x2000000c   Data           1  inverter.o(.data)
    _eventTimer                              0x2000000d   Data           1  inverter.o(.data)
    _error                                   0x2000000e   Data           1  inverter.o(.data)
    _error_fl                                0x2000000f   Data           1  inverter.o(.data)
    _blink                                   0x20000010   Data           1  inverter.o(.data)
    power_limit                              0x20000011   Data           1  inverter.o(.data)
    open_window_counter                      0x20000012   Data           1  inverter.o(.data)
    histeresis_low                           0x20000013   Data           1  inverter.o(.data)
    histeresis_high                          0x20000014   Data           1  inverter.o(.data)
    open_window_times                        0x20000015   Data           1  inverter.o(.data)
    power_step                               0x20000016   Data           1  inverter.o(.data)
    window_is_opened                         0x20000017   Data           1  inverter.o(.data)
    window_was_opened                        0x20000018   Data           1  inverter.o(.data)
    in_histeresis                            0x20000019   Data           1  inverter.o(.data)
    heat_from_cold                           0x2000001a   Data           1  inverter.o(.data)
    refresh_system                           0x2000001b   Data           1  inverter.o(.data)
    _stateBrightness                         0x2000001c   Data           1  inverter.o(.data)
    wifi_status                              0x2000001d   Data           1  inverter.o(.data)
    power_current                            0x2000001f   Data           1  inverter.o(.data)
    open_window_temp_main_start              0x20000020   Data           1  inverter.o(.data)
    timer_time_set                           0x20000022   Data           2  inverter.o(.data)
    raw                                      0x20000028   Data           2  inverter.o(.data)
    _xWifi                                   0x2000002a   Data           2  inverter.o(.data)
    result                                   0x2000002c   Data           2  inverter.o(.data)
    p_buffer                                 0x2000002e   Data           2  inverter.o(.data)
    currentMenu                              0x20000030   Data           4  inverter.o(.data)
    idleTimeout                              0x20000034   Data           4  inverter.o(.data)
    _timeoutSaveFlash                        0x20000038   Data           4  inverter.o(.data)
    __SaveFlash                              0x2000003c   Data           4  inverter.o(.data)
    _timerBlink                              0x20000040   Data           4  inverter.o(.data)
    _timerStart                              0x20000044   Data           4  inverter.o(.data)
    nextChangeLevel                          0x2000004c   Data           4  inverter.o(.data)
    refrash_time                             0x20000050   Data           4  inverter.o(.data)
    old                                      0x20000054   Data           4  inverter.o(.data)
    _calendarPresetName                      0x2000005c   Data          32  inverter.o(.data)
    rxcount                                  0x2000049c   Data           1  wifi.o(.data)
    crc                                      0x2000049d   Data           1  wifi.o(.data)
    idle_flag_stat                           0x2000049e   Data           1  wifi.o(.data)
    prod_info                                0x2000049f   Data          43  wifi.o(.data)
    SystemCoreClock                          0x200004cc   Data           4  system_gd32f3x0.o(.data)
    rtc_initpara                             0x200004ec   Data          20  inverter.o(.bss)
    rtc_alarm                                0x20000500   Data          16  inverter.o(.bss)
    _key_window                              0x20000510   Data          28  inverter.o(.bss)
    _key_power                               0x2000052c   Data          28  inverter.o(.bss)
    _key_menu                                0x20000548   Data          28  inverter.o(.bss)
    _key_back                                0x20000564   Data          28  inverter.o(.bss)
    _key_down                                0x20000580   Data          28  inverter.o(.bss)
    _key_up                                  0x2000059c   Data          28  inverter.o(.bss)
    pxs                                      0x200005b8   Data          56  inverter.o(.bss)
    _settings                                0x200005f0   Data          68  inverter.o(.bss)
    _dateTime                                0x20000634   Data          44  inverter.o(.bss)
    rtc_init_param                           0x20000660   Data          20  inverter.o(.bss)
    recv_buffer                              0x20000674   Data          50  wifi.o(.bss)
    answer_out                               0x200006a6   Data         150  wifi.o(.bss)
    answer_frame                             0x2000073c   Data          16  wifi.o(.bss)
    __libspace_start                         0x20000778   Data          96  libspace.o(.bss)
    __temporary_stack_top$libspace           0x200007d8   Data           0  libspace.o(.bss)



==============================================================================

Memory Map of the image

  Image Entry point : 0x08000151

  Load Region LR_IROM1 (Base: 0x08000000, Size: 0x0001e4a8, Max: 0x00020000, ABSOLUTE, COMPRESSED[0x0001e120])

    Execution Region ER_IROM1 (Exec base: 0x08000000, Load base: 0x08000000, Size: 0x0001dfd8, Max: 0x00020000, ABSOLUTE)

    Exec Addr    Load Addr    Size         Type   Attr      Idx    E Section Name        Object

    0x08000000   0x08000000   0x00000150   Data   RO         1695    RESET               startup_gd32f3x0.o
    0x08000150   0x08000150   0x00000008   Code   RO         5427  * !!!main             c_w.l(__main.o)
    0x08000158   0x08000158   0x00000034   Code   RO         6030    !!!scatter          c_w.l(__scatter.o)
    0x0800018c   0x0800018c   0x0000005a   Code   RO         6028    !!dczerorl2         c_w.l(__dczerorl2.o)
    0x080001e6   0x080001e6   0x00000002   PAD
    0x080001e8   0x080001e8   0x0000001c   Code   RO         6032    !!handler_zi        c_w.l(__scatter_zi.o)
    0x08000204   0x08000204   0x00000000   Code   RO         5411    .ARM.Collect$$_printf_percent$$00000000  c_w.l(_printf_percent.o)
    0x08000204   0x08000204   0x00000006   Code   RO         5410    .ARM.Collect$$_printf_percent$$00000009  c_w.l(_printf_d.o)
    0x0800020a   0x0800020a   0x00000006   Code   RO         5409    .ARM.Collect$$_printf_percent$$00000014  c_w.l(_printf_s.o)
    0x08000210   0x08000210   0x00000004   Code   RO         5625    .ARM.Collect$$_printf_percent$$00000017  c_w.l(_printf_percent_end.o)
    0x08000214   0x08000214   0x00000002   Code   RO         5920    .ARM.Collect$$libinit$$00000000  c_w.l(libinit.o)
    0x08000216   0x08000216   0x00000004   Code   RO         5633    .ARM.Collect$$libinit$$00000001  c_w.l(libinit2.o)
    0x0800021a   0x0800021a   0x00000000   Code   RO         5636    .ARM.Collect$$libinit$$00000004  c_w.l(libinit2.o)
    0x0800021a   0x0800021a   0x00000008   Code   RO         5637    .ARM.Collect$$libinit$$00000005  c_w.l(libinit2.o)
    0x08000222   0x08000222   0x00000000   Code   RO         5639    .ARM.Collect$$libinit$$0000000A  c_w.l(libinit2.o)
    0x08000222   0x08000222   0x00000000   Code   RO         5641    .ARM.Collect$$libinit$$0000000C  c_w.l(libinit2.o)
    0x08000222   0x08000222   0x00000000   Code   RO         5643    .ARM.Collect$$libinit$$0000000E  c_w.l(libinit2.o)
    0x08000222   0x08000222   0x00000000   Code   RO         5646    .ARM.Collect$$libinit$$00000011  c_w.l(libinit2.o)
    0x08000222   0x08000222   0x00000000   Code   RO         5648    .ARM.Collect$$libinit$$00000013  c_w.l(libinit2.o)
    0x08000222   0x08000222   0x00000000   Code   RO         5650    .ARM.Collect$$libinit$$00000015  c_w.l(libinit2.o)
    0x08000222   0x08000222   0x00000000   Code   RO         5652    .ARM.Collect$$libinit$$00000017  c_w.l(libinit2.o)
    0x08000222   0x08000222   0x00000000   Code   RO         5654    .ARM.Collect$$libinit$$00000019  c_w.l(libinit2.o)
    0x08000222   0x08000222   0x00000000   Code   RO         5656    .ARM.Collect$$libinit$$0000001B  c_w.l(libinit2.o)
    0x08000222   0x08000222   0x00000000   Code   RO         5658    .ARM.Collect$$libinit$$0000001D  c_w.l(libinit2.o)
    0x08000222   0x08000222   0x00000000   Code   RO         5660    .ARM.Collect$$libinit$$0000001F  c_w.l(libinit2.o)
    0x08000222   0x08000222   0x00000000   Code   RO         5662    .ARM.Collect$$libinit$$00000021  c_w.l(libinit2.o)
    0x08000222   0x08000222   0x00000000   Code   RO         5664    .ARM.Collect$$libinit$$00000023  c_w.l(libinit2.o)
    0x08000222   0x08000222   0x00000000   Code   RO         5666    .ARM.Collect$$libinit$$00000025  c_w.l(libinit2.o)
    0x08000222   0x08000222   0x00000000   Code   RO         5670    .ARM.Collect$$libinit$$0000002C  c_w.l(libinit2.o)
    0x08000222   0x08000222   0x00000000   Code   RO         5672    .ARM.Collect$$libinit$$0000002E  c_w.l(libinit2.o)
    0x08000222   0x08000222   0x00000000   Code   RO         5674    .ARM.Collect$$libinit$$00000030  c_w.l(libinit2.o)
    0x08000222   0x08000222   0x00000004   Code   RO         5675    .ARM.Collect$$libinit$$00000031  c_w.l(libinit2.o)
    0x08000226   0x08000226   0x00000000   Code   RO         5676    .ARM.Collect$$libinit$$00000032  c_w.l(libinit2.o)
    0x08000226   0x08000226   0x00000002   Code   RO         5677    .ARM.Collect$$libinit$$00000033  c_w.l(libinit2.o)
    0x08000228   0x08000228   0x00000002   Code   RO         5991    .ARM.Collect$$libshutdown$$00000000  c_w.l(libshutdown.o)
    0x0800022a   0x0800022a   0x00000000   Code   RO         5993    .ARM.Collect$$libshutdown$$00000002  c_w.l(libshutdown2.o)
    0x0800022a   0x0800022a   0x00000000   Code   RO         5995    .ARM.Collect$$libshutdown$$00000004  c_w.l(libshutdown2.o)
    0x0800022a   0x0800022a   0x00000000   Code   RO         5998    .ARM.Collect$$libshutdown$$00000007  c_w.l(libshutdown2.o)
    0x0800022a   0x0800022a   0x00000000   Code   RO         6001    .ARM.Collect$$libshutdown$$0000000A  c_w.l(libshutdown2.o)
    0x0800022a   0x0800022a   0x00000000   Code   RO         6003    .ARM.Collect$$libshutdown$$0000000C  c_w.l(libshutdown2.o)
    0x0800022a   0x0800022a   0x00000000   Code   RO         6006    .ARM.Collect$$libshutdown$$0000000F  c_w.l(libshutdown2.o)
    0x0800022a   0x0800022a   0x00000002   Code   RO         6007    .ARM.Collect$$libshutdown$$00000010  c_w.l(libshutdown2.o)
    0x0800022c   0x0800022c   0x00000000   Code   RO         5614    .ARM.Collect$$rtentry$$00000000  c_w.l(__rtentry.o)
    0x0800022c   0x0800022c   0x00000000   Code   RO         5744    .ARM.Collect$$rtentry$$00000002  c_w.l(__rtentry2.o)
    0x0800022c   0x0800022c   0x00000006   Code   RO         5756    .ARM.Collect$$rtentry$$00000004  c_w.l(__rtentry4.o)
    0x08000232   0x08000232   0x00000000   Code   RO         5746    .ARM.Collect$$rtentry$$00000009  c_w.l(__rtentry2.o)
    0x08000232   0x08000232   0x00000004   Code   RO         5747    .ARM.Collect$$rtentry$$0000000A  c_w.l(__rtentry2.o)
    0x08000236   0x08000236   0x00000000   Code   RO         5749    .ARM.Collect$$rtentry$$0000000C  c_w.l(__rtentry2.o)
    0x08000236   0x08000236   0x00000008   Code   RO         5750    .ARM.Collect$$rtentry$$0000000D  c_w.l(__rtentry2.o)
    0x0800023e   0x0800023e   0x00000002   Code   RO         5938    .ARM.Collect$$rtexit$$00000000  c_w.l(rtexit.o)
    0x08000240   0x08000240   0x00000000   Code   RO         5965    .ARM.Collect$$rtexit$$00000002  c_w.l(rtexit2.o)
    0x08000240   0x08000240   0x00000004   Code   RO         5966    .ARM.Collect$$rtexit$$00000003  c_w.l(rtexit2.o)
    0x08000244   0x08000244   0x00000006   Code   RO         5967    .ARM.Collect$$rtexit$$00000004  c_w.l(rtexit2.o)
    0x0800024a   0x0800024a   0x00000002   PAD
    0x0800024c   0x0800024c   0x00000000   Code   RO         5942    .emb_text           c_w.l(maybetermalloc1.o)
    0x0800024c   0x0800024c   0x00000040   Code   RO         1696    .text               startup_gd32f3x0.o
    0x0800028c   0x0800028c   0x00000028   Code   RO         5379    .text               c_w.l(noretval__2sprintf.o)
    0x080002b4   0x080002b4   0x0000004e   Code   RO         5383    .text               c_w.l(_printf_pad.o)
    0x08000302   0x08000302   0x00000052   Code   RO         5385    .text               c_w.l(_printf_str.o)
    0x08000354   0x08000354   0x00000078   Code   RO         5387    .text               c_w.l(_printf_dec.o)
    0x080003cc   0x080003cc   0x00000138   Code   RO         5401    .text               c_w.l(__printf_flags_wp.o)
    0x08000504   0x08000504   0x0000003e   Code   RO         5412    .text               c_w.l(strlen.o)
    0x08000542   0x08000542   0x0000008a   Code   RO         5414    .text               c_w.l(rt_memcpy_v6.o)
    0x080005cc   0x080005cc   0x00000010   Code   RO         5416    .text               c_w.l(aeabi_memset.o)
    0x080005dc   0x080005dc   0x00000044   Code   RO         5418    .text               c_w.l(rt_memclr.o)
    0x08000620   0x08000620   0x0000000c   Code   RO         5420    .text               c_w.l(localtime.o)
    0x0800062c   0x0800062c   0x000001ac   Code   RO         5423    .text               c_w.l(mktime.o)
    0x080007d8   0x080007d8   0x00000006   Code   RO         5425    .text               c_w.l(heapauxi.o)
    0x080007de   0x080007de   0x00000002   PAD
    0x080007e0   0x080007e0   0x00000024   Code   RO         5432    .text               c_w.l(init_aeabi.o)
    0x08000804   0x08000804   0x00000016   Code   RO         5615    .text               c_w.l(_rserrno.o)
    0x0800081a   0x0800081a   0x000000b2   Code   RO         5617    .text               c_w.l(_printf_intcommon.o)
    0x080008cc   0x080008cc   0x00000030   Code   RO         5619    .text               c_w.l(_printf_char_common.o)
    0x080008fc   0x080008fc   0x0000000a   Code   RO         5621    .text               c_w.l(_sputc.o)
    0x08000906   0x08000906   0x0000002c   Code   RO         5623    .text               c_w.l(_printf_char.o)
    0x08000932   0x08000932   0x00000064   Code   RO         5626    .text               c_w.l(rt_memcpy_w.o)
    0x08000996   0x08000996   0x0000004e   Code   RO         5628    .text               c_w.l(rt_memclr_w.o)
    0x080009e4   0x080009e4   0x000000b8   Code   RO         5631    .text               c_w.l(localtime_internal.o)
    0x08000a9c   0x08000a9c   0x00000008   Code   RO         5761    .text               c_w.l(rt_new_handler_addr_intlibspace.o)
    0x08000aa4   0x08000aa4   0x00000008   Code   RO         5766    .text               c_w.l(rt_errno_addr_intlibspace.o)
    0x08000aac   0x08000aac   0x0000005e   Code   RO         5772    .text               c_w.l(h1_alloc.o)
    0x08000b0a   0x08000b0a   0x0000004e   Code   RO         5774    .text               c_w.l(h1_free.o)
    0x08000b58   0x08000b58   0x00000004   Code   RO         5837    .text               cpprt_w.l(arm_newhandler_noexceptions.o)
    0x08000b5c   0x08000b5c   0x0000001a   Code   RO         5857    .text               cpprt_w.l(arm_exceptions_terminate.o)
    0x08000b76   0x08000b76   0x00000002   PAD
    0x08000b78   0x08000b78   0x00000050   Code   RO         5860    .text               cpprt_w.l(arm_exceptions_globs.o)
    0x08000bc8   0x08000bc8   0x00000008   Code   RO         5868    .text               c_w.l(libspace.o)
    0x08000bd0   0x08000bd0   0x0000004a   Code   RO         5873    .text               c_w.l(sys_stackheap_outer.o)
    0x08000c1a   0x08000c1a   0x00000002   PAD
    0x08000c1c   0x08000c1c   0x00000008   Code   RO         5878    .text               c_w.l(rt_heap_descriptor_intlibspace.o)
    0x08000c24   0x08000c24   0x00000008   Code   RO         5883    .text               c_w.l(rt_eh_globals_addr_intlibspace.o)
    0x08000c2c   0x08000c2c   0x00000004   Code   RO         5885    .text               c_w.l(hguard.o)
    0x08000c30   0x08000c30   0x0000008a   Code   RO         5887    .text               c_w.l(init_alloc.o)
    0x08000cba   0x08000cba   0x0000000e   Code   RO         5891    .text               c_w.l(h1_init.o)
    0x08000cc8   0x08000cc8   0x00000012   Code   RO         5905    .text               c_w.l(exit.o)
    0x08000cda   0x08000cda   0x00000016   Code   RO         5907    .text               c_w.l(abort.o)
    0x08000cf0   0x08000cf0   0x0000003c   Code   RO         5924    .text               cpprt_w.l(arm_exceptions_mem.o)
    0x08000d2c   0x08000d2c   0x0000000c   Code   RO         5936    .text               c_w.l(sys_exit.o)
    0x08000d38   0x08000d38   0x00000034   Code   RO         5944    .text               c_w.l(h1_extend.o)
    0x08000d6c   0x08000d6c   0x0000000e   Code   RO         5950    .text               c_w.l(defsig_abrt_outer.o)
    0x08000d7a   0x08000d7a   0x0000000e   Code   RO         5954    .text               c_w.l(defsig_rtmem_outer.o)
    0x08000d88   0x08000d88   0x00000002   Code   RO         5961    .text               c_w.l(use_no_semi.o)
    0x08000d8a   0x08000d8a   0x00000000   Code   RO         5963    .text               c_w.l(indicate_semi.o)
    0x08000d8a   0x08000d8a   0x0000000a   Code   RO         5975    .text               c_w.l(defsig_exit.o)
    0x08000d94   0x08000d94   0x00000030   Code   RO         5977    .text               c_w.l(defsig_abrt_inner.o)
    0x08000dc4   0x08000dc4   0x00000050   Code   RO         5979    .text               c_w.l(defsig_rtmem_inner.o)
    0x08000e14   0x08000e14   0x00000032   Code   RO         5987    .text               c_w.l(defsig_general.o)
    0x08000e46   0x08000e46   0x0000000e   Code   RO         6008    .text               c_w.l(sys_wrch.o)
    0x08000e54   0x08000e54   0x00000718   Code   RO          468    i.AcceptParameter   inverter.o
    0x0800156c   0x0800156c   0x00000002   Code   RO            3    i.BusFault_Handler  gd32f3x0_it.o
    0x0800156e   0x0800156e   0x00000002   PAD
    0x08001570   0x08001570   0x000000b0   Code   RO          469    i.CleanTemperature  inverter.o
    0x08001620   0x08001620   0x00000028   Code   RO          470    i.CustomNext        inverter.o
    0x08001648   0x08001648   0x00000028   Code   RO          471    i.CustomPrev        inverter.o
    0x08001670   0x08001670   0x0000006c   Code   RO          472    i.DateMinus         inverter.o
    0x080016dc   0x080016dc   0x0000005c   Code   RO          473    i.DatePlus          inverter.o
    0x08001738   0x08001738   0x00000002   Code   RO            4    i.DebugMon_Handler  gd32f3x0_it.o
    0x0800173a   0x0800173a   0x00000002   PAD
    0x0800173c   0x0800173c   0x00000da4   Code   RO          474    i.DrawEditParameter  inverter.o
    0x080024e0   0x080024e0   0x0000038c   Code   RO          475    i.DrawMainScreen    inverter.o
    0x0800286c   0x0800286c   0x000007ec   Code   RO          476    i.DrawMenu          inverter.o
    0x08003058   0x08003058   0x0000005c   Code   RO          477    i.DrawMenuText      inverter.o
    0x080030b4   0x080030b4   0x00000060   Code   RO          478    i.DrawMenuTitle     inverter.o
    0x08003114   0x08003114   0x0000005c   Code   RO          479    i.DrawMenuTitle2    inverter.o
    0x08003170   0x08003170   0x000000b0   Code   RO          480    i.DrawTemperature   inverter.o
    0x08003220   0x08003220   0x0000016c   Code   RO          481    i.DrawTextAligment  inverter.o
    0x0800338c   0x0800338c   0x00000114   Code   RO          482    i.DrawTextSelected  inverter.o
    0x080034a0   0x080034a0   0x00000148   Code   RO          483    i.DrawWifi          inverter.o
    0x080035e8   0x080035e8   0x00000058   Code   RO          484    i.DrawWindowOpen    inverter.o
    0x08003640   0x08003640   0x0000000c   Code   RO          388    i.GetSystemTick     systick.o
    0x0800364c   0x0800364c   0x00000002   Code   RO            5    i.HardFault_Handler  gd32f3x0_it.o
    0x0800364e   0x0800364e   0x00000002   PAD
    0x08003650   0x08003650   0x000000cc   Code   RO          485    i.InitTimer         inverter.o
    0x0800371c   0x0800371c   0x00000002   Code   RO            6    i.MemManage_Handler  gd32f3x0_it.o
    0x0800371e   0x0800371e   0x00000002   PAD
    0x08003720   0x08003720   0x0000006c   Code   RO          486    i.MenuBack          inverter.o
    0x0800378c   0x0800378c   0x00000002   Code   RO            7    i.NMI_Handler       gd32f3x0_it.o
    0x0800378e   0x0800378e   0x00000020   Code   RO          389    i.NVIC_SetPriority  systick.o
    0x080037ae   0x080037ae   0x00000002   PAD
    0x080037b0   0x080037b0   0x00000010   Code   RO          487    i.Off               inverter.o
    0x080037c0   0x080037c0   0x00000010   Code   RO          488    i.On                inverter.o
    0x080037d0   0x080037d0   0x00000002   Code   RO            8    i.PendSV_Handler    gd32f3x0_it.o
    0x080037d2   0x080037d2   0x00000002   PAD
    0x080037d4   0x080037d4   0x0000015c   Code   RO          489    i.PrepareEditParameter  inverter.o
    0x08003930   0x08003930   0x00000020   Code   RO            9    i.RTC_IRQHandler    gd32f3x0_it.o
    0x08003950   0x08003950   0x00000098   Code   RO          490    i.ResetAllSettings  inverter.o
    0x080039e8   0x080039e8   0x00000002   Code   RO           10    i.SVC_Handler       gd32f3x0_it.o
    0x080039ea   0x080039ea   0x0000000e   Code   RO           11    i.SysTick_Handler   gd32f3x0_it.o
    0x080039f8   0x080039f8   0x00000148   Code   RO         1655    i.SystemInit        system_gd32f3x0.o
    0x08003b40   0x08003b40   0x00000010   Code   RO          391    i.SystemTickInc     systick.o
    0x08003b50   0x08003b50   0x00000028   Code   RO           12    i.TIMER13_IRQHandler  gd32f3x0_it.o
    0x08003b78   0x08003b78   0x00000030   Code   RO          492    i.TIMER_Heat_callback  inverter.o
    0x08003ba8   0x08003ba8   0x00000034   Code   RO          493    i.TempMinus         inverter.o
    0x08003bdc   0x08003bdc   0x00000034   Code   RO          494    i.TempPlus          inverter.o
    0x08003c10   0x08003c10   0x00000060   Code   RO          495    i.TimeMinus         inverter.o
    0x08003c70   0x08003c70   0x0000005c   Code   RO          496    i.TimePlus          inverter.o
    0x08003ccc   0x08003ccc   0x00000060   Code   RO           13    i.USART1_IRQHandler  gd32f3x0_it.o
    0x08003d2c   0x08003d2c   0x00000002   Code   RO           14    i.UsageFault_Handler  gd32f3x0_it.o
    0x08003d2e   0x08003d2e   0x00000002   PAD
    0x08003d30   0x08003d30   0x00000010   Code   RO          497    i._Z10MainScreenv   inverter.o
    0x08003d40   0x08003d40   0x00000034   Code   RO          185    i._Z10RTC_configv   main.o
    0x08003d74   0x08003d74   0x0000005c   Code   RO          186    i._Z10adc_configv   main.o
    0x08003dd0   0x08003dd0   0x0000002c   Code   RO          187    i._Z10i2c_configv   main.o
    0x08003dfc   0x08003dfc   0x000000d0   Code   RO          498    i._Z10keyPressedv   inverter.o
    0x08003ecc   0x08003ecc   0x00000054   Code   RO          188    i._Z10rcu_configv   main.o
    0x08003f20   0x08003f20   0x00000024   Code   RO         1158    i._Z11crc32_1bytePKvij  crc32.o
    0x08003f44   0x08003f44   0x00000168   Code   RO          189    i._Z11gpio_configv  main.o
    0x080040ac   0x080040ac   0x00000360   Code   RO          499    i._Z11startScreenv  inverter.o
    0x0800440c   0x0800440c   0x00000224   Code   RO          500    i._Z12DrawDateEditv  inverter.o
    0x08004630   0x08004630   0x00000208   Code   RO          501    i._Z12DrawTimeEditv  inverter.o
    0x08004838   0x08004838   0x000000ec   Code   RO          502    i._Z13DrawCustomDayi  inverter.o
    0x08004924   0x08004924   0x0000002c   Code   RO          503    i._Z13DrawLeftRightv  inverter.o
    0x08004950   0x08004950   0x0000009c   Code   RO          504    i._Z13f_open_windowah  inverter.o
    0x080049ec   0x080049ec   0x00000064   Code   RO          190    i._Z17heat_timer_configv  main.o
    0x08004a50   0x08004a50   0x00000090   Code   RO          191    i._Z17pwm_config_buzzerv  main.o
    0x08004ae0   0x08004ae0   0x0000008c   Code   RO          192    i._Z17pwm_config_lcd_blv  main.o
    0x08004b6c   0x08004b6c   0x0000013c   Code   RO          505    i._Z24I2C_ClearBusyFlagErratumv  inverter.o
    0x08004ca8   0x08004ca8   0x00000240   Code   RO          506    i._Z4GoOKi          inverter.o
    0x08004ee8   0x08004ee8   0x00000034   Code   RO          507    i._Z4beepv          inverter.o
    0x08004f1c   0x08004f1c   0x000000d0   Code   RO          508    i._Z6MenuOKv        inverter.o
    0x08004fec   0x08004fec   0x00000026   Code   RO          509    i._Z6isLeapi        inverter.o
    0x08005012   0x08005012   0x00000002   PAD
    0x08005014   0x08005014   0x000000ac   Code   RO          510    i._Z7blockedv       inverter.o
    0x080050c0   0x080050c0   0x00000044   Code   RO          511    i._Z8MenuNextv      inverter.o
    0x08005104   0x08005104   0x00000044   Code   RO          512    i._Z8MenuPrevv      inverter.o
    0x08005148   0x08005148   0x00000080   Code   RO          513    i._Z8SetPowera      inverter.o
    0x080051c8   0x080051c8   0x0000003c   Code   RO          514    i._Z8deviceONv      inverter.o
    0x08005204   0x08005204   0x00000028   Code   RO          515    i._Z9EnterMenuv     inverter.o
    0x0800522c   0x0800522c   0x00000058   Code   RO          516    i._Z9SaveFlashv     inverter.o
    0x08005284   0x08005284   0x00000048   Code   RO          517    i._Z9deviceOFFv     inverter.o
    0x080052cc   0x080052cc   0x0000003c   Code   RO          193    i._Z9spi0_initv     main.o
    0x08005308   0x08005308   0x00000084   Code   RO          194    i._Z9uart_initv     main.o
    0x0800538c   0x0800538c   0x000000ac   Code   RO          518    i._Z9unblockedv     inverter.o
    0x08005438   0x08005438   0x00000600   Code   RO         1188    i._ZN10PixelsBase11printStringEssPcbPa  pixels.o
    0x08005a38   0x08005a38   0x00000130   Code   RO         1190    i._ZN10PixelsBase12computeColorE3RGBd  pixels.o
    0x08005b68   0x08005b68   0x0000006a   Code   RO         1191    i._ZN10PixelsBase12computeColorE3RGBh  pixels.o
    0x08005bd2   0x08005bd2   0x000000b0   Code   RO         1192    i._ZN10PixelsBase12getTextWidthEPcPa  pixels.o
    0x08005c82   0x08005c82   0x00000032   Code   RO         1194    i._ZN10PixelsBase13fillRectangleEssss  pixels.o
    0x08005cb4   0x08005cb4   0x00000012   Code   RO         1004    i._ZN10PixelsBase13setBackgroundE3RGB  inverter.o
    0x08005cc6   0x08005cc6   0x00000034   Code   RO         1195    i._ZN10PixelsBase14setOrientationEh  pixels.o
    0x08005cfa   0x08005cfa   0x00000002   Code   RO         1474    i._ZN10PixelsBase15deviceWriteDataEhh  pixels.o
    0x08005cfc   0x08005cfc   0x0000001a   Code   RO         1197    i._ZN10PixelsBase15setCurrentPixelE3RGB  pixels.o
    0x08005d16   0x08005d16   0x0000000c   Code   RO         1198    i._ZN10PixelsBase15setCurrentPixelEs  pixels.o
    0x08005d22   0x08005d22   0x0000000a   Code   RO         1199    i._ZN10PixelsBase17getTextLineHeightEv  pixels.o
    0x08005d2c   0x08005d2c   0x0000019c   Code   RO         1201    i._ZN10PixelsBase18fillRoundRectangleEsssss  pixels.o
    0x08005ec8   0x08005ec8   0x000002dc   Code   RO         1203    i._ZN10PixelsBase20drawCompressedBitmapEssPKh  pixels.o
    0x080061a4   0x080061a4   0x0000007c   Code   RO         1204    i._ZN10PixelsBase20sizeCompressedBitmapERsS0_PKh  pixels.o
    0x08006220   0x08006220   0x000004d6   Code   RO         1207    i._ZN10PixelsBase29drawRoundRectangleAntialiasedEssssssb  pixels.o
    0x080066f6   0x080066f6   0x0000016c   Code   RO         1208    i._ZN10PixelsBase4fillEissss  pixels.o
    0x08006862   0x08006862   0x0000003c   Code   RO         1209    i._ZN10PixelsBase5clearEv  pixels.o
    0x0800689e   0x0800689e   0x00000020   Code   RO         1210    i._ZN10PixelsBase5hLineEsss  pixels.o
    0x080068be   0x080068be   0x00000010   Code   RO         1211    i._ZN10PixelsBase5printEssPcPa  pixels.o
    0x080068ce   0x080068ce   0x00000020   Code   RO         1212    i._ZN10PixelsBase5vLineEsss  pixels.o
    0x080068ee   0x080068ee   0x00000028   Code   RO         1213    i._ZN10PixelsBase7setFontEPKh  pixels.o
    0x08006916   0x08006916   0x00000002   PAD
    0x08006918   0x08006918   0x0000026a   Code   RO         1215    i._ZN10PixelsBase8fillOvalEssss  pixels.o
    0x08006b82   0x08006b82   0x0000001c   Code   RO         1216    i._ZN10PixelsBase8getPixelEss  pixels.o
    0x08006b9e   0x08006b9e   0x00000002   PAD
    0x08006ba0   0x08006ba0   0x000000a0   Code   RO         1217    i._ZN10PixelsBase8putColorEssbd  pixels.o
    0x08006c40   0x08006c40   0x00000010   Code   RO         1010    i._ZN10PixelsBase8setColorE3RGB  inverter.o
    0x08006c50   0x08006c50   0x00000020   Code   RO         1456    i._ZN10PixelsBase8setColorEhhh  pixels.o
    0x08006c70   0x08006c70   0x00000010   Code   RO         1218    i._ZN10PixelsBase9cleanTextEssPcPa  pixels.o
    0x08006c80   0x08006c80   0x00000098   Code   RO         1219    i._ZN10PixelsBase9drawPixelEss  pixels.o
    0x08006d18   0x08006d18   0x00000002   Code   RO         1468    i._ZN10PixelsBase9quickFillEissss  pixels.o
    0x08006d1a   0x08006d1a   0x00000002   Code   RO         1462    i._ZN10PixelsBase9setRegionEssss  pixels.o
    0x08006d1c   0x08006d1c   0x00000088   Code   RO         1220    i._ZN10PixelsBaseC1Ett  pixels.o
    0x08006da4   0x08006da4   0x00000018   Code   RO         1034    i._ZN11ClickButton10getPressedEv  inverter.o
    0x08006dbc   0x08006dbc   0x00000018   Code   RO         1040    i._ZN11ClickButton14getLongPressedEv  inverter.o
    0x08006dd4   0x08006dd4   0x000000b0   Code   RO          986    i._ZN11ClickButton6updateEv  inverter.o
    0x08006e84   0x08006e84   0x0000001e   Code   RO          998    i._ZN11ClickButtonC1Ehtb  inverter.o
    0x08006ea2   0x08006ea2   0x00000016   Code   RO         1221    i._ZN3RGB12convertTo565Ev  pixels.o
    0x08006eb8   0x08006eb8   0x00000008   Code   RO         1224    i._ZN3RGBC1Ehhh     pixels.o
    0x08006ec0   0x08006ec0   0x00000018   Code   RO         1016    i._ZN5PPI168writeCmdEh  inverter.o
    0x08006ed8   0x08006ed8   0x00000018   Code   RO         1046    i._ZN5PPI169writeDataEh  inverter.o
    0x08006ef0   0x08006ef0   0x00000028   Code   RO         1052    i._ZN5PPI169writeDataEhh  inverter.o
    0x08006f18   0x08006f18   0x00000012   Code   RO         1022    i._ZN6Pixels10displayOffEv  inverter.o
    0x08006f2a   0x08006f2a   0x00000004   Code   RO         1058    i._ZN6Pixels15deviceWriteDataEhh  inverter.o
    0x08006f2e   0x08006f2e   0x00000002   PAD
    0x08006f30   0x08006f30   0x00000210   Code   RO          521    i._ZN6Pixels4initEv  inverter.o
    0x08007140   0x08007140   0x00000012   Code   RO         1028    i._ZN6Pixels9displayOnEv  inverter.o
    0x08007152   0x08007152   0x00000002   PAD
    0x08007154   0x08007154   0x00000148   Code   RO          522    i._ZN6Pixels9quickFillEissss  inverter.o
    0x0800729c   0x0800729c   0x000000e6   Code   RO          524    i._ZN6Pixels9setRegionEssss  inverter.o
    0x08007382   0x08007382   0x00000010   Code   RO         1603    i._ZN6Stream3putEh  wifi.o
    0x08007392   0x08007392   0x00000010   Code   RO         1609    i._ZN6Stream5clearEv  wifi.o
    0x080073a2   0x080073a2   0x00000014   Code   RO         1620    i._ZN6Stream5flushEv  wifi.o
    0x080073b6   0x080073b6   0x00000030   Code   RO         1450    i._ZN9BitStream10readNumberEv  pixels.o
    0x080073e6   0x080073e6   0x0000001e   Code   RO         1504    i._ZN9BitStream7readBitEv  pixels.o
    0x08007404   0x08007404   0x00000058   Code   RO         1444    i._ZN9BitStream8readBitsEh  pixels.o
    0x0800745c   0x0800745c   0x00000006   Code   RO         1486    i._ZSt3absf         pixels.o
    0x08007462   0x08007462   0x00000008   Code   RO         5435    i._ZdaPv            cpprt_w.l(array_del.o)
    0x0800746a   0x0800746a   0x00000008   Code   RO         5678    i._ZdlPv            cpprt_w.l(delete.o)
    0x08007472   0x08007472   0x00000008   Code   RO         5438    i._Znaj             cpprt_w.l(array_new.o)
    0x0800747a   0x0800747a   0x00000002   PAD
    0x0800747c   0x0800747c   0x00000028   Code   RO         5681    i._Znwj             cpprt_w.l(new.o)
    0x080074a4   0x080074a4   0x0000016c   Code   RO         5584    i.__hardfp_logf     m_wm.l(logf.o)
    0x08007610   0x08007610   0x00000010   Code   RO         5610    i.__hardfp_rintf    m_wm.l(rintf.o)
    0x08007620   0x08007620   0x0000007a   Code   RO         5598    i.__hardfp_sqrt     m_wm.l(sqrt.o)
    0x0800769a   0x0800769a   0x00000002   PAD
    0x0800769c   0x0800769c   0x00000014   Code   RO         5729    i.__mathlib_flt_divzero  m_wm.l(funder.o)
    0x080076b0   0x080076b0   0x00000006   Code   RO         5730    i.__mathlib_flt_infnan  m_wm.l(funder.o)
    0x080076b6   0x080076b6   0x00000002   PAD
    0x080076b8   0x080076b8   0x00000010   Code   RO         5732    i.__mathlib_flt_invalid  m_wm.l(funder.o)
    0x080076c8   0x080076c8   0x000000f8   Code   RO          525    i.__sti___10_inverter_c_ffec7761  inverter.o
    0x080077c0   0x080077c0   0x0000001c   Code   RO         1550    i.__sti___6_wifi_c_rxcount  wifi.o
    0x080077dc   0x080077dc   0x0000000e   Code   RO         5399    i._is_digit         c_w.l(__printf_wp.o)
    0x080077ea   0x080077ea   0x00000002   PAD
    0x080077ec   0x080077ec   0x00000024   Code   RO         1702    i.adc_calibration_enable  gd32f3x0_adc.o
    0x08007810   0x08007810   0x0000003c   Code   RO         1703    i.adc_channel_length_config  gd32f3x0_adc.o
    0x0800784c   0x0800784c   0x0000001c   Code   RO         1704    i.adc_data_alignment_config  gd32f3x0_adc.o
    0x08007868   0x08007868   0x00000018   Code   RO         1710    i.adc_enable        gd32f3x0_adc.o
    0x08007880   0x08007880   0x0000003c   Code   RO         1711    i.adc_external_trigger_config  gd32f3x0_adc.o
    0x080078bc   0x080078bc   0x00000028   Code   RO         1712    i.adc_external_trigger_source_config  gd32f3x0_adc.o
    0x080078e4   0x080078e4   0x00000010   Code   RO         1713    i.adc_flag_clear    gd32f3x0_adc.o
    0x080078f4   0x080078f4   0x00000014   Code   RO         1714    i.adc_flag_get      gd32f3x0_adc.o
    0x08007908   0x08007908   0x00000078   Code   RO         1725    i.adc_regular_channel_config  gd32f3x0_adc.o
    0x08007980   0x08007980   0x0000000c   Code   RO         1726    i.adc_regular_data_read  gd32f3x0_adc.o
    0x0800798c   0x0800798c   0x00000018   Code   RO         1727    i.adc_resolution_config  gd32f3x0_adc.o
    0x080079a4   0x080079a4   0x00000020   Code   RO         1728    i.adc_software_trigger_enable  gd32f3x0_adc.o
    0x080079c4   0x080079c4   0x0000005c   Code   RO         1729    i.adc_special_function_config  gd32f3x0_adc.o
    0x08007a20   0x08007a20   0x00000012   Code   RO          527    i.bcdToDec          inverter.o
    0x08007a32   0x08007a32   0x00000016   Code   RO         1551    i.chksum8           wifi.o
    0x08007a48   0x08007a48   0x00000016   Code   RO          528    i.decToBcd          inverter.o
    0x08007a5e   0x08007a5e   0x00000002   PAD
    0x08007a60   0x08007a60   0x00000010   Code   RO          392    i.delay_1ms         systick.o
    0x08007a70   0x08007a70   0x00000014   Code   RO          394    i.delay_decrement   systick.o
    0x08007a84   0x08007a84   0x00000130   Code   RO          529    i.drawRoundRect     inverter.o
    0x08007bb4   0x08007bb4   0x00000068   Code   RO         2550    i.exti_init         gd32f3x0_exti.o
    0x08007c1c   0x08007c1c   0x0000000c   Code   RO         2634    i.fmc_flag_clear    gd32f3x0_fmc.o
    0x08007c28   0x08007c28   0x00000010   Code   RO         2641    i.fmc_lock          gd32f3x0_fmc.o
    0x08007c38   0x08007c38   0x0000003c   Code   RO         2643    i.fmc_page_erase    gd32f3x0_fmc.o
    0x08007c74   0x08007c74   0x00000016   Code   RO         2644    i.fmc_ready_wait    gd32f3x0_fmc.o
    0x08007c8a   0x08007c8a   0x00000002   PAD
    0x08007c8c   0x08007c8c   0x00000028   Code   RO         2645    i.fmc_state_get     gd32f3x0_fmc.o
    0x08007cb4   0x08007cb4   0x00000020   Code   RO         2646    i.fmc_unlock        gd32f3x0_fmc.o
    0x08007cd4   0x08007cd4   0x00000034   Code   RO         2649    i.fmc_word_program  gd32f3x0_fmc.o
    0x08007d08   0x08007d08   0x00000048   Code   RO          530    i.getCalendarMode   inverter.o
    0x08007d50   0x08007d50   0x0000002c   Code   RO          531    i.getModeTemperature  inverter.o
    0x08007d7c   0x08007d7c   0x0000011c   Code   RO          532    i.getTemperature    inverter.o
    0x08007e98   0x08007e98   0x00000064   Code   RO         2896    i.gpio_af_set       gd32f3x0_gpio.o
    0x08007efc   0x08007efc   0x0000000a   Code   RO         2902    i.gpio_input_bit_get  gd32f3x0_gpio.o
    0x08007f06   0x08007f06   0x00000044   Code   RO         2904    i.gpio_mode_set     gd32f3x0_gpio.o
    0x08007f4a   0x08007f4a   0x0000000a   Code   RO         2905    i.gpio_output_bit_get  gd32f3x0_gpio.o
    0x08007f54   0x08007f54   0x00000070   Code   RO         2906    i.gpio_output_options_set  gd32f3x0_gpio.o
    0x08007fc4   0x08007fc4   0x00000014   Code   RO         3003    i.i2c_ack_config    gd32f3x0_i2c.o
    0x08007fd8   0x08007fd8   0x00000014   Code   RO         3004    i.i2c_ackpos_config  gd32f3x0_i2c.o
    0x08007fec   0x08007fec   0x000000fc   Code   RO         3005    i.i2c_clock_config  gd32f3x0_i2c.o
    0x080080e8   0x080080e8   0x00000006   Code   RO         3006    i.i2c_data_receive  gd32f3x0_i2c.o
    0x080080ee   0x080080ee   0x0000000a   Code   RO         3009    i.i2c_disable       gd32f3x0_i2c.o
    0x080080f8   0x080080f8   0x0000000a   Code   RO         3014    i.i2c_enable        gd32f3x0_i2c.o
    0x08008102   0x08008102   0x00000022   Code   RO         3015    i.i2c_flag_clear    gd32f3x0_i2c.o
    0x08008124   0x08008124   0x00000016   Code   RO         3016    i.i2c_flag_get      gd32f3x0_i2c.o
    0x0800813a   0x0800813a   0x00000012   Code   RO         3021    i.i2c_master_addressing  gd32f3x0_i2c.o
    0x0800814c   0x0800814c   0x00000016   Code   RO         3022    i.i2c_mode_addr_config  gd32f3x0_i2c.o
    0x08008162   0x08008162   0x0000000c   Code   RO         3030    i.i2c_software_reset_config  gd32f3x0_i2c.o
    0x0800816e   0x0800816e   0x0000000a   Code   RO         3031    i.i2c_start_on_bus  gd32f3x0_i2c.o
    0x08008178   0x08008178   0x0000000a   Code   RO         3032    i.i2c_stop_on_bus   gd32f3x0_i2c.o
    0x08008182   0x08008182   0x0000004e   Code   RO          533    i.isValidDate       inverter.o
    0x080081d0   0x080081d0   0x00000970   Code   RO          534    i.loop              inverter.o
    0x08008b40   0x08008b40   0x00000060   Code   RO          195    i.main              main.o
    0x08008ba0   0x08008ba0   0x00000088   Code   RO         3207    i.nvic_irq_enable   gd32f3x0_misc.o
    0x08008c28   0x08008c28   0x00000014   Code   RO         3208    i.nvic_priority_group_set  gd32f3x0_misc.o
    0x08008c3c   0x08008c3c   0x00000014   Code   RO         3209    i.nvic_vector_table_set  gd32f3x0_misc.o
    0x08008c50   0x08008c50   0x000000b0   Code   RO          535    i.open_window_func  inverter.o
    0x08008d00   0x08008d00   0x00000010   Code   RO         3263    i.pmu_backup_write_enable  gd32f3x0_pmu.o
    0x08008d10   0x08008d10   0x00000410   Code   RO         1552    i.query_settings    wifi.o
    0x08009120   0x08009120   0x00000090   Code   RO         3397    i.rcu_adc_clock_config  gd32f3x0_rcu.o
    0x080091b0   0x080091b0   0x000001bc   Code   RO         3407    i.rcu_clock_freq_get  gd32f3x0_rcu.o
    0x0800936c   0x0800936c   0x00000020   Code   RO         3410    i.rcu_flag_get      gd32f3x0_rcu.o
    0x0800938c   0x0800938c   0x0000001c   Code   RO         3424    i.rcu_osci_on       gd32f3x0_rcu.o
    0x080093a8   0x080093a8   0x000000ec   Code   RO         3425    i.rcu_osci_stab_wait  gd32f3x0_rcu.o
    0x08009494   0x08009494   0x0000001c   Code   RO         3427    i.rcu_periph_clock_enable  gd32f3x0_rcu.o
    0x080094b0   0x080094b0   0x0000001c   Code   RO         3430    i.rcu_periph_reset_disable  gd32f3x0_rcu.o
    0x080094cc   0x080094cc   0x0000001c   Code   RO         3431    i.rcu_periph_reset_enable  gd32f3x0_rcu.o
    0x080094e8   0x080094e8   0x00000018   Code   RO         3434    i.rcu_rtc_clock_config  gd32f3x0_rcu.o
    0x08009500   0x08009500   0x00000ad8   Code   RO         1553    i.receive_uart_int  wifi.o
    0x08009fd8   0x08009fd8   0x000000c0   Code   RO         1554    i.reset_wifi_state  wifi.o
    0x0800a098   0x0800a098   0x00000030   Code   RO          536    i.rtc_alarm_callback  inverter.o
    0x0800a0c8   0x0800a0c8   0x00000050   Code   RO         3672    i.rtc_alarm_config  gd32f3x0_rtc.o
    0x0800a118   0x0800a118   0x00000044   Code   RO         3673    i.rtc_alarm_disable  gd32f3x0_rtc.o
    0x0800a15c   0x0800a15c   0x00000020   Code   RO         3674    i.rtc_alarm_enable  gd32f3x0_rtc.o
    0x0800a17c   0x0800a17c   0x0000005c   Code   RO         3682    i.rtc_current_time_get  gd32f3x0_rtc.o
    0x0800a1d8   0x0800a1d8   0x0000006c   Code   RO         3683    i.rtc_deinit        gd32f3x0_rtc.o
    0x0800a244   0x0800a244   0x00000010   Code   RO         3684    i.rtc_flag_clear    gd32f3x0_rtc.o
    0x0800a254   0x0800a254   0x00000014   Code   RO         3685    i.rtc_flag_get      gd32f3x0_rtc.o
    0x0800a268   0x0800a268   0x0000009c   Code   RO         3687    i.rtc_init          gd32f3x0_rtc.o
    0x0800a304   0x0800a304   0x00000034   Code   RO         3688    i.rtc_init_mode_enter  gd32f3x0_rtc.o
    0x0800a338   0x0800a338   0x00000010   Code   RO         3689    i.rtc_init_mode_exit  gd32f3x0_rtc.o
    0x0800a348   0x0800a348   0x00000050   Code   RO         3694    i.rtc_register_sync_wait  gd32f3x0_rtc.o
    0x0800a398   0x0800a398   0x00000068   Code   RO          538    i.smooth_backlight  inverter.o
    0x0800a400   0x0800a400   0x00000014   Code   RO         3891    i.spi_dma_enable    gd32f3x0_spi.o
    0x0800a414   0x0800a414   0x0000000a   Code   RO         3892    i.spi_enable        gd32f3x0_spi.o
    0x0800a41e   0x0800a41e   0x0000002e   Code   RO         3901    i.spi_init          gd32f3x0_spi.o
    0x0800a44c   0x0800a44c   0x00000014   Code   RO          196    i.spi_write_byte    main.o
    0x0800a460   0x0800a460   0x00000064   Code   RO         1656    i.system_clock_84m_irc8m  system_gd32f3x0.o
    0x0800a4c4   0x0800a4c4   0x00000040   Code   RO          395    i.systick_config    systick.o
    0x0800a504   0x0800a504   0x0000000a   Code   RO         4189    i.timer_auto_reload_shadow_enable  gd32f3x0_timer.o
    0x0800a50e   0x0800a50e   0x00000002   PAD
    0x0800a510   0x0800a510   0x000001ec   Code   RO         4206    i.timer_channel_output_config  gd32f3x0_timer.o
    0x0800a6fc   0x0800a6fc   0x0000004e   Code   RO         4208    i.timer_channel_output_mode_config  gd32f3x0_timer.o
    0x0800a74a   0x0800a74a   0x0000001e   Code   RO         4210    i.timer_channel_output_pulse_value_config  gd32f3x0_timer.o
    0x0800a768   0x0800a768   0x0000004e   Code   RO         4211    i.timer_channel_output_shadow_config  gd32f3x0_timer.o
    0x0800a7b6   0x0800a7b6   0x00000002   PAD
    0x0800a7b8   0x0800a7b8   0x00000074   Code   RO         4220    i.timer_deinit      gd32f3x0_timer.o
    0x0800a82c   0x0800a82c   0x0000000a   Code   RO         4225    i.timer_enable      gd32f3x0_timer.o
    0x0800a836   0x0800a836   0x00000002   PAD
    0x0800a838   0x0800a838   0x000000a0   Code   RO         4235    i.timer_init        gd32f3x0_timer.o
    0x0800a8d8   0x0800a8d8   0x00000008   Code   RO         4242    i.timer_interrupt_enable  gd32f3x0_timer.o
    0x0800a8e0   0x0800a8e0   0x00000006   Code   RO         4243    i.timer_interrupt_flag_clear  gd32f3x0_timer.o
    0x0800a8e6   0x0800a8e6   0x00000014   Code   RO         4244    i.timer_interrupt_flag_get  gd32f3x0_timer.o
    0x0800a8fa   0x0800a8fa   0x00000014   Code   RO         4251    i.timer_primary_output_config  gd32f3x0_timer.o
    0x0800a90e   0x0800a90e   0x00000014   Code   RO         4256    i.timer_struct_para_init  gd32f3x0_timer.o
    0x0800a922   0x0800a922   0x00000002   PAD
    0x0800a924   0x0800a924   0x0000005c   Code   RO         4871    i.usart_baudrate_set  gd32f3x0_usart.o
    0x0800a980   0x0800a980   0x00000008   Code   RO         4877    i.usart_data_receive  gd32f3x0_usart.o
    0x0800a988   0x0800a988   0x00000008   Code   RO         4878    i.usart_data_transmit  gd32f3x0_usart.o
    0x0800a990   0x0800a990   0x00000030   Code   RO         4879    i.usart_deinit      gd32f3x0_usart.o
    0x0800a9c0   0x0800a9c0   0x00000010   Code   RO         4882    i.usart_dma_receive_config  gd32f3x0_usart.o
    0x0800a9d0   0x0800a9d0   0x0000000a   Code   RO         4886    i.usart_enable      gd32f3x0_usart.o
    0x0800a9da   0x0800a9da   0x00000016   Code   RO         4888    i.usart_flag_get    gd32f3x0_usart.o
    0x0800a9f0   0x0800a9f0   0x00000014   Code   RO         4895    i.usart_interrupt_enable  gd32f3x0_usart.o
    0x0800aa04   0x0800aa04   0x00000028   Code   RO         4896    i.usart_interrupt_flag_clear  gd32f3x0_usart.o
    0x0800aa2c   0x0800aa2c   0x0000002e   Code   RO         4897    i.usart_interrupt_flag_get  gd32f3x0_usart.o
    0x0800aa5a   0x0800aa5a   0x00000018   Code   RO         4911    i.usart_parity_config  gd32f3x0_usart.o
    0x0800aa72   0x0800aa72   0x00000010   Code   RO         4913    i.usart_receive_config  gd32f3x0_usart.o
    0x0800aa82   0x0800aa82   0x00000018   Code   RO         4932    i.usart_stop_bit_set  gd32f3x0_usart.o
    0x0800aa9a   0x0800aa9a   0x00000010   Code   RO         4934    i.usart_transmit_config  gd32f3x0_usart.o
    0x0800aaaa   0x0800aaaa   0x00000002   PAD
    0x0800aaac   0x0800aaac   0x0000003c   Code   RO         1555    i.usart_transmit_frame  wifi.o
    0x0800aae8   0x0800aae8   0x00000018   Code   RO         4938    i.usart_word_length_set  gd32f3x0_usart.o
    0x0800ab00   0x0800ab00   0x00000118   Code   RO          539    i.xw09A_read_data   inverter.o
    0x0800ac18   0x0800ac18   0x00000062   Code   RO         5548    x$fpl$d2f           fz_wm.l(d2f.o)
    0x0800ac7a   0x0800ac7a   0x00000002   PAD
    0x0800ac7c   0x0800ac7c   0x00000150   Code   RO         5550    x$fpl$dadd          fz_wm.l(daddsub_clz.o)
    0x0800adcc   0x0800adcc   0x00000018   Code   RO         5714    x$fpl$dcmpinf       fz_wm.l(dcmpi.o)
    0x0800ade4   0x0800ade4   0x000002b0   Code   RO         5557    x$fpl$ddiv          fz_wm.l(ddiv.o)
    0x0800b094   0x0800b094   0x00000078   Code   RO         5560    x$fpl$deqf          fz_wm.l(deqf.o)
    0x0800b10c   0x0800b10c   0x0000005e   Code   RO         5562    x$fpl$dfix          fz_wm.l(dfix.o)
    0x0800b16a   0x0800b16a   0x00000002   PAD
    0x0800b16c   0x0800b16c   0x0000005a   Code   RO         5566    x$fpl$dfixu         fz_wm.l(dfixu.o)
    0x0800b1c6   0x0800b1c6   0x0000002e   Code   RO         5571    x$fpl$dflt          fz_wm.l(dflt_clz.o)
    0x0800b1f4   0x0800b1f4   0x00000026   Code   RO         5570    x$fpl$dfltu         fz_wm.l(dflt_clz.o)
    0x0800b21a   0x0800b21a   0x00000002   PAD
    0x0800b21c   0x0800b21c   0x00000078   Code   RO         5576    x$fpl$dleqf         fz_wm.l(dleqf.o)
    0x0800b294   0x0800b294   0x00000154   Code   RO         5578    x$fpl$dmul          fz_wm.l(dmul.o)
    0x0800b3e8   0x0800b3e8   0x0000009c   Code   RO         5716    x$fpl$dnaninf       fz_wm.l(dnaninf.o)
    0x0800b484   0x0800b484   0x0000000c   Code   RO         5718    x$fpl$dretinf       fz_wm.l(dretinf.o)
    0x0800b490   0x0800b490   0x0000006c   Code   RO         5580    x$fpl$drleqf        fz_wm.l(drleqf.o)
    0x0800b4fc   0x0800b4fc   0x00000198   Code   RO         5720    x$fpl$dsqrt         fz_wm.l(dsqrt_umaal.o)
    0x0800b694   0x0800b694   0x000001d4   Code   RO         5552    x$fpl$dsub          fz_wm.l(daddsub_clz.o)
    0x0800b868   0x0800b868   0x00000056   Code   RO         5582    x$fpl$f2d           fz_wm.l(f2d.o)
    0x0800b8be   0x0800b8be   0x0000008c   Code   RO         5722    x$fpl$fnaninf       fz_wm.l(fnaninf.o)
    0x0800b94a   0x0800b94a   0x0000000a   Code   RO         5866    x$fpl$fpinit        fz_wm.l(fpinit.o)
    0x0800b954   0x0800b954   0x0000000a   Code   RO         5724    x$fpl$fretinf       fz_wm.l(fretinf.o)
    0x0800b95e   0x0800b95e   0x00000002   PAD
    0x0800b960   0x0800b960   0x00000060   Code   RO         5726    x$fpl$frnd          fz_wm.l(frnd.o)
    0x0800b9c0   0x0800b9c0   0x00000000   Code   RO         5728    x$fpl$usenofp       fz_wm.l(usenofp.o)
    0x0800b9c0   0x0800b9c0   0x000120de   Data   RO          613    .constdata          inverter.o
    0x0801da9e   0x0801da9e   0x00000002   PAD
    0x0801daa0   0x0801daa0   0x00000400   Data   RO         1160    .constdata          crc32.o
    0x0801dea0   0x0801dea0   0x00000011   Data   RO         5402    .constdata          c_w.l(__printf_flags_wp.o)
    0x0801deb1   0x0801deb1   0x00000003   PAD
    0x0801deb4   0x0801deb4   0x00000040   Data   RO         5587    .constdata          m_wm.l(logf.o)
    0x0801def4   0x0801def4   0x0000000c   Data   RO         5630    .constdata          c_w.l(_monlen.o)
    0x0801df00   0x0801df00   0x00000034   Data   RO         1443    .constdata__ZTV10PixelsBase  pixels.o
    0x0801df34   0x0801df34   0x00000034   Data   RO          985    .constdata__ZTV6Pixels  inverter.o
    0x0801df68   0x0801df68   0x0000000c   Data   RO         1617    .constdata__ZTV6Stream  wifi.o
    0x0801df74   0x0801df74   0x0000003b   Data   RO          614    .conststring        inverter.o
    0x0801dfaf   0x0801dfaf   0x00000001   PAD
    0x0801dfb0   0x0801dfb0   0x00000020   Data   RO         6026    Region$$Table       anon$$obj.o
    0x0801dfd0   0x0801dfd0   0x00000004   Data   RO          628    .init_array         inverter.o
    0x0801dfd4   0x0801dfd0   0x00000004   Data   RO         1567    .init_array         wifi.o
    0x0801dfd8   0x0801dfd0   0x00000000   Data   RO         5430    .init_array         c_w.l(init_aeabi.o)


    Execution Region RW_IRAM1 (Exec base: 0x20000000, Load base: 0x0801dfd8, Size: 0x000021d8, Max: 0x00004000, ABSOLUTE, COMPRESSED[0x00000148])

    Exec Addr    Load Addr    Size         Type   Attr      Idx    E Section Name        Object

    0x20000000   COMPRESSED   0x00000008   Data   RW          396    .data               systick.o
    0x20000008   COMPRESSED   0x000002d4   Data   RW          615    .data               inverter.o
    0x200002dc   COMPRESSED   0x00000060   Data   RW          616    .data               inverter.o
    0x2000033c   COMPRESSED   0x00000040   Data   RW          617    .data               inverter.o
    0x2000037c   COMPRESSED   0x00000040   Data   RW          618    .data               inverter.o
    0x200003bc   COMPRESSED   0x00000040   Data   RW          619    .data               inverter.o
    0x200003fc   COMPRESSED   0x00000040   Data   RW          620    .data               inverter.o
    0x2000043c   COMPRESSED   0x00000060   Data   RW          621    .data               inverter.o
    0x2000049c   COMPRESSED   0x0000002e   Data   RW         1563    .data               wifi.o
    0x200004ca   COMPRESSED   0x00000002   PAD
    0x200004cc   COMPRESSED   0x00000004   Data   RW         1657    .data               system_gd32f3x0.o
    0x200004d0        -       0x000001a4   Zero   RW          612    .bss                inverter.o
    0x20000674        -       0x000000d8   Zero   RW         1562    .bss                wifi.o
    0x2000074c        -       0x0000002c   Zero   RW         5421    .bss                c_w.l(localtime.o)
    0x20000778        -       0x00000060   Zero   RW         5869    .bss                c_w.l(libspace.o)
    0x200007d8        -       0x00001600   Zero   RW         1694    HEAP                startup_gd32f3x0.o
    0x20001dd8        -       0x00000400   Zero   RW         1693    STACK               startup_gd32f3x0.o


==============================================================================

Image component sizes


      Code (inc. data)   RO Data    RW Data    ZI Data      Debug   Object Name

        36          4       1024          0          0       2794   crc32.o
       564         68          0          0          0       9270   gd32f3x0_adc.o
       104          6          0          0          0       5948   gd32f3x0_exti.o
       234         40          0          0          0       8739   gd32f3x0_fmc.o
       300          0          0          0          0       4171   gd32f3x0_gpio.o
       446         12          0          0          0      14862   gd32f3x0_i2c.o
       198         30          0          0          0      10968   gd32f3x0_it.o
       176         22          0          0          0       2880   gd32f3x0_misc.o
        16          4          0          0          0        614   gd32f3x0_pmu.o
       992        106          0          0          0      24740   gd32f3x0_rcu.o
       720         56          0          0          0      20673   gd32f3x0_rtc.o
        76          0          0          0          0       6845   gd32f3x0_spi.o
      1048         50          0          0          0      26643   gd32f3x0_timer.o
       414         18          0          0          0      19953   gd32f3x0_usart.o
     21642       1928      74065       1172        420     114163   inverter.o
      1324         36          0          0          0      51374   main.o
      6672         72         52          0          0      49427   pixels.o
        64         26        336          0       6656        928   startup_gd32f3x0.o
       428         54          0          4          0       2439   system_gd32f3x0.o
       160         24          0          8          0      32567   systick.o
      4170         80         16         46        216      15180   wifi.o

    ----------------------------------------------------------------------
     39822       2636      75528       1232       7292     425178   Object Totals
         0          0         32          0          0          0   (incl. Generated)
        38          0          3          2          0          0   (incl. Padding)

    ----------------------------------------------------------------------

      Code (inc. data)   RO Data    RW Data    ZI Data      Debug   Library Member Name

        90          0          0          0          0          0   __dczerorl2.o
         8          0          0          0          0         68   __main.o
       312          4         17          0          0         92   __printf_flags_wp.o
        14          0          0          0          0         68   __printf_wp.o
         0          0          0          0          0          0   __rtentry.o
        12          0          0          0          0          0   __rtentry2.o
         6          0          0          0          0          0   __rtentry4.o
        52          8          0          0          0          0   __scatter.o
        28          0          0          0          0          0   __scatter_zi.o
         0          0         12          0          0          0   _monlen.o
        44          0          0          0          0        108   _printf_char.o
        48          6          0          0          0         96   _printf_char_common.o
         6          0          0          0          0          0   _printf_d.o
       120         16          0          0          0         92   _printf_dec.o
       178          0          0          0          0         88   _printf_intcommon.o
        78          0          0          0          0        108   _printf_pad.o
         0          0          0          0          0          0   _printf_percent.o
         4          0          0          0          0          0   _printf_percent_end.o
         6          0          0          0          0          0   _printf_s.o
        82          0          0          0          0         80   _printf_str.o
        22          0          0          0          0        100   _rserrno.o
        10          0          0          0          0         68   _sputc.o
        22          0          0          0          0         80   abort.o
        16          0          0          0          0         68   aeabi_memset.o
        48         34          0          0          0         76   defsig_abrt_inner.o
        14          0          0          0          0         80   defsig_abrt_outer.o
        10          0          0          0          0         68   defsig_exit.o
        50          0          0          0          0         88   defsig_general.o
        80         58          0          0          0         76   defsig_rtmem_inner.o
        14          0          0          0          0         80   defsig_rtmem_outer.o
        18          0          0          0          0         80   exit.o
        94          0          0          0          0         80   h1_alloc.o
        52          0          0          0          0         68   h1_extend.o
        78          0          0          0          0         80   h1_free.o
        14          0          0          0          0         84   h1_init.o
         6          0          0          0          0        152   heapauxi.o
         4          0          0          0          0        136   hguard.o
         0          0          0          0          0          0   indicate_semi.o
        36         10          0          0          0         80   init_aeabi.o
       138          0          0          0          0        168   init_alloc.o
         2          0          0          0          0          0   libinit.o
        18          0          0          0          0          0   libinit2.o
         2          0          0          0          0          0   libshutdown.o
         2          0          0          0          0          0   libshutdown2.o
         8          4          0          0         96         68   libspace.o
        12          6          0          0         44         68   localtime.o
       184          6          0          0          0         80   localtime_internal.o
         0          0          0          0          0          0   maybetermalloc1.o
       428         10          0          0          0        116   mktime.o
        40          6          0          0          0         84   noretval__2sprintf.o
         8          4          0          0          0         68   rt_eh_globals_addr_intlibspace.o
         8          4          0          0          0         68   rt_errno_addr_intlibspace.o
         8          4          0          0          0         68   rt_heap_descriptor_intlibspace.o
        68          0          0          0          0         68   rt_memclr.o
        78          0          0          0          0         80   rt_memclr_w.o
       138          0          0          0          0         68   rt_memcpy_v6.o
       100          0          0          0          0         80   rt_memcpy_w.o
         8          4          0          0          0         68   rt_new_handler_addr_intlibspace.o
         2          0          0          0          0          0   rtexit.o
        10          0          0          0          0          0   rtexit2.o
        62          0          0          0          0         76   strlen.o
        12          4          0          0          0         68   sys_exit.o
        74          0          0          0          0         80   sys_stackheap_outer.o
        14          0          0          0          0         76   sys_wrch.o
         2          0          0          0          0         68   use_no_semi.o
        80         12          0          0          0        104   arm_exceptions_globs.o
        60          0          0          0          0        108   arm_exceptions_mem.o
        26          0          0          0          0         76   arm_exceptions_terminate.o
         4          0          0          0          0         68   arm_newhandler_noexceptions.o
         8          0          0          0          0         76   array_del.o
         8          0          0          0          0         76   array_new.o
         8          0          0          0          0         76   delete.o
        40          6          0          0          0         76   new.o
        98          4          0          0          0        140   d2f.o
       804         16          0          0          0        368   daddsub_clz.o
        24          0          0          0          0        116   dcmpi.o
       688        140          0          0          0        256   ddiv.o
       120          4          0          0          0        140   deqf.o
        94          4          0          0          0        140   dfix.o
        90          4          0          0          0        140   dfixu.o
        84          0          0          0          0        232   dflt_clz.o
       120          4          0          0          0        140   dleqf.o
       340         12          0          0          0        152   dmul.o
       156          4          0          0          0        140   dnaninf.o
        12          0          0          0          0        116   dretinf.o
       108          0          0          0          0        128   drleqf.o
       408         56          0          0          0        168   dsqrt_umaal.o
        86          4          0          0          0        132   f2d.o
       140          4          0          0          0        132   fnaninf.o
        10          0          0          0          0        116   fpinit.o
        10          0          0          0          0        116   fretinf.o
        96          4          0          0          0        124   frnd.o
         0          0          0          0          0          0   usenofp.o
        42         12          0          0          0        348   funder.o
       364         44         64          0          0        140   logf.o
        16          0          0          0          0        124   rintf.o
       122          0          0          0          0        148   sqrt.o

    ----------------------------------------------------------------------
      7394        522         96          0        140       8280   Library Totals
        26          0          3          0          0          0   (incl. Padding)

    ----------------------------------------------------------------------

      Code (inc. data)   RO Data    RW Data    ZI Data      Debug   Library Name

      3102        188         29          0        140       3864   c_w.l
       234         18          0          0          0        660   cpprt_w.l
      3488        260          0          0          0       2996   fz_wm.l
       544         56         64          0          0        760   m_wm.l

    ----------------------------------------------------------------------
      7394        522         96          0        140       8280   Library Totals

    ----------------------------------------------------------------------

==============================================================================


      Code (inc. data)   RO Data    RW Data    ZI Data      Debug   

     47216       3158      75624       1232       7432     404006   Grand Totals
     47216       3158      75624        328       7432     404006   ELF Image Totals (compressed)
     47216       3158      75624        328          0          0   ROM Totals

==============================================================================

    Total RO  Size (Code + RO Data)               122840 ( 119.96kB)
    Total RW  Size (RW Data + ZI Data)              8664 (   8.46kB)
    Total ROM Size (Code + RO Data + RW Data)     123168 ( 120.28kB)

==============================================================================

